========== M3 sequential repmobile_folded_conv2d: configs/m3/E00_wisdm_m2_anchor.yaml ==========
status: valid
experiment_id: E00_wisdm_m2_anchor
model_variant: repmobile_folded_conv2d
data_source: wisdm
train_domain: wisdm
eval_domain: wisdm
transfer_mode: source_only
split_protocols: random_stratified
window_size_samples: 100
window_duration_seconds: 5.0
sample_rate_hz: 20.0
target_sample_rate_hz: 20.0
unit_mode: raw_no_conversion
normalization_mode: train_zscore
diagnostic_only: False
enabled: True
tooling_only: False
2026-05-01 18:52:04.058115: E tensorflow/compiler/xla/stream_executor/cuda/cuda_dnn.cc:9342] Unable to register cuDNN factory: Attempting to register factory for plugin cuDNN when one has already been registered
2026-05-01 18:52:04.058160: E tensorflow/compiler/xla/stream_executor/cuda/cuda_fft.cc:609] Unable to register cuFFT factory: Attempting to register factory for plugin cuFFT when one has already been registered
2026-05-01 18:52:04.058198: E tensorflow/compiler/xla/stream_executor/cuda/cuda_blas.cc:1518] Unable to register cuBLAS factory: Attempting to register factory for plugin cuBLAS when one has already been registered
2026-05-01 18:52:04.116512: I tensorflow/core/platform/cpu_feature_guard.cc:182] This TensorFlow binary is optimized to use available CPU instructions in performance-critical operations.
To enable the following instructions: AVX2 FMA, in other operations, rebuild TensorFlow with the appropriate compiler flags.
2026-05-01 18:53:03.658269: I tensorflow/compiler/xla/stream_executor/cuda/cuda_gpu_executor.cc:894] successful NUMA node read from SysFS had negative value (-1), but there must be at least one NUMA node, so returning NUMA node zero. See more at https://github.com/torvalds/linux/blob/v6.0/Documentation/ABI/testing/sysfs-bus-pci#L344-L355
2026-05-01 18:53:26.698124: I tensorflow/compiler/xla/stream_executor/cuda/cuda_gpu_executor.cc:894] successful NUMA node read from SysFS had negative value (-1), but there must be at least one NUMA node, so returning NUMA node zero. See more at https://github.com/torvalds/linux/blob/v6.0/Documentation/ABI/testing/sysfs-bus-pci#L344-L355
2026-05-01 18:53:26.703349: I tensorflow/compiler/xla/stream_executor/cuda/cuda_gpu_executor.cc:894] successful NUMA node read from SysFS had negative value (-1), but there must be at least one NUMA node, so returning NUMA node zero. See more at https://github.com/torvalds/linux/blob/v6.0/Documentation/ABI/testing/sysfs-bus-pci#L344-L355
2026-05-01 18:53:26.727969: I tensorflow/compiler/xla/stream_executor/cuda/cuda_gpu_executor.cc:894] successful NUMA node read from SysFS had negative value (-1), but there must be at least one NUMA node, so returning NUMA node zero. See more at https://github.com/torvalds/linux/blob/v6.0/Documentation/ABI/testing/sysfs-bus-pci#L344-L355
2026-05-01 18:53:26.732154: I tensorflow/compiler/xla/stream_executor/cuda/cuda_gpu_executor.cc:894] successful NUMA node read from SysFS had negative value (-1), but there must be at least one NUMA node, so returning NUMA node zero. See more at https://github.com/torvalds/linux/blob/v6.0/Documentation/ABI/testing/sysfs-bus-pci#L344-L355
2026-05-01 18:53:26.735249: I tensorflow/compiler/xla/stream_executor/cuda/cuda_gpu_executor.cc:894] successful NUMA node read from SysFS had negative value (-1), but there must be at least one NUMA node, so returning NUMA node zero. See more at https://github.com/torvalds/linux/blob/v6.0/Documentation/ABI/testing/sysfs-bus-pci#L344-L355
2026-05-01 18:53:27.398442: I tensorflow/compiler/xla/stream_executor/cuda/cuda_gpu_executor.cc:894] successful NUMA node read from SysFS had negative value (-1), but there must be at least one NUMA node, so returning NUMA node zero. See more at https://github.com/torvalds/linux/blob/v6.0/Documentation/ABI/testing/sysfs-bus-pci#L344-L355
2026-05-01 18:53:27.400405: I tensorflow/compiler/xla/stream_executor/cuda/cuda_gpu_executor.cc:894] successful NUMA node read from SysFS had negative value (-1), but there must be at least one NUMA node, so returning NUMA node zero. See more at https://github.com/torvalds/linux/blob/v6.0/Documentation/ABI/testing/sysfs-bus-pci#L344-L355
2026-05-01 18:53:27.402311: I tensorflow/compiler/xla/stream_executor/cuda/cuda_gpu_executor.cc:894] successful NUMA node read from SysFS had negative value (-1), but there must be at least one NUMA node, so returning NUMA node zero. See more at https://github.com/torvalds/linux/blob/v6.0/Documentation/ABI/testing/sysfs-bus-pci#L344-L355
2026-05-01 18:53:27.404142: I tensorflow/core/common_runtime/gpu/gpu_device.cc:1886] Created device /job:localhost/replica:0/task:0/device:GPU:0 with 20707 MB memory:  -> device: 0, name: NVIDIA A10G, pci bus id: 0000:00:1e.0, compute capability: 8.6
Epoch 1/50
2026-05-01 18:53:31.717486: E tensorflow/core/grappler/optimizers/meta_optimizer.cc:961] layout failed: INVALID_ARGUMENT: Size of values 0 does not match size of permutation 4 @ fanin shape inrepmobile_folded_conv2d/repblock_0_drop/dropout/SelectV2-2-TransposeNHWCToNCHW-LayoutOptimizer
2026-05-01 18:53:32.062890: I tensorflow/compiler/xla/stream_executor/cuda/cuda_dnn.cc:442] Loaded cuDNN version 8700
2026-05-01 18:53:35.607854: I tensorflow/compiler/xla/service/service.cc:168] XLA service 0x74e994f796d0 initialized for platform CUDA (this does not guarantee that XLA will be used). Devices:
2026-05-01 18:53:35.607882: I tensorflow/compiler/xla/service/service.cc:176]   StreamExecutor device (0): NVIDIA A10G, Compute Capability 8.6
2026-05-01 18:53:35.652957: I ./tensorflow/compiler/jit/device_compiler.h:186] Compiled cluster using XLA!  This line is logged at most once for the lifetime of the process.
174/174 - 6s - loss: 1.0750 - accuracy: 0.6399 - val_loss: 1.7682 - val_accuracy: 0.3986 - lr: 0.0010 - 6s/epoch - 36ms/step
Epoch 2/50
174/174 - 1s - loss: 0.7664 - accuracy: 0.7607 - val_loss: 1.8442 - val_accuracy: 0.4829 - lr: 0.0010 - 744ms/epoch - 4ms/step
Epoch 3/50
174/174 - 1s - loss: 0.6710 - accuracy: 0.7832 - val_loss: 1.0155 - val_accuracy: 0.6966 - lr: 0.0010 - 752ms/epoch - 4ms/step
Epoch 4/50
174/174 - 1s - loss: 0.6192 - accuracy: 0.7914 - val_loss: 0.6120 - val_accuracy: 0.7914 - lr: 0.0010 - 743ms/epoch - 4ms/step
Epoch 5/50
174/174 - 1s - loss: 0.5752 - accuracy: 0.7999 - val_loss: 0.5510 - val_accuracy: 0.7971 - lr: 0.0010 - 745ms/epoch - 4ms/step
Epoch 6/50
174/174 - 1s - loss: 0.5460 - accuracy: 0.8077 - val_loss: 0.5040 - val_accuracy: 0.8086 - lr: 0.0010 - 744ms/epoch - 4ms/step
Epoch 7/50
174/174 - 1s - loss: 0.5148 - accuracy: 0.8148 - val_loss: 0.5026 - val_accuracy: 0.8130 - lr: 0.0010 - 744ms/epoch - 4ms/step
Epoch 8/50
174/174 - 1s - loss: 0.4930 - accuracy: 0.8223 - val_loss: 0.4670 - val_accuracy: 0.8213 - lr: 0.0010 - 738ms/epoch - 4ms/step
Epoch 9/50
174/174 - 1s - loss: 0.4694 - accuracy: 0.8312 - val_loss: 0.4376 - val_accuracy: 0.8371 - lr: 0.0010 - 744ms/epoch - 4ms/step
Epoch 10/50
174/174 - 1s - loss: 0.4524 - accuracy: 0.8346 - val_loss: 0.4203 - val_accuracy: 0.8443 - lr: 0.0010 - 741ms/epoch - 4ms/step
Epoch 11/50
174/174 - 1s - loss: 0.4341 - accuracy: 0.8424 - val_loss: 0.4095 - val_accuracy: 0.8414 - lr: 0.0010 - 745ms/epoch - 4ms/step
Epoch 12/50
174/174 - 1s - loss: 0.4269 - accuracy: 0.8485 - val_loss: 0.3897 - val_accuracy: 0.8523 - lr: 0.0010 - 743ms/epoch - 4ms/step
Epoch 13/50
174/174 - 1s - loss: 0.4096 - accuracy: 0.8549 - val_loss: 0.3819 - val_accuracy: 0.8649 - lr: 0.0010 - 742ms/epoch - 4ms/step
Epoch 14/50
174/174 - 1s - loss: 0.4021 - accuracy: 0.8547 - val_loss: 0.3708 - val_accuracy: 0.8692 - lr: 0.0010 - 741ms/epoch - 4ms/step
Epoch 15/50
174/174 - 1s - loss: 0.3893 - accuracy: 0.8595 - val_loss: 0.3799 - val_accuracy: 0.8559 - lr: 0.0010 - 737ms/epoch - 4ms/step
Epoch 16/50
174/174 - 1s - loss: 0.3849 - accuracy: 0.8632 - val_loss: 0.3517 - val_accuracy: 0.8746 - lr: 0.0010 - 741ms/epoch - 4ms/step
Epoch 17/50
174/174 - 1s - loss: 0.3747 - accuracy: 0.8668 - val_loss: 0.3794 - val_accuracy: 0.8519 - lr: 0.0010 - 736ms/epoch - 4ms/step
Epoch 18/50
174/174 - 1s - loss: 0.3720 - accuracy: 0.8659 - val_loss: 0.3353 - val_accuracy: 0.8876 - lr: 0.0010 - 744ms/epoch - 4ms/step
Epoch 19/50
174/174 - 1s - loss: 0.3705 - accuracy: 0.8702 - val_loss: 0.3294 - val_accuracy: 0.8901 - lr: 0.0010 - 740ms/epoch - 4ms/step
Epoch 20/50
174/174 - 1s - loss: 0.3482 - accuracy: 0.8777 - val_loss: 0.3180 - val_accuracy: 0.8865 - lr: 0.0010 - 740ms/epoch - 4ms/step
Epoch 21/50
174/174 - 1s - loss: 0.3459 - accuracy: 0.8795 - val_loss: 0.3141 - val_accuracy: 0.8883 - lr: 0.0010 - 740ms/epoch - 4ms/step
Epoch 22/50
174/174 - 1s - loss: 0.3402 - accuracy: 0.8777 - val_loss: 0.3052 - val_accuracy: 0.8886 - lr: 0.0010 - 740ms/epoch - 4ms/step
Epoch 23/50
174/174 - 1s - loss: 0.3338 - accuracy: 0.8817 - val_loss: 0.3112 - val_accuracy: 0.8757 - lr: 0.0010 - 737ms/epoch - 4ms/step
Epoch 24/50
174/174 - 1s - loss: 0.3212 - accuracy: 0.8876 - val_loss: 0.3040 - val_accuracy: 0.8908 - lr: 0.0010 - 742ms/epoch - 4ms/step
Epoch 25/50
174/174 - 1s - loss: 0.3217 - accuracy: 0.8874 - val_loss: 0.2967 - val_accuracy: 0.8926 - lr: 0.0010 - 741ms/epoch - 4ms/step
Epoch 26/50
174/174 - 1s - loss: 0.3120 - accuracy: 0.8892 - val_loss: 0.3039 - val_accuracy: 0.8782 - lr: 0.0010 - 740ms/epoch - 4ms/step
Epoch 27/50
174/174 - 1s - loss: 0.3076 - accuracy: 0.8931 - val_loss: 0.2928 - val_accuracy: 0.9052 - lr: 0.0010 - 742ms/epoch - 4ms/step
Epoch 28/50
174/174 - 1s - loss: 0.2990 - accuracy: 0.8955 - val_loss: 0.3176 - val_accuracy: 0.8793 - lr: 0.0010 - 738ms/epoch - 4ms/step
Epoch 29/50
174/174 - 1s - loss: 0.3007 - accuracy: 0.8984 - val_loss: 0.2716 - val_accuracy: 0.9034 - lr: 0.0010 - 743ms/epoch - 4ms/step
Epoch 30/50
174/174 - 1s - loss: 0.2962 - accuracy: 0.8997 - val_loss: 0.2512 - val_accuracy: 0.9139 - lr: 0.0010 - 746ms/epoch - 4ms/step
Epoch 31/50
174/174 - 1s - loss: 0.2903 - accuracy: 0.8997 - val_loss: 0.2675 - val_accuracy: 0.9092 - lr: 0.0010 - 736ms/epoch - 4ms/step
Epoch 32/50
174/174 - 1s - loss: 0.2888 - accuracy: 0.9021 - val_loss: 0.2729 - val_accuracy: 0.8998 - lr: 0.0010 - 736ms/epoch - 4ms/step
Epoch 33/50
174/174 - 1s - loss: 0.2790 - accuracy: 0.9048 - val_loss: 0.2471 - val_accuracy: 0.9153 - lr: 0.0010 - 743ms/epoch - 4ms/step
Epoch 34/50
174/174 - 1s - loss: 0.2716 - accuracy: 0.9072 - val_loss: 0.2425 - val_accuracy: 0.9196 - lr: 0.0010 - 742ms/epoch - 4ms/step
Epoch 35/50
174/174 - 1s - loss: 0.2687 - accuracy: 0.9138 - val_loss: 0.2489 - val_accuracy: 0.9160 - lr: 0.0010 - 736ms/epoch - 4ms/step
Epoch 36/50
174/174 - 1s - loss: 0.2670 - accuracy: 0.9106 - val_loss: 0.2889 - val_accuracy: 0.8897 - lr: 0.0010 - 735ms/epoch - 4ms/step
Epoch 37/50
174/174 - 1s - loss: 0.2569 - accuracy: 0.9130 - val_loss: 0.2219 - val_accuracy: 0.9218 - lr: 0.0010 - 743ms/epoch - 4ms/step
Epoch 38/50
174/174 - 1s - loss: 0.2513 - accuracy: 0.9145 - val_loss: 0.2272 - val_accuracy: 0.9250 - lr: 0.0010 - 734ms/epoch - 4ms/step
Epoch 39/50
174/174 - 1s - loss: 0.2472 - accuracy: 0.9159 - val_loss: 0.2568 - val_accuracy: 0.9059 - lr: 0.0010 - 734ms/epoch - 4ms/step
Epoch 40/50
174/174 - 1s - loss: 0.2490 - accuracy: 0.9163 - val_loss: 0.2127 - val_accuracy: 0.9283 - lr: 0.0010 - 738ms/epoch - 4ms/step
Epoch 41/50
174/174 - 1s - loss: 0.2436 - accuracy: 0.9174 - val_loss: 0.2348 - val_accuracy: 0.9207 - lr: 0.0010 - 733ms/epoch - 4ms/step
Epoch 42/50
174/174 - 1s - loss: 0.2408 - accuracy: 0.9203 - val_loss: 0.2076 - val_accuracy: 0.9337 - lr: 0.0010 - 741ms/epoch - 4ms/step
Epoch 43/50
174/174 - 1s - loss: 0.2305 - accuracy: 0.9245 - val_loss: 0.2250 - val_accuracy: 0.9279 - lr: 0.0010 - 735ms/epoch - 4ms/step
Epoch 44/50
174/174 - 1s - loss: 0.2324 - accuracy: 0.9218 - val_loss: 0.2009 - val_accuracy: 0.9344 - lr: 0.0010 - 742ms/epoch - 4ms/step
Epoch 45/50
174/174 - 1s - loss: 0.2288 - accuracy: 0.9254 - val_loss: 0.2469 - val_accuracy: 0.9175 - lr: 0.0010 - 741ms/epoch - 4ms/step
Epoch 46/50
174/174 - 1s - loss: 0.2260 - accuracy: 0.9241 - val_loss: 0.1983 - val_accuracy: 0.9319 - lr: 0.0010 - 743ms/epoch - 4ms/step
Epoch 47/50
174/174 - 1s - loss: 0.2223 - accuracy: 0.9271 - val_loss: 0.2090 - val_accuracy: 0.9312 - lr: 0.0010 - 737ms/epoch - 4ms/step
Epoch 48/50
174/174 - 1s - loss: 0.2141 - accuracy: 0.9280 - val_loss: 0.1989 - val_accuracy: 0.9402 - lr: 0.0010 - 738ms/epoch - 4ms/step
Epoch 49/50
174/174 - 1s - loss: 0.2157 - accuracy: 0.9278 - val_loss: 0.1992 - val_accuracy: 0.9326 - lr: 0.0010 - 738ms/epoch - 4ms/step
Epoch 50/50
174/174 - 1s - loss: 0.2190 - accuracy: 0.9277 - val_loss: 0.1956 - val_accuracy: 0.9315 - lr: 0.0010 - 743ms/epoch - 4ms/step
2026-05-01 18:54:15.645135: W tensorflow/compiler/mlir/lite/python/tf_tfl_flatbuffer_helpers.cc:378] Ignored output_format.
2026-05-01 18:54:15.645163: W tensorflow/compiler/mlir/lite/python/tf_tfl_flatbuffer_helpers.cc:381] Ignored drop_control_dependency.
2026-05-01 18:54:15.645462: I tensorflow/cc/saved_model/reader.cc:83] Reading SavedModel from: /tmp/b00090279/tmpv3nns0i9
2026-05-01 18:54:15.648147: I tensorflow/cc/saved_model/reader.cc:51] Reading meta graph with tags { serve }
2026-05-01 18:54:15.648161: I tensorflow/cc/saved_model/reader.cc:146] Reading SavedModel debug info (if present) from: /tmp/b00090279/tmpv3nns0i9
2026-05-01 18:54:15.652675: I tensorflow/compiler/mlir/mlir_graph_optimization_pass.cc:382] MLIR V1 optimization pass is not enabled
2026-05-01 18:54:15.654396: I tensorflow/cc/saved_model/loader.cc:233] Restoring SavedModel bundle.
2026-05-01 18:54:15.698164: I tensorflow/cc/saved_model/loader.cc:217] Running initialization op on SavedModel bundle at path: /tmp/b00090279/tmpv3nns0i9
2026-05-01 18:54:15.715154: I tensorflow/cc/saved_model/loader.cc:316] SavedModel load for tags { serve }; Status: success: OK. Took 69693 microseconds.
2026-05-01 18:54:15.738227: I tensorflow/compiler/mlir/tensorflow/utils/dump_mlir_util.cc:269] disabling MLIR crash reproducer, set env var `MLIR_CRASH_REPRODUCER_DIRECTORY` to enable.
2026-05-01 18:54:15.797919: I tensorflow/compiler/mlir/lite/flatbuffer_export.cc:2245] Estimated count of arithmetic ops: 4.286 M  ops, equivalently 2.143 M  MACs
/shared/b00090279/tinymlproj/lib/python3.10/site-packages/tensorflow/lite/python/convert.py:947: UserWarning: Statistics for quantized inputs were expected, but not specified; continuing anyway.
  warnings.warn(
2026-05-01 18:54:20.212829: W tensorflow/compiler/mlir/lite/python/tf_tfl_flatbuffer_helpers.cc:378] Ignored output_format.
2026-05-01 18:54:20.212850: W tensorflow/compiler/mlir/lite/python/tf_tfl_flatbuffer_helpers.cc:381] Ignored drop_control_dependency.
2026-05-01 18:54:20.213076: I tensorflow/cc/saved_model/reader.cc:83] Reading SavedModel from: /tmp/b00090279/tmp5lm9vsp8
2026-05-01 18:54:20.216659: I tensorflow/cc/saved_model/reader.cc:51] Reading meta graph with tags { serve }
2026-05-01 18:54:20.216675: I tensorflow/cc/saved_model/reader.cc:146] Reading SavedModel debug info (if present) from: /tmp/b00090279/tmp5lm9vsp8
2026-05-01 18:54:20.222917: I tensorflow/cc/saved_model/loader.cc:233] Restoring SavedModel bundle.
2026-05-01 18:54:20.266660: I tensorflow/cc/saved_model/loader.cc:217] Running initialization op on SavedModel bundle at path: /tmp/b00090279/tmp5lm9vsp8
2026-05-01 18:54:20.283623: I tensorflow/cc/saved_model/loader.cc:316] SavedModel load for tags { serve }; Status: success: OK. Took 70547 microseconds.
2026-05-01 18:54:20.361578: I tensorflow/compiler/mlir/lite/flatbuffer_export.cc:2245] Estimated count of arithmetic ops: 4.286 M  ops, equivalently 2.143 M  MACs
fully_quantize: 0, inference_type: 6, input_inference_type: INT8, output_inference_type: INT8
2026-05-01 18:54:20.492792: I tensorflow/compiler/mlir/lite/flatbuffer_export.cc:2245] Estimated count of arithmetic ops: 4.286 M  ops, equivalently 2.143 M  MACs
Epoch 1/10
174/174 - 5s - loss: 0.2179 - accuracy: 0.9292 - val_loss: 0.1889 - val_accuracy: 0.9341 - 5s/epoch - 30ms/step
Epoch 2/10
174/174 - 2s - loss: 0.2023 - accuracy: 0.9326 - val_loss: 0.1808 - val_accuracy: 0.9441 - 2s/epoch - 13ms/step
Epoch 3/10
174/174 - 2s - loss: 0.1981 - accuracy: 0.9336 - val_loss: 0.1837 - val_accuracy: 0.9387 - 2s/epoch - 13ms/step
Epoch 4/10
174/174 - 2s - loss: 0.1950 - accuracy: 0.9352 - val_loss: 0.1780 - val_accuracy: 0.9348 - 2s/epoch - 13ms/step
Epoch 5/10
174/174 - 2s - loss: 0.1872 - accuracy: 0.9375 - val_loss: 0.1786 - val_accuracy: 0.9359 - 2s/epoch - 13ms/step
Epoch 6/10
174/174 - 2s - loss: 0.1890 - accuracy: 0.9367 - val_loss: 0.1774 - val_accuracy: 0.9373 - 2s/epoch - 13ms/step
Epoch 7/10
174/174 - 2s - loss: 0.1844 - accuracy: 0.9395 - val_loss: 0.1577 - val_accuracy: 0.9449 - 2s/epoch - 13ms/step
Epoch 8/10
174/174 - 2s - loss: 0.1798 - accuracy: 0.9400 - val_loss: 0.1594 - val_accuracy: 0.9441 - 2s/epoch - 13ms/step
Epoch 9/10
174/174 - 2s - loss: 0.1776 - accuracy: 0.9399 - val_loss: 0.1634 - val_accuracy: 0.9373 - 2s/epoch - 13ms/step
Epoch 10/10
174/174 - 2s - loss: 0.1714 - accuracy: 0.9410 - val_loss: 0.1681 - val_accuracy: 0.9409 - 2s/epoch - 13ms/step
/shared/b00090279/tinymlproj/lib/python3.10/site-packages/tensorflow/lite/python/convert.py:947: UserWarning: Statistics for quantized inputs were expected, but not specified; continuing anyway.
  warnings.warn(
2026-05-01 18:54:57.032797: W tensorflow/compiler/mlir/lite/python/tf_tfl_flatbuffer_helpers.cc:378] Ignored output_format.
2026-05-01 18:54:57.032823: W tensorflow/compiler/mlir/lite/python/tf_tfl_flatbuffer_helpers.cc:381] Ignored drop_control_dependency.
2026-05-01 18:54:57.033050: I tensorflow/cc/saved_model/reader.cc:83] Reading SavedModel from: /tmp/b00090279/tmp3xp16qyo
2026-05-01 18:54:57.043230: I tensorflow/cc/saved_model/reader.cc:51] Reading meta graph with tags { serve }
2026-05-01 18:54:57.043246: I tensorflow/cc/saved_model/reader.cc:146] Reading SavedModel debug info (if present) from: /tmp/b00090279/tmp3xp16qyo
2026-05-01 18:54:57.067401: I tensorflow/cc/saved_model/loader.cc:233] Restoring SavedModel bundle.
2026-05-01 18:54:57.215167: I tensorflow/cc/saved_model/loader.cc:217] Running initialization op on SavedModel bundle at path: /tmp/b00090279/tmp3xp16qyo
2026-05-01 18:54:57.263156: I tensorflow/cc/saved_model/loader.cc:316] SavedModel load for tags { serve }; Status: success: OK. Took 230106 microseconds.
fully_quantize: 0, inference_type: 6, input_inference_type: INT8, output_inference_type: INT8
2026-05-01 18:54:57.553688: I tensorflow/compiler/mlir/lite/flatbuffer_export.cc:2245] Estimated count of arithmetic ops: 4.286 M  ops, equivalently 2.143 M  MACs
/shared/b00090279/TinyML-Course/har-mcu/src/eval/paper_comparison.py:193: UserWarning: No artists with labels found to put in legend.  Note that artists whose label start with an underscore are ignored when legend() is called with no argument.
  ax.legend(fontsize=8)
rows: 1
master_csv: /shared/b00090279/TinyML-Course/har-mcu/reports/m3/arch_seq/repmobile_folded_conv2d/e00/results_master.csv
master_md: /shared/b00090279/TinyML-Course/har-mcu/reports/m3/arch_seq/repmobile_folded_conv2d/e00/results_master.md
m3_master_csv: /shared/b00090279/TinyML-Course/har-mcu/reports/m3/arch_seq/repmobile_folded_conv2d/e00/m3_experiment_master.csv
m3_master_md: /shared/b00090279/TinyML-Course/har-mcu/reports/m3/arch_seq/repmobile_folded_conv2d/e00/m3_experiment_master.md
========== M3 sequential repmobile_folded_conv2d: configs/m3/E03_arduino_downsample_20hz_T100.yaml ==========
status: valid
experiment_id: E03_arduino_downsample_20hz_T100
model_variant: repmobile_folded_conv2d
data_source: wisdm_arduino
train_domain: wisdm
eval_domain: arduino
transfer_mode: zero_shot
split_protocols: random_stratified
window_size_samples: 100
window_duration_seconds: 5.0
sample_rate_hz: 20.0
target_sample_rate_hz: 20.0
unit_mode: raw_no_conversion
normalization_mode: train_zscore
diagnostic_only: False
enabled: True
tooling_only: False
2026-05-01 18:55:12.106477: E tensorflow/compiler/xla/stream_executor/cuda/cuda_dnn.cc:9342] Unable to register cuDNN factory: Attempting to register factory for plugin cuDNN when one has already been registered
2026-05-01 18:55:12.106523: E tensorflow/compiler/xla/stream_executor/cuda/cuda_fft.cc:609] Unable to register cuFFT factory: Attempting to register factory for plugin cuFFT when one has already been registered
2026-05-01 18:55:12.106566: E tensorflow/compiler/xla/stream_executor/cuda/cuda_blas.cc:1518] Unable to register cuBLAS factory: Attempting to register factory for plugin cuBLAS when one has already been registered
2026-05-01 18:55:12.114963: I tensorflow/core/platform/cpu_feature_guard.cc:182] This TensorFlow binary is optimized to use available CPU instructions in performance-critical operations.
To enable the following instructions: AVX2 FMA, in other operations, rebuild TensorFlow with the appropriate compiler flags.
2026-05-01 18:55:24.806037: I tensorflow/compiler/xla/stream_executor/cuda/cuda_gpu_executor.cc:894] successful NUMA node read from SysFS had negative value (-1), but there must be at least one NUMA node, so returning NUMA node zero. See more at https://github.com/torvalds/linux/blob/v6.0/Documentation/ABI/testing/sysfs-bus-pci#L344-L355
2026-05-01 18:55:24.889314: I tensorflow/compiler/xla/stream_executor/cuda/cuda_gpu_executor.cc:894] successful NUMA node read from SysFS had negative value (-1), but there must be at least one NUMA node, so returning NUMA node zero. See more at https://github.com/torvalds/linux/blob/v6.0/Documentation/ABI/testing/sysfs-bus-pci#L344-L355
2026-05-01 18:55:24.892826: I tensorflow/compiler/xla/stream_executor/cuda/cuda_gpu_executor.cc:894] successful NUMA node read from SysFS had negative value (-1), but there must be at least one NUMA node, so returning NUMA node zero. See more at https://github.com/torvalds/linux/blob/v6.0/Documentation/ABI/testing/sysfs-bus-pci#L344-L355
2026-05-01 18:55:28.152404: I tensorflow/compiler/xla/stream_executor/cuda/cuda_gpu_executor.cc:894] successful NUMA node read from SysFS had negative value (-1), but there must be at least one NUMA node, so returning NUMA node zero. See more at https://github.com/torvalds/linux/blob/v6.0/Documentation/ABI/testing/sysfs-bus-pci#L344-L355
2026-05-01 18:55:28.157397: I tensorflow/compiler/xla/stream_executor/cuda/cuda_gpu_executor.cc:894] successful NUMA node read from SysFS had negative value (-1), but there must be at least one NUMA node, so returning NUMA node zero. See more at https://github.com/torvalds/linux/blob/v6.0/Documentation/ABI/testing/sysfs-bus-pci#L344-L355
2026-05-01 18:55:28.160394: I tensorflow/compiler/xla/stream_executor/cuda/cuda_gpu_executor.cc:894] successful NUMA node read from SysFS had negative value (-1), but there must be at least one NUMA node, so returning NUMA node zero. See more at https://github.com/torvalds/linux/blob/v6.0/Documentation/ABI/testing/sysfs-bus-pci#L344-L355
2026-05-01 18:55:28.283244: I tensorflow/compiler/xla/stream_executor/cuda/cuda_gpu_executor.cc:894] successful NUMA node read from SysFS had negative value (-1), but there must be at least one NUMA node, so returning NUMA node zero. See more at https://github.com/torvalds/linux/blob/v6.0/Documentation/ABI/testing/sysfs-bus-pci#L344-L355
2026-05-01 18:55:28.285215: I tensorflow/compiler/xla/stream_executor/cuda/cuda_gpu_executor.cc:894] successful NUMA node read from SysFS had negative value (-1), but there must be at least one NUMA node, so returning NUMA node zero. See more at https://github.com/torvalds/linux/blob/v6.0/Documentation/ABI/testing/sysfs-bus-pci#L344-L355
2026-05-01 18:55:28.287133: I tensorflow/compiler/xla/stream_executor/cuda/cuda_gpu_executor.cc:894] successful NUMA node read from SysFS had negative value (-1), but there must be at least one NUMA node, so returning NUMA node zero. See more at https://github.com/torvalds/linux/blob/v6.0/Documentation/ABI/testing/sysfs-bus-pci#L344-L355
2026-05-01 18:55:28.288998: I tensorflow/core/common_runtime/gpu/gpu_device.cc:1886] Created device /job:localhost/replica:0/task:0/device:GPU:0 with 20707 MB memory:  -> device: 0, name: NVIDIA A10G, pci bus id: 0000:00:1e.0, compute capability: 8.6
Epoch 1/50
2026-05-01 18:55:29.738833: E tensorflow/core/grappler/optimizers/meta_optimizer.cc:961] layout failed: INVALID_ARGUMENT: Size of values 0 does not match size of permutation 4 @ fanin shape inrepmobile_folded_conv2d/repblock_0_drop/dropout/SelectV2-2-TransposeNHWCToNCHW-LayoutOptimizer
2026-05-01 18:55:29.908480: I tensorflow/compiler/xla/stream_executor/cuda/cuda_dnn.cc:442] Loaded cuDNN version 8700
2026-05-01 18:55:30.783307: I tensorflow/compiler/xla/service/service.cc:168] XLA service 0x7e6a24f84d90 initialized for platform CUDA (this does not guarantee that XLA will be used). Devices:
2026-05-01 18:55:30.783337: I tensorflow/compiler/xla/service/service.cc:176]   StreamExecutor device (0): NVIDIA A10G, Compute Capability 8.6
2026-05-01 18:55:30.827709: I ./tensorflow/compiler/jit/device_compiler.h:186] Compiled cluster using XLA!  This line is logged at most once for the lifetime of the process.
174/174 - 3s - loss: 1.0751 - accuracy: 0.6399 - val_loss: 1.7682 - val_accuracy: 0.3986 - lr: 0.0010 - 3s/epoch - 19ms/step
Epoch 2/50
174/174 - 1s - loss: 0.7664 - accuracy: 0.7607 - val_loss: 1.8442 - val_accuracy: 0.4825 - lr: 0.0010 - 740ms/epoch - 4ms/step
Epoch 3/50
174/174 - 1s - loss: 0.6710 - accuracy: 0.7832 - val_loss: 1.0155 - val_accuracy: 0.6959 - lr: 0.0010 - 742ms/epoch - 4ms/step
Epoch 4/50
174/174 - 1s - loss: 0.6192 - accuracy: 0.7914 - val_loss: 0.6122 - val_accuracy: 0.7914 - lr: 0.0010 - 740ms/epoch - 4ms/step
Epoch 5/50
174/174 - 1s - loss: 0.5752 - accuracy: 0.7999 - val_loss: 0.5510 - val_accuracy: 0.7971 - lr: 0.0010 - 740ms/epoch - 4ms/step
Epoch 6/50
174/174 - 1s - loss: 0.5461 - accuracy: 0.8077 - val_loss: 0.5041 - val_accuracy: 0.8086 - lr: 0.0010 - 742ms/epoch - 4ms/step
Epoch 7/50
174/174 - 1s - loss: 0.5148 - accuracy: 0.8148 - val_loss: 0.5025 - val_accuracy: 0.8130 - lr: 0.0010 - 739ms/epoch - 4ms/step
Epoch 8/50
174/174 - 1s - loss: 0.4930 - accuracy: 0.8223 - val_loss: 0.4668 - val_accuracy: 0.8213 - lr: 0.0010 - 738ms/epoch - 4ms/step
Epoch 9/50
174/174 - 1s - loss: 0.4695 - accuracy: 0.8311 - val_loss: 0.4375 - val_accuracy: 0.8375 - lr: 0.0010 - 735ms/epoch - 4ms/step
Epoch 10/50
174/174 - 1s - loss: 0.4524 - accuracy: 0.8349 - val_loss: 0.4204 - val_accuracy: 0.8443 - lr: 0.0010 - 757ms/epoch - 4ms/step
Epoch 11/50
174/174 - 1s - loss: 0.4341 - accuracy: 0.8423 - val_loss: 0.4097 - val_accuracy: 0.8411 - lr: 0.0010 - 750ms/epoch - 4ms/step
Epoch 12/50
174/174 - 1s - loss: 0.4270 - accuracy: 0.8485 - val_loss: 0.3896 - val_accuracy: 0.8519 - lr: 0.0010 - 750ms/epoch - 4ms/step
Epoch 13/50
174/174 - 1s - loss: 0.4096 - accuracy: 0.8548 - val_loss: 0.3821 - val_accuracy: 0.8645 - lr: 0.0010 - 749ms/epoch - 4ms/step
Epoch 14/50
174/174 - 1s - loss: 0.4021 - accuracy: 0.8546 - val_loss: 0.3708 - val_accuracy: 0.8692 - lr: 0.0010 - 747ms/epoch - 4ms/step
Epoch 15/50
174/174 - 1s - loss: 0.3893 - accuracy: 0.8595 - val_loss: 0.3796 - val_accuracy: 0.8559 - lr: 0.0010 - 743ms/epoch - 4ms/step
Epoch 16/50
174/174 - 1s - loss: 0.3849 - accuracy: 0.8632 - val_loss: 0.3516 - val_accuracy: 0.8742 - lr: 0.0010 - 746ms/epoch - 4ms/step
Epoch 17/50
174/174 - 1s - loss: 0.3747 - accuracy: 0.8667 - val_loss: 0.3793 - val_accuracy: 0.8519 - lr: 0.0010 - 743ms/epoch - 4ms/step
Epoch 18/50
174/174 - 1s - loss: 0.3721 - accuracy: 0.8658 - val_loss: 0.3354 - val_accuracy: 0.8876 - lr: 0.0010 - 745ms/epoch - 4ms/step
Epoch 19/50
174/174 - 1s - loss: 0.3705 - accuracy: 0.8705 - val_loss: 0.3294 - val_accuracy: 0.8894 - lr: 0.0010 - 745ms/epoch - 4ms/step
Epoch 20/50
174/174 - 1s - loss: 0.3482 - accuracy: 0.8776 - val_loss: 0.3179 - val_accuracy: 0.8865 - lr: 0.0010 - 746ms/epoch - 4ms/step
Epoch 21/50
174/174 - 1s - loss: 0.3459 - accuracy: 0.8796 - val_loss: 0.3142 - val_accuracy: 0.8883 - lr: 0.0010 - 742ms/epoch - 4ms/step
Epoch 22/50
174/174 - 1s - loss: 0.3403 - accuracy: 0.8777 - val_loss: 0.3053 - val_accuracy: 0.8886 - lr: 0.0010 - 743ms/epoch - 4ms/step
Epoch 23/50
174/174 - 1s - loss: 0.3338 - accuracy: 0.8817 - val_loss: 0.3110 - val_accuracy: 0.8757 - lr: 0.0010 - 737ms/epoch - 4ms/step
Epoch 24/50
174/174 - 1s - loss: 0.3213 - accuracy: 0.8875 - val_loss: 0.3041 - val_accuracy: 0.8908 - lr: 0.0010 - 742ms/epoch - 4ms/step
Epoch 25/50
174/174 - 1s - loss: 0.3218 - accuracy: 0.8872 - val_loss: 0.2968 - val_accuracy: 0.8930 - lr: 0.0010 - 735ms/epoch - 4ms/step
Epoch 26/50
174/174 - 1s - loss: 0.3120 - accuracy: 0.8890 - val_loss: 0.3041 - val_accuracy: 0.8789 - lr: 0.0010 - 739ms/epoch - 4ms/step
Epoch 27/50
174/174 - 1s - loss: 0.3076 - accuracy: 0.8930 - val_loss: 0.2927 - val_accuracy: 0.9056 - lr: 0.0010 - 737ms/epoch - 4ms/step
Epoch 28/50
174/174 - 1s - loss: 0.2990 - accuracy: 0.8959 - val_loss: 0.3181 - val_accuracy: 0.8793 - lr: 0.0010 - 732ms/epoch - 4ms/step
Epoch 29/50
174/174 - 1s - loss: 0.3007 - accuracy: 0.8982 - val_loss: 0.2715 - val_accuracy: 0.9038 - lr: 0.0010 - 736ms/epoch - 4ms/step
Epoch 30/50
174/174 - 1s - loss: 0.2963 - accuracy: 0.8995 - val_loss: 0.2511 - val_accuracy: 0.9135 - lr: 0.0010 - 739ms/epoch - 4ms/step
Epoch 31/50
174/174 - 1s - loss: 0.2904 - accuracy: 0.8998 - val_loss: 0.2678 - val_accuracy: 0.9092 - lr: 0.0010 - 733ms/epoch - 4ms/step
Epoch 32/50
174/174 - 1s - loss: 0.2889 - accuracy: 0.9020 - val_loss: 0.2730 - val_accuracy: 0.9002 - lr: 0.0010 - 732ms/epoch - 4ms/step
Epoch 33/50
174/174 - 1s - loss: 0.2791 - accuracy: 0.9044 - val_loss: 0.2470 - val_accuracy: 0.9157 - lr: 0.0010 - 743ms/epoch - 4ms/step
Epoch 34/50
174/174 - 1s - loss: 0.2717 - accuracy: 0.9069 - val_loss: 0.2423 - val_accuracy: 0.9200 - lr: 0.0010 - 738ms/epoch - 4ms/step
Epoch 35/50
174/174 - 1s - loss: 0.2688 - accuracy: 0.9136 - val_loss: 0.2486 - val_accuracy: 0.9153 - lr: 0.0010 - 733ms/epoch - 4ms/step
Epoch 36/50
174/174 - 1s - loss: 0.2670 - accuracy: 0.9106 - val_loss: 0.2894 - val_accuracy: 0.8894 - lr: 0.0010 - 731ms/epoch - 4ms/step
Epoch 37/50
174/174 - 1s - loss: 0.2570 - accuracy: 0.9130 - val_loss: 0.2216 - val_accuracy: 0.9222 - lr: 0.0010 - 735ms/epoch - 4ms/step
Epoch 38/50
174/174 - 1s - loss: 0.2514 - accuracy: 0.9146 - val_loss: 0.2268 - val_accuracy: 0.9254 - lr: 0.0010 - 734ms/epoch - 4ms/step
Epoch 39/50
174/174 - 1s - loss: 0.2472 - accuracy: 0.9156 - val_loss: 0.2573 - val_accuracy: 0.9063 - lr: 0.0010 - 732ms/epoch - 4ms/step
Epoch 40/50
174/174 - 1s - loss: 0.2491 - accuracy: 0.9165 - val_loss: 0.2129 - val_accuracy: 0.9286 - lr: 0.0010 - 735ms/epoch - 4ms/step
Epoch 41/50
174/174 - 1s - loss: 0.2437 - accuracy: 0.9169 - val_loss: 0.2349 - val_accuracy: 0.9207 - lr: 0.0010 - 728ms/epoch - 4ms/step
Epoch 42/50
174/174 - 1s - loss: 0.2409 - accuracy: 0.9197 - val_loss: 0.2080 - val_accuracy: 0.9333 - lr: 0.0010 - 738ms/epoch - 4ms/step
Epoch 43/50
174/174 - 1s - loss: 0.2305 - accuracy: 0.9243 - val_loss: 0.2249 - val_accuracy: 0.9279 - lr: 0.0010 - 731ms/epoch - 4ms/step
Epoch 44/50
174/174 - 1s - loss: 0.2324 - accuracy: 0.9217 - val_loss: 0.2009 - val_accuracy: 0.9344 - lr: 0.0010 - 738ms/epoch - 4ms/step
Epoch 45/50
174/174 - 1s - loss: 0.2288 - accuracy: 0.9251 - val_loss: 0.2476 - val_accuracy: 0.9178 - lr: 0.0010 - 732ms/epoch - 4ms/step
Epoch 46/50
174/174 - 1s - loss: 0.2260 - accuracy: 0.9245 - val_loss: 0.1981 - val_accuracy: 0.9319 - lr: 0.0010 - 736ms/epoch - 4ms/step
Epoch 47/50
174/174 - 1s - loss: 0.2224 - accuracy: 0.9268 - val_loss: 0.2088 - val_accuracy: 0.9308 - lr: 0.0010 - 731ms/epoch - 4ms/step
Epoch 48/50
174/174 - 1s - loss: 0.2141 - accuracy: 0.9280 - val_loss: 0.1983 - val_accuracy: 0.9398 - lr: 0.0010 - 733ms/epoch - 4ms/step
Epoch 49/50
174/174 - 1s - loss: 0.2157 - accuracy: 0.9276 - val_loss: 0.1996 - val_accuracy: 0.9330 - lr: 0.0010 - 733ms/epoch - 4ms/step
Epoch 50/50
174/174 - 1s - loss: 0.2190 - accuracy: 0.9274 - val_loss: 0.1953 - val_accuracy: 0.9319 - lr: 0.0010 - 736ms/epoch - 4ms/step
2026-05-01 18:56:10.758432: W tensorflow/compiler/mlir/lite/python/tf_tfl_flatbuffer_helpers.cc:378] Ignored output_format.
2026-05-01 18:56:10.758461: W tensorflow/compiler/mlir/lite/python/tf_tfl_flatbuffer_helpers.cc:381] Ignored drop_control_dependency.
2026-05-01 18:56:10.758766: I tensorflow/cc/saved_model/reader.cc:83] Reading SavedModel from: /tmp/b00090279/tmp_kj29psr
2026-05-01 18:56:10.762817: I tensorflow/cc/saved_model/reader.cc:51] Reading meta graph with tags { serve }
2026-05-01 18:56:10.762833: I tensorflow/cc/saved_model/reader.cc:146] Reading SavedModel debug info (if present) from: /tmp/b00090279/tmp_kj29psr
2026-05-01 18:56:10.769446: I tensorflow/compiler/mlir/mlir_graph_optimization_pass.cc:382] MLIR V1 optimization pass is not enabled
2026-05-01 18:56:10.771126: I tensorflow/cc/saved_model/loader.cc:233] Restoring SavedModel bundle.
2026-05-01 18:56:10.814802: I tensorflow/cc/saved_model/loader.cc:217] Running initialization op on SavedModel bundle at path: /tmp/b00090279/tmp_kj29psr
2026-05-01 18:56:10.831759: I tensorflow/cc/saved_model/loader.cc:316] SavedModel load for tags { serve }; Status: success: OK. Took 72994 microseconds.
2026-05-01 18:56:10.854844: I tensorflow/compiler/mlir/tensorflow/utils/dump_mlir_util.cc:269] disabling MLIR crash reproducer, set env var `MLIR_CRASH_REPRODUCER_DIRECTORY` to enable.
2026-05-01 18:56:10.916355: I tensorflow/compiler/mlir/lite/flatbuffer_export.cc:2245] Estimated count of arithmetic ops: 4.286 M  ops, equivalently 2.143 M  MACs
/shared/b00090279/tinymlproj/lib/python3.10/site-packages/tensorflow/lite/python/convert.py:947: UserWarning: Statistics for quantized inputs were expected, but not specified; continuing anyway.
  warnings.warn(
2026-05-01 18:56:14.475086: W tensorflow/compiler/mlir/lite/python/tf_tfl_flatbuffer_helpers.cc:378] Ignored output_format.
2026-05-01 18:56:14.475107: W tensorflow/compiler/mlir/lite/python/tf_tfl_flatbuffer_helpers.cc:381] Ignored drop_control_dependency.
2026-05-01 18:56:14.475315: I tensorflow/cc/saved_model/reader.cc:83] Reading SavedModel from: /tmp/b00090279/tmp9l2eria7
2026-05-01 18:56:14.479180: I tensorflow/cc/saved_model/reader.cc:51] Reading meta graph with tags { serve }
2026-05-01 18:56:14.479197: I tensorflow/cc/saved_model/reader.cc:146] Reading SavedModel debug info (if present) from: /tmp/b00090279/tmp9l2eria7
2026-05-01 18:56:14.486588: I tensorflow/cc/saved_model/loader.cc:233] Restoring SavedModel bundle.
2026-05-01 18:56:14.529451: I tensorflow/cc/saved_model/loader.cc:217] Running initialization op on SavedModel bundle at path: /tmp/b00090279/tmp9l2eria7
2026-05-01 18:56:14.546313: I tensorflow/cc/saved_model/loader.cc:316] SavedModel load for tags { serve }; Status: success: OK. Took 70998 microseconds.
2026-05-01 18:56:14.629231: I tensorflow/compiler/mlir/lite/flatbuffer_export.cc:2245] Estimated count of arithmetic ops: 4.286 M  ops, equivalently 2.143 M  MACs
fully_quantize: 0, inference_type: 6, input_inference_type: INT8, output_inference_type: INT8
2026-05-01 18:56:14.740853: I tensorflow/compiler/mlir/lite/flatbuffer_export.cc:2245] Estimated count of arithmetic ops: 4.286 M  ops, equivalently 2.143 M  MACs
Epoch 1/10
174/174 - 5s - loss: 0.2179 - accuracy: 0.9296 - val_loss: 0.1924 - val_accuracy: 0.9333 - 5s/epoch - 31ms/step
Epoch 2/10
174/174 - 2s - loss: 0.2017 - accuracy: 0.9330 - val_loss: 0.1792 - val_accuracy: 0.9431 - 2s/epoch - 13ms/step
Epoch 3/10
174/174 - 2s - loss: 0.1983 - accuracy: 0.9342 - val_loss: 0.1824 - val_accuracy: 0.9355 - 2s/epoch - 13ms/step
Epoch 4/10
174/174 - 2s - loss: 0.1951 - accuracy: 0.9355 - val_loss: 0.1788 - val_accuracy: 0.9359 - 2s/epoch - 13ms/step
Epoch 5/10
174/174 - 2s - loss: 0.1874 - accuracy: 0.9375 - val_loss: 0.1769 - val_accuracy: 0.9380 - 2s/epoch - 13ms/step
Epoch 6/10
174/174 - 2s - loss: 0.1889 - accuracy: 0.9356 - val_loss: 0.1775 - val_accuracy: 0.9391 - 2s/epoch - 13ms/step
Epoch 7/10
174/174 - 2s - loss: 0.1840 - accuracy: 0.9411 - val_loss: 0.1576 - val_accuracy: 0.9449 - 2s/epoch - 13ms/step
Epoch 8/10
174/174 - 2s - loss: 0.1793 - accuracy: 0.9389 - val_loss: 0.1598 - val_accuracy: 0.9441 - 2s/epoch - 13ms/step
Epoch 9/10
174/174 - 2s - loss: 0.1778 - accuracy: 0.9392 - val_loss: 0.1632 - val_accuracy: 0.9402 - 2s/epoch - 13ms/step
Epoch 10/10
174/174 - 2s - loss: 0.1714 - accuracy: 0.9409 - val_loss: 0.1670 - val_accuracy: 0.9409 - 2s/epoch - 13ms/step
/shared/b00090279/tinymlproj/lib/python3.10/site-packages/tensorflow/lite/python/convert.py:947: UserWarning: Statistics for quantized inputs were expected, but not specified; continuing anyway.
  warnings.warn(
2026-05-01 18:56:48.726867: W tensorflow/compiler/mlir/lite/python/tf_tfl_flatbuffer_helpers.cc:378] Ignored output_format.
2026-05-01 18:56:48.726891: W tensorflow/compiler/mlir/lite/python/tf_tfl_flatbuffer_helpers.cc:381] Ignored drop_control_dependency.
2026-05-01 18:56:48.727131: I tensorflow/cc/saved_model/reader.cc:83] Reading SavedModel from: /tmp/b00090279/tmppcg2hgxb
2026-05-01 18:56:48.737269: I tensorflow/cc/saved_model/reader.cc:51] Reading meta graph with tags { serve }
2026-05-01 18:56:48.737286: I tensorflow/cc/saved_model/reader.cc:146] Reading SavedModel debug info (if present) from: /tmp/b00090279/tmppcg2hgxb
2026-05-01 18:56:48.761350: I tensorflow/cc/saved_model/loader.cc:233] Restoring SavedModel bundle.
2026-05-01 18:56:48.908499: I tensorflow/cc/saved_model/loader.cc:217] Running initialization op on SavedModel bundle at path: /tmp/b00090279/tmppcg2hgxb
2026-05-01 18:56:48.955959: I tensorflow/cc/saved_model/loader.cc:316] SavedModel load for tags { serve }; Status: success: OK. Took 228828 microseconds.
fully_quantize: 0, inference_type: 6, input_inference_type: INT8, output_inference_type: INT8
2026-05-01 18:56:49.251245: I tensorflow/compiler/mlir/lite/flatbuffer_export.cc:2245] Estimated count of arithmetic ops: 4.286 M  ops, equivalently 2.143 M  MACs
rows: 1
master_csv: /shared/b00090279/TinyML-Course/har-mcu/reports/m3/arch_seq/repmobile_folded_conv2d/e03/results_master.csv
master_md: /shared/b00090279/TinyML-Course/har-mcu/reports/m3/arch_seq/repmobile_folded_conv2d/e03/results_master.md
m3_master_csv: /shared/b00090279/TinyML-Course/har-mcu/reports/m3/arch_seq/repmobile_folded_conv2d/e03/m3_experiment_master.csv
m3_master_md: /shared/b00090279/TinyML-Course/har-mcu/reports/m3/arch_seq/repmobile_folded_conv2d/e03/m3_experiment_master.md
========== M3 sequential repmobile_folded_conv2d: configs/m3/E04_wisdm_to_g_arduino_g.yaml ==========
status: valid
experiment_id: E04_wisdm_to_g_arduino_g
model_variant: repmobile_folded_conv2d
data_source: wisdm_arduino
train_domain: wisdm
eval_domain: arduino
transfer_mode: zero_shot
split_protocols: random_stratified
window_size_samples: 100
window_duration_seconds: 5.0
sample_rate_hz: 20.0
target_sample_rate_hz: 20.0
unit_mode: wisdm_to_g
normalization_mode: train_zscore
diagnostic_only: False
enabled: True
tooling_only: False
2026-05-01 18:56:53.316875: E tensorflow/compiler/xla/stream_executor/cuda/cuda_dnn.cc:9342] Unable to register cuDNN factory: Attempting to register factory for plugin cuDNN when one has already been registered
2026-05-01 18:56:53.316922: E tensorflow/compiler/xla/stream_executor/cuda/cuda_fft.cc:609] Unable to register cuFFT factory: Attempting to register factory for plugin cuFFT when one has already been registered
2026-05-01 18:56:53.316980: E tensorflow/compiler/xla/stream_executor/cuda/cuda_blas.cc:1518] Unable to register cuBLAS factory: Attempting to register factory for plugin cuBLAS when one has already been registered
2026-05-01 18:56:53.325366: I tensorflow/core/platform/cpu_feature_guard.cc:182] This TensorFlow binary is optimized to use available CPU instructions in performance-critical operations.
To enable the following instructions: AVX2 FMA, in other operations, rebuild TensorFlow with the appropriate compiler flags.
2026-05-01 18:57:05.676793: I tensorflow/compiler/xla/stream_executor/cuda/cuda_gpu_executor.cc:894] successful NUMA node read from SysFS had negative value (-1), but there must be at least one NUMA node, so returning NUMA node zero. See more at https://github.com/torvalds/linux/blob/v6.0/Documentation/ABI/testing/sysfs-bus-pci#L344-L355
2026-05-01 18:57:05.759636: I tensorflow/compiler/xla/stream_executor/cuda/cuda_gpu_executor.cc:894] successful NUMA node read from SysFS had negative value (-1), but there must be at least one NUMA node, so returning NUMA node zero. See more at https://github.com/torvalds/linux/blob/v6.0/Documentation/ABI/testing/sysfs-bus-pci#L344-L355
2026-05-01 18:57:05.763031: I tensorflow/compiler/xla/stream_executor/cuda/cuda_gpu_executor.cc:894] successful NUMA node read from SysFS had negative value (-1), but there must be at least one NUMA node, so returning NUMA node zero. See more at https://github.com/torvalds/linux/blob/v6.0/Documentation/ABI/testing/sysfs-bus-pci#L344-L355
2026-05-01 18:57:08.900882: I tensorflow/compiler/xla/stream_executor/cuda/cuda_gpu_executor.cc:894] successful NUMA node read from SysFS had negative value (-1), but there must be at least one NUMA node, so returning NUMA node zero. See more at https://github.com/torvalds/linux/blob/v6.0/Documentation/ABI/testing/sysfs-bus-pci#L344-L355
2026-05-01 18:57:08.906124: I tensorflow/compiler/xla/stream_executor/cuda/cuda_gpu_executor.cc:894] successful NUMA node read from SysFS had negative value (-1), but there must be at least one NUMA node, so returning NUMA node zero. See more at https://github.com/torvalds/linux/blob/v6.0/Documentation/ABI/testing/sysfs-bus-pci#L344-L355
2026-05-01 18:57:08.909426: I tensorflow/compiler/xla/stream_executor/cuda/cuda_gpu_executor.cc:894] successful NUMA node read from SysFS had negative value (-1), but there must be at least one NUMA node, so returning NUMA node zero. See more at https://github.com/torvalds/linux/blob/v6.0/Documentation/ABI/testing/sysfs-bus-pci#L344-L355
2026-05-01 18:57:09.038538: I tensorflow/compiler/xla/stream_executor/cuda/cuda_gpu_executor.cc:894] successful NUMA node read from SysFS had negative value (-1), but there must be at least one NUMA node, so returning NUMA node zero. See more at https://github.com/torvalds/linux/blob/v6.0/Documentation/ABI/testing/sysfs-bus-pci#L344-L355
2026-05-01 18:57:09.040550: I tensorflow/compiler/xla/stream_executor/cuda/cuda_gpu_executor.cc:894] successful NUMA node read from SysFS had negative value (-1), but there must be at least one NUMA node, so returning NUMA node zero. See more at https://github.com/torvalds/linux/blob/v6.0/Documentation/ABI/testing/sysfs-bus-pci#L344-L355
2026-05-01 18:57:09.042565: I tensorflow/compiler/xla/stream_executor/cuda/cuda_gpu_executor.cc:894] successful NUMA node read from SysFS had negative value (-1), but there must be at least one NUMA node, so returning NUMA node zero. See more at https://github.com/torvalds/linux/blob/v6.0/Documentation/ABI/testing/sysfs-bus-pci#L344-L355
2026-05-01 18:57:09.044447: I tensorflow/core/common_runtime/gpu/gpu_device.cc:1886] Created device /job:localhost/replica:0/task:0/device:GPU:0 with 20665 MB memory:  -> device: 0, name: NVIDIA A10G, pci bus id: 0000:00:1e.0, compute capability: 8.6
Epoch 1/50
2026-05-01 18:57:10.448372: E tensorflow/core/grappler/optimizers/meta_optimizer.cc:961] layout failed: INVALID_ARGUMENT: Size of values 0 does not match size of permutation 4 @ fanin shape inrepmobile_folded_conv2d/repblock_0_drop/dropout/SelectV2-2-TransposeNHWCToNCHW-LayoutOptimizer
2026-05-01 18:57:10.593645: I tensorflow/compiler/xla/stream_executor/cuda/cuda_dnn.cc:442] Loaded cuDNN version 8700
2026-05-01 18:57:11.432091: I tensorflow/compiler/xla/service/service.cc:168] XLA service 0x70d44c260920 initialized for platform CUDA (this does not guarantee that XLA will be used). Devices:
2026-05-01 18:57:11.432119: I tensorflow/compiler/xla/service/service.cc:176]   StreamExecutor device (0): NVIDIA A10G, Compute Capability 8.6
2026-05-01 18:57:11.478253: I ./tensorflow/compiler/jit/device_compiler.h:186] Compiled cluster using XLA!  This line is logged at most once for the lifetime of the process.
174/174 - 3s - loss: 1.0751 - accuracy: 0.6399 - val_loss: 1.7682 - val_accuracy: 0.3986 - lr: 0.0010 - 3s/epoch - 18ms/step
Epoch 2/50
174/174 - 1s - loss: 0.7665 - accuracy: 0.7607 - val_loss: 1.8442 - val_accuracy: 0.4825 - lr: 0.0010 - 733ms/epoch - 4ms/step
Epoch 3/50
174/174 - 1s - loss: 0.6710 - accuracy: 0.7832 - val_loss: 1.0155 - val_accuracy: 0.6962 - lr: 0.0010 - 736ms/epoch - 4ms/step
Epoch 4/50
174/174 - 1s - loss: 0.6192 - accuracy: 0.7914 - val_loss: 0.6121 - val_accuracy: 0.7914 - lr: 0.0010 - 759ms/epoch - 4ms/step
Epoch 5/50
174/174 - 1s - loss: 0.5752 - accuracy: 0.7999 - val_loss: 0.5510 - val_accuracy: 0.7971 - lr: 0.0010 - 772ms/epoch - 4ms/step
Epoch 6/50
174/174 - 1s - loss: 0.5460 - accuracy: 0.8077 - val_loss: 0.5040 - val_accuracy: 0.8086 - lr: 0.0010 - 737ms/epoch - 4ms/step
Epoch 7/50
174/174 - 1s - loss: 0.5148 - accuracy: 0.8147 - val_loss: 0.5026 - val_accuracy: 0.8130 - lr: 0.0010 - 730ms/epoch - 4ms/step
Epoch 8/50
174/174 - 1s - loss: 0.4929 - accuracy: 0.8222 - val_loss: 0.4670 - val_accuracy: 0.8213 - lr: 0.0010 - 732ms/epoch - 4ms/step
Epoch 9/50
174/174 - 1s - loss: 0.4694 - accuracy: 0.8312 - val_loss: 0.4375 - val_accuracy: 0.8371 - lr: 0.0010 - 734ms/epoch - 4ms/step
Epoch 10/50
174/174 - 1s - loss: 0.4523 - accuracy: 0.8348 - val_loss: 0.4205 - val_accuracy: 0.8443 - lr: 0.0010 - 735ms/epoch - 4ms/step
Epoch 11/50
174/174 - 1s - loss: 0.4341 - accuracy: 0.8423 - val_loss: 0.4094 - val_accuracy: 0.8414 - lr: 0.0010 - 734ms/epoch - 4ms/step
Epoch 12/50
174/174 - 1s - loss: 0.4269 - accuracy: 0.8484 - val_loss: 0.3894 - val_accuracy: 0.8530 - lr: 0.0010 - 733ms/epoch - 4ms/step
Epoch 13/50
174/174 - 1s - loss: 0.4096 - accuracy: 0.8549 - val_loss: 0.3824 - val_accuracy: 0.8652 - lr: 0.0010 - 731ms/epoch - 4ms/step
Epoch 14/50
174/174 - 1s - loss: 0.4021 - accuracy: 0.8545 - val_loss: 0.3707 - val_accuracy: 0.8695 - lr: 0.0010 - 732ms/epoch - 4ms/step
Epoch 15/50
174/174 - 1s - loss: 0.3893 - accuracy: 0.8593 - val_loss: 0.3799 - val_accuracy: 0.8559 - lr: 0.0010 - 726ms/epoch - 4ms/step
Epoch 16/50
174/174 - 1s - loss: 0.3849 - accuracy: 0.8632 - val_loss: 0.3515 - val_accuracy: 0.8742 - lr: 0.0010 - 735ms/epoch - 4ms/step
Epoch 17/50
174/174 - 1s - loss: 0.3747 - accuracy: 0.8668 - val_loss: 0.3801 - val_accuracy: 0.8508 - lr: 0.0010 - 728ms/epoch - 4ms/step
Epoch 18/50
174/174 - 1s - loss: 0.3720 - accuracy: 0.8659 - val_loss: 0.3356 - val_accuracy: 0.8872 - lr: 0.0010 - 731ms/epoch - 4ms/step
Epoch 19/50
174/174 - 1s - loss: 0.3705 - accuracy: 0.8705 - val_loss: 0.3297 - val_accuracy: 0.8901 - lr: 0.0010 - 731ms/epoch - 4ms/step
Epoch 20/50
174/174 - 1s - loss: 0.3482 - accuracy: 0.8778 - val_loss: 0.3182 - val_accuracy: 0.8854 - lr: 0.0010 - 738ms/epoch - 4ms/step
Epoch 21/50
174/174 - 1s - loss: 0.3460 - accuracy: 0.8796 - val_loss: 0.3140 - val_accuracy: 0.8879 - lr: 0.0010 - 733ms/epoch - 4ms/step
Epoch 22/50
174/174 - 1s - loss: 0.3403 - accuracy: 0.8777 - val_loss: 0.3055 - val_accuracy: 0.8879 - lr: 0.0010 - 731ms/epoch - 4ms/step
Epoch 23/50
174/174 - 1s - loss: 0.3339 - accuracy: 0.8817 - val_loss: 0.3111 - val_accuracy: 0.8757 - lr: 0.0010 - 727ms/epoch - 4ms/step
Epoch 24/50
174/174 - 1s - loss: 0.3214 - accuracy: 0.8873 - val_loss: 0.3044 - val_accuracy: 0.8908 - lr: 0.0010 - 733ms/epoch - 4ms/step
Epoch 25/50
174/174 - 1s - loss: 0.3219 - accuracy: 0.8873 - val_loss: 0.2969 - val_accuracy: 0.8941 - lr: 0.0010 - 729ms/epoch - 4ms/step
Epoch 26/50
174/174 - 1s - loss: 0.3120 - accuracy: 0.8890 - val_loss: 0.3044 - val_accuracy: 0.8786 - lr: 0.0010 - 728ms/epoch - 4ms/step
Epoch 27/50
174/174 - 1s - loss: 0.3076 - accuracy: 0.8931 - val_loss: 0.2928 - val_accuracy: 0.9056 - lr: 0.0010 - 736ms/epoch - 4ms/step
Epoch 28/50
174/174 - 1s - loss: 0.2990 - accuracy: 0.8956 - val_loss: 0.3180 - val_accuracy: 0.8789 - lr: 0.0010 - 729ms/epoch - 4ms/step
Epoch 29/50
174/174 - 1s - loss: 0.3007 - accuracy: 0.8981 - val_loss: 0.2715 - val_accuracy: 0.9045 - lr: 0.0010 - 732ms/epoch - 4ms/step
Epoch 30/50
174/174 - 1s - loss: 0.2963 - accuracy: 0.8997 - val_loss: 0.2512 - val_accuracy: 0.9135 - lr: 0.0010 - 730ms/epoch - 4ms/step
Epoch 31/50
174/174 - 1s - loss: 0.2904 - accuracy: 0.9000 - val_loss: 0.2679 - val_accuracy: 0.9092 - lr: 0.0010 - 727ms/epoch - 4ms/step
Epoch 32/50
174/174 - 1s - loss: 0.2889 - accuracy: 0.9020 - val_loss: 0.2729 - val_accuracy: 0.8984 - lr: 0.0010 - 728ms/epoch - 4ms/step
Epoch 33/50
174/174 - 1s - loss: 0.2791 - accuracy: 0.9043 - val_loss: 0.2468 - val_accuracy: 0.9157 - lr: 0.0010 - 731ms/epoch - 4ms/step
Epoch 34/50
174/174 - 1s - loss: 0.2716 - accuracy: 0.9069 - val_loss: 0.2425 - val_accuracy: 0.9193 - lr: 0.0010 - 737ms/epoch - 4ms/step
Epoch 35/50
174/174 - 1s - loss: 0.2688 - accuracy: 0.9140 - val_loss: 0.2482 - val_accuracy: 0.9160 - lr: 0.0010 - 727ms/epoch - 4ms/step
Epoch 36/50
174/174 - 1s - loss: 0.2670 - accuracy: 0.9106 - val_loss: 0.2891 - val_accuracy: 0.8897 - lr: 0.0010 - 725ms/epoch - 4ms/step
Epoch 37/50
174/174 - 1s - loss: 0.2569 - accuracy: 0.9133 - val_loss: 0.2217 - val_accuracy: 0.9218 - lr: 0.0010 - 728ms/epoch - 4ms/step
Epoch 38/50
174/174 - 1s - loss: 0.2513 - accuracy: 0.9141 - val_loss: 0.2271 - val_accuracy: 0.9250 - lr: 0.0010 - 726ms/epoch - 4ms/step
Epoch 39/50
174/174 - 1s - loss: 0.2472 - accuracy: 0.9157 - val_loss: 0.2572 - val_accuracy: 0.9063 - lr: 0.0010 - 726ms/epoch - 4ms/step
Epoch 40/50
174/174 - 1s - loss: 0.2490 - accuracy: 0.9164 - val_loss: 0.2126 - val_accuracy: 0.9294 - lr: 0.0010 - 732ms/epoch - 4ms/step
Epoch 41/50
174/174 - 1s - loss: 0.2437 - accuracy: 0.9175 - val_loss: 0.2350 - val_accuracy: 0.9204 - lr: 0.0010 - 726ms/epoch - 4ms/step
Epoch 42/50
174/174 - 1s - loss: 0.2408 - accuracy: 0.9199 - val_loss: 0.2081 - val_accuracy: 0.9341 - lr: 0.0010 - 730ms/epoch - 4ms/step
Epoch 43/50
174/174 - 1s - loss: 0.2304 - accuracy: 0.9242 - val_loss: 0.2251 - val_accuracy: 0.9279 - lr: 0.0010 - 725ms/epoch - 4ms/step
Epoch 44/50
174/174 - 1s - loss: 0.2324 - accuracy: 0.9219 - val_loss: 0.2007 - val_accuracy: 0.9344 - lr: 0.0010 - 730ms/epoch - 4ms/step
Epoch 45/50
174/174 - 1s - loss: 0.2288 - accuracy: 0.9249 - val_loss: 0.2459 - val_accuracy: 0.9171 - lr: 0.0010 - 726ms/epoch - 4ms/step
Epoch 46/50
174/174 - 1s - loss: 0.2259 - accuracy: 0.9248 - val_loss: 0.1976 - val_accuracy: 0.9330 - lr: 0.0010 - 731ms/epoch - 4ms/step
Epoch 47/50
174/174 - 1s - loss: 0.2224 - accuracy: 0.9273 - val_loss: 0.2086 - val_accuracy: 0.9315 - lr: 0.0010 - 727ms/epoch - 4ms/step
Epoch 48/50
174/174 - 1s - loss: 0.2141 - accuracy: 0.9283 - val_loss: 0.1980 - val_accuracy: 0.9402 - lr: 0.0010 - 730ms/epoch - 4ms/step
Epoch 49/50
174/174 - 1s - loss: 0.2156 - accuracy: 0.9277 - val_loss: 0.2001 - val_accuracy: 0.9330 - lr: 0.0010 - 725ms/epoch - 4ms/step
Epoch 50/50
174/174 - 1s - loss: 0.2190 - accuracy: 0.9277 - val_loss: 0.1949 - val_accuracy: 0.9323 - lr: 0.0010 - 729ms/epoch - 4ms/step
2026-05-01 18:57:50.933883: W tensorflow/compiler/mlir/lite/python/tf_tfl_flatbuffer_helpers.cc:378] Ignored output_format.
2026-05-01 18:57:50.933912: W tensorflow/compiler/mlir/lite/python/tf_tfl_flatbuffer_helpers.cc:381] Ignored drop_control_dependency.
2026-05-01 18:57:50.934234: I tensorflow/cc/saved_model/reader.cc:83] Reading SavedModel from: /tmp/b00090279/tmphjell0t_
2026-05-01 18:57:50.938093: I tensorflow/cc/saved_model/reader.cc:51] Reading meta graph with tags { serve }
2026-05-01 18:57:50.938107: I tensorflow/cc/saved_model/reader.cc:146] Reading SavedModel debug info (if present) from: /tmp/b00090279/tmphjell0t_
2026-05-01 18:57:50.942726: I tensorflow/compiler/mlir/mlir_graph_optimization_pass.cc:382] MLIR V1 optimization pass is not enabled
2026-05-01 18:57:50.944397: I tensorflow/cc/saved_model/loader.cc:233] Restoring SavedModel bundle.
2026-05-01 18:57:50.986231: I tensorflow/cc/saved_model/loader.cc:217] Running initialization op on SavedModel bundle at path: /tmp/b00090279/tmphjell0t_
2026-05-01 18:57:51.002956: I tensorflow/cc/saved_model/loader.cc:316] SavedModel load for tags { serve }; Status: success: OK. Took 68723 microseconds.
2026-05-01 18:57:51.028591: I tensorflow/compiler/mlir/tensorflow/utils/dump_mlir_util.cc:269] disabling MLIR crash reproducer, set env var `MLIR_CRASH_REPRODUCER_DIRECTORY` to enable.
2026-05-01 18:57:51.087863: I tensorflow/compiler/mlir/lite/flatbuffer_export.cc:2245] Estimated count of arithmetic ops: 4.286 M  ops, equivalently 2.143 M  MACs
/shared/b00090279/tinymlproj/lib/python3.10/site-packages/tensorflow/lite/python/convert.py:947: UserWarning: Statistics for quantized inputs were expected, but not specified; continuing anyway.
  warnings.warn(
2026-05-01 18:57:54.561141: W tensorflow/compiler/mlir/lite/python/tf_tfl_flatbuffer_helpers.cc:378] Ignored output_format.
2026-05-01 18:57:54.561161: W tensorflow/compiler/mlir/lite/python/tf_tfl_flatbuffer_helpers.cc:381] Ignored drop_control_dependency.
2026-05-01 18:57:54.561360: I tensorflow/cc/saved_model/reader.cc:83] Reading SavedModel from: /tmp/b00090279/tmp9juoe9zd
2026-05-01 18:57:54.565279: I tensorflow/cc/saved_model/reader.cc:51] Reading meta graph with tags { serve }
2026-05-01 18:57:54.565303: I tensorflow/cc/saved_model/reader.cc:146] Reading SavedModel debug info (if present) from: /tmp/b00090279/tmp9juoe9zd
2026-05-01 18:57:54.572232: I tensorflow/cc/saved_model/loader.cc:233] Restoring SavedModel bundle.
2026-05-01 18:57:54.614765: I tensorflow/cc/saved_model/loader.cc:217] Running initialization op on SavedModel bundle at path: /tmp/b00090279/tmp9juoe9zd
2026-05-01 18:57:54.631549: I tensorflow/cc/saved_model/loader.cc:316] SavedModel load for tags { serve }; Status: success: OK. Took 70190 microseconds.
2026-05-01 18:57:54.710845: I tensorflow/compiler/mlir/lite/flatbuffer_export.cc:2245] Estimated count of arithmetic ops: 4.286 M  ops, equivalently 2.143 M  MACs
fully_quantize: 0, inference_type: 6, input_inference_type: INT8, output_inference_type: INT8
2026-05-01 18:57:54.821165: I tensorflow/compiler/mlir/lite/flatbuffer_export.cc:2245] Estimated count of arithmetic ops: 4.286 M  ops, equivalently 2.143 M  MACs
Epoch 1/10
174/174 - 5s - loss: 0.2177 - accuracy: 0.9307 - val_loss: 0.1893 - val_accuracy: 0.9355 - 5s/epoch - 30ms/step
Epoch 2/10
174/174 - 2s - loss: 0.2023 - accuracy: 0.9322 - val_loss: 0.1792 - val_accuracy: 0.9427 - 2s/epoch - 13ms/step
Epoch 3/10
174/174 - 2s - loss: 0.1983 - accuracy: 0.9332 - val_loss: 0.1864 - val_accuracy: 0.9348 - 2s/epoch - 13ms/step
Epoch 4/10
174/174 - 2s - loss: 0.1942 - accuracy: 0.9352 - val_loss: 0.1797 - val_accuracy: 0.9387 - 2s/epoch - 13ms/step
Epoch 5/10
174/174 - 2s - loss: 0.1870 - accuracy: 0.9386 - val_loss: 0.1804 - val_accuracy: 0.9373 - 2s/epoch - 13ms/step
Epoch 6/10
174/174 - 2s - loss: 0.1887 - accuracy: 0.9358 - val_loss: 0.1785 - val_accuracy: 0.9377 - 2s/epoch - 13ms/step
Epoch 7/10
174/174 - 2s - loss: 0.1841 - accuracy: 0.9392 - val_loss: 0.1558 - val_accuracy: 0.9470 - 2s/epoch - 13ms/step
Epoch 8/10
174/174 - 2s - loss: 0.1789 - accuracy: 0.9403 - val_loss: 0.1548 - val_accuracy: 0.9463 - 2s/epoch - 13ms/step
Epoch 9/10
174/174 - 2s - loss: 0.1777 - accuracy: 0.9400 - val_loss: 0.1612 - val_accuracy: 0.9387 - 2s/epoch - 13ms/step
Epoch 10/10
174/174 - 2s - loss: 0.1714 - accuracy: 0.9407 - val_loss: 0.1706 - val_accuracy: 0.9398 - 2s/epoch - 13ms/step
/shared/b00090279/tinymlproj/lib/python3.10/site-packages/tensorflow/lite/python/convert.py:947: UserWarning: Statistics for quantized inputs were expected, but not specified; continuing anyway.
  warnings.warn(
2026-05-01 18:58:28.570234: W tensorflow/compiler/mlir/lite/python/tf_tfl_flatbuffer_helpers.cc:378] Ignored output_format.
2026-05-01 18:58:28.570261: W tensorflow/compiler/mlir/lite/python/tf_tfl_flatbuffer_helpers.cc:381] Ignored drop_control_dependency.
2026-05-01 18:58:28.570467: I tensorflow/cc/saved_model/reader.cc:83] Reading SavedModel from: /tmp/b00090279/tmp75hji7ea
2026-05-01 18:58:28.580657: I tensorflow/cc/saved_model/reader.cc:51] Reading meta graph with tags { serve }
2026-05-01 18:58:28.580674: I tensorflow/cc/saved_model/reader.cc:146] Reading SavedModel debug info (if present) from: /tmp/b00090279/tmp75hji7ea
2026-05-01 18:58:28.605056: I tensorflow/cc/saved_model/loader.cc:233] Restoring SavedModel bundle.
2026-05-01 18:58:28.751773: I tensorflow/cc/saved_model/loader.cc:217] Running initialization op on SavedModel bundle at path: /tmp/b00090279/tmp75hji7ea
2026-05-01 18:58:28.799578: I tensorflow/cc/saved_model/loader.cc:316] SavedModel load for tags { serve }; Status: success: OK. Took 229111 microseconds.
fully_quantize: 0, inference_type: 6, input_inference_type: INT8, output_inference_type: INT8
2026-05-01 18:58:29.089346: I tensorflow/compiler/mlir/lite/flatbuffer_export.cc:2245] Estimated count of arithmetic ops: 4.286 M  ops, equivalently 2.143 M  MACs
rows: 1
master_csv: /shared/b00090279/TinyML-Course/har-mcu/reports/m3/arch_seq/repmobile_folded_conv2d/e04/results_master.csv
master_md: /shared/b00090279/TinyML-Course/har-mcu/reports/m3/arch_seq/repmobile_folded_conv2d/e04/results_master.md
m3_master_csv: /shared/b00090279/TinyML-Course/har-mcu/reports/m3/arch_seq/repmobile_folded_conv2d/e04/m3_experiment_master.csv
m3_master_md: /shared/b00090279/TinyML-Course/har-mcu/reports/m3/arch_seq/repmobile_folded_conv2d/e04/m3_experiment_master.md
========== M3 sequential repmobile_folded_conv2d: configs/m3/E05_legacy_arduino_to_mps2.yaml ==========
status: valid
experiment_id: E05_legacy_arduino_to_mps2
model_variant: repmobile_folded_conv2d
data_source: wisdm_arduino
train_domain: wisdm
eval_domain: arduino
transfer_mode: zero_shot
split_protocols: random_stratified
window_size_samples: 100
window_duration_seconds: 5.0
sample_rate_hz: 20.0
target_sample_rate_hz: 20.0
unit_mode: arduino_to_mps2_legacy
normalization_mode: train_zscore
diagnostic_only: False
enabled: True
tooling_only: False
2026-05-01 18:58:33.150178: E tensorflow/compiler/xla/stream_executor/cuda/cuda_dnn.cc:9342] Unable to register cuDNN factory: Attempting to register factory for plugin cuDNN when one has already been registered
2026-05-01 18:58:33.150226: E tensorflow/compiler/xla/stream_executor/cuda/cuda_fft.cc:609] Unable to register cuFFT factory: Attempting to register factory for plugin cuFFT when one has already been registered
2026-05-01 18:58:33.150264: E tensorflow/compiler/xla/stream_executor/cuda/cuda_blas.cc:1518] Unable to register cuBLAS factory: Attempting to register factory for plugin cuBLAS when one has already been registered
2026-05-01 18:58:33.158833: I tensorflow/core/platform/cpu_feature_guard.cc:182] This TensorFlow binary is optimized to use available CPU instructions in performance-critical operations.
To enable the following instructions: AVX2 FMA, in other operations, rebuild TensorFlow with the appropriate compiler flags.
2026-05-01 18:58:45.362254: I tensorflow/compiler/xla/stream_executor/cuda/cuda_gpu_executor.cc:894] successful NUMA node read from SysFS had negative value (-1), but there must be at least one NUMA node, so returning NUMA node zero. See more at https://github.com/torvalds/linux/blob/v6.0/Documentation/ABI/testing/sysfs-bus-pci#L344-L355
2026-05-01 18:58:45.444724: I tensorflow/compiler/xla/stream_executor/cuda/cuda_gpu_executor.cc:894] successful NUMA node read from SysFS had negative value (-1), but there must be at least one NUMA node, so returning NUMA node zero. See more at https://github.com/torvalds/linux/blob/v6.0/Documentation/ABI/testing/sysfs-bus-pci#L344-L355
2026-05-01 18:58:45.447891: I tensorflow/compiler/xla/stream_executor/cuda/cuda_gpu_executor.cc:894] successful NUMA node read from SysFS had negative value (-1), but there must be at least one NUMA node, so returning NUMA node zero. See more at https://github.com/torvalds/linux/blob/v6.0/Documentation/ABI/testing/sysfs-bus-pci#L344-L355
2026-05-01 18:58:48.660217: I tensorflow/compiler/xla/stream_executor/cuda/cuda_gpu_executor.cc:894] successful NUMA node read from SysFS had negative value (-1), but there must be at least one NUMA node, so returning NUMA node zero. See more at https://github.com/torvalds/linux/blob/v6.0/Documentation/ABI/testing/sysfs-bus-pci#L344-L355
2026-05-01 18:58:48.665389: I tensorflow/compiler/xla/stream_executor/cuda/cuda_gpu_executor.cc:894] successful NUMA node read from SysFS had negative value (-1), but there must be at least one NUMA node, so returning NUMA node zero. See more at https://github.com/torvalds/linux/blob/v6.0/Documentation/ABI/testing/sysfs-bus-pci#L344-L355
2026-05-01 18:58:48.669024: I tensorflow/compiler/xla/stream_executor/cuda/cuda_gpu_executor.cc:894] successful NUMA node read from SysFS had negative value (-1), but there must be at least one NUMA node, so returning NUMA node zero. See more at https://github.com/torvalds/linux/blob/v6.0/Documentation/ABI/testing/sysfs-bus-pci#L344-L355
2026-05-01 18:58:48.791800: I tensorflow/compiler/xla/stream_executor/cuda/cuda_gpu_executor.cc:894] successful NUMA node read from SysFS had negative value (-1), but there must be at least one NUMA node, so returning NUMA node zero. See more at https://github.com/torvalds/linux/blob/v6.0/Documentation/ABI/testing/sysfs-bus-pci#L344-L355
2026-05-01 18:58:48.793762: I tensorflow/compiler/xla/stream_executor/cuda/cuda_gpu_executor.cc:894] successful NUMA node read from SysFS had negative value (-1), but there must be at least one NUMA node, so returning NUMA node zero. See more at https://github.com/torvalds/linux/blob/v6.0/Documentation/ABI/testing/sysfs-bus-pci#L344-L355
2026-05-01 18:58:48.795568: I tensorflow/compiler/xla/stream_executor/cuda/cuda_gpu_executor.cc:894] successful NUMA node read from SysFS had negative value (-1), but there must be at least one NUMA node, so returning NUMA node zero. See more at https://github.com/torvalds/linux/blob/v6.0/Documentation/ABI/testing/sysfs-bus-pci#L344-L355
2026-05-01 18:58:48.797351: I tensorflow/core/common_runtime/gpu/gpu_device.cc:1886] Created device /job:localhost/replica:0/task:0/device:GPU:0 with 20665 MB memory:  -> device: 0, name: NVIDIA A10G, pci bus id: 0000:00:1e.0, compute capability: 8.6
Epoch 1/50
2026-05-01 18:58:50.210966: E tensorflow/core/grappler/optimizers/meta_optimizer.cc:961] layout failed: INVALID_ARGUMENT: Size of values 0 does not match size of permutation 4 @ fanin shape inrepmobile_folded_conv2d/repblock_0_drop/dropout/SelectV2-2-TransposeNHWCToNCHW-LayoutOptimizer
2026-05-01 18:58:50.376146: I tensorflow/compiler/xla/stream_executor/cuda/cuda_dnn.cc:442] Loaded cuDNN version 8700
2026-05-01 18:58:51.220678: I tensorflow/compiler/xla/service/service.cc:168] XLA service 0x7a7ae08ffda0 initialized for platform CUDA (this does not guarantee that XLA will be used). Devices:
2026-05-01 18:58:51.220707: I tensorflow/compiler/xla/service/service.cc:176]   StreamExecutor device (0): NVIDIA A10G, Compute Capability 8.6
2026-05-01 18:58:51.266108: I ./tensorflow/compiler/jit/device_compiler.h:186] Compiled cluster using XLA!  This line is logged at most once for the lifetime of the process.
174/174 - 3s - loss: 1.0751 - accuracy: 0.6399 - val_loss: 1.7682 - val_accuracy: 0.3986 - lr: 0.0010 - 3s/epoch - 18ms/step
Epoch 2/50
174/174 - 1s - loss: 0.7664 - accuracy: 0.7607 - val_loss: 1.8442 - val_accuracy: 0.4825 - lr: 0.0010 - 737ms/epoch - 4ms/step
Epoch 3/50
174/174 - 1s - loss: 0.6710 - accuracy: 0.7833 - val_loss: 1.0156 - val_accuracy: 0.6962 - lr: 0.0010 - 740ms/epoch - 4ms/step
Epoch 4/50
174/174 - 1s - loss: 0.6192 - accuracy: 0.7914 - val_loss: 0.6121 - val_accuracy: 0.7914 - lr: 0.0010 - 740ms/epoch - 4ms/step
Epoch 5/50
174/174 - 1s - loss: 0.5752 - accuracy: 0.8000 - val_loss: 0.5509 - val_accuracy: 0.7971 - lr: 0.0010 - 737ms/epoch - 4ms/step
Epoch 6/50
174/174 - 1s - loss: 0.5460 - accuracy: 0.8077 - val_loss: 0.5040 - val_accuracy: 0.8086 - lr: 0.0010 - 739ms/epoch - 4ms/step
Epoch 7/50
174/174 - 1s - loss: 0.5148 - accuracy: 0.8148 - val_loss: 0.5024 - val_accuracy: 0.8130 - lr: 0.0010 - 740ms/epoch - 4ms/step
Epoch 8/50
174/174 - 1s - loss: 0.4929 - accuracy: 0.8223 - val_loss: 0.4670 - val_accuracy: 0.8213 - lr: 0.0010 - 736ms/epoch - 4ms/step
Epoch 9/50
174/174 - 1s - loss: 0.4694 - accuracy: 0.8313 - val_loss: 0.4375 - val_accuracy: 0.8375 - lr: 0.0010 - 738ms/epoch - 4ms/step
Epoch 10/50
174/174 - 1s - loss: 0.4524 - accuracy: 0.8348 - val_loss: 0.4205 - val_accuracy: 0.8443 - lr: 0.0010 - 736ms/epoch - 4ms/step
Epoch 11/50
174/174 - 1s - loss: 0.4341 - accuracy: 0.8424 - val_loss: 0.4096 - val_accuracy: 0.8414 - lr: 0.0010 - 737ms/epoch - 4ms/step
Epoch 12/50
174/174 - 1s - loss: 0.4269 - accuracy: 0.8485 - val_loss: 0.3897 - val_accuracy: 0.8523 - lr: 0.0010 - 739ms/epoch - 4ms/step
Epoch 13/50
174/174 - 1s - loss: 0.4096 - accuracy: 0.8548 - val_loss: 0.3820 - val_accuracy: 0.8645 - lr: 0.0010 - 736ms/epoch - 4ms/step
Epoch 14/50
174/174 - 1s - loss: 0.4021 - accuracy: 0.8547 - val_loss: 0.3708 - val_accuracy: 0.8688 - lr: 0.0010 - 735ms/epoch - 4ms/step
Epoch 15/50
174/174 - 1s - loss: 0.3893 - accuracy: 0.8595 - val_loss: 0.3798 - val_accuracy: 0.8562 - lr: 0.0010 - 731ms/epoch - 4ms/step
Epoch 16/50
174/174 - 1s - loss: 0.3849 - accuracy: 0.8632 - val_loss: 0.3516 - val_accuracy: 0.8746 - lr: 0.0010 - 737ms/epoch - 4ms/step
Epoch 17/50
174/174 - 1s - loss: 0.3747 - accuracy: 0.8668 - val_loss: 0.3792 - val_accuracy: 0.8523 - lr: 0.0010 - 731ms/epoch - 4ms/step
Epoch 18/50
174/174 - 1s - loss: 0.3720 - accuracy: 0.8659 - val_loss: 0.3355 - val_accuracy: 0.8872 - lr: 0.0010 - 734ms/epoch - 4ms/step
Epoch 19/50
174/174 - 1s - loss: 0.3705 - accuracy: 0.8701 - val_loss: 0.3296 - val_accuracy: 0.8901 - lr: 0.0010 - 733ms/epoch - 4ms/step
Epoch 20/50
174/174 - 1s - loss: 0.3482 - accuracy: 0.8778 - val_loss: 0.3180 - val_accuracy: 0.8861 - lr: 0.0010 - 736ms/epoch - 4ms/step
Epoch 21/50
174/174 - 1s - loss: 0.3459 - accuracy: 0.8797 - val_loss: 0.3142 - val_accuracy: 0.8879 - lr: 0.0010 - 733ms/epoch - 4ms/step
Epoch 22/50
174/174 - 1s - loss: 0.3402 - accuracy: 0.8777 - val_loss: 0.3053 - val_accuracy: 0.8886 - lr: 0.0010 - 737ms/epoch - 4ms/step
Epoch 23/50
174/174 - 1s - loss: 0.3338 - accuracy: 0.8818 - val_loss: 0.3110 - val_accuracy: 0.8760 - lr: 0.0010 - 730ms/epoch - 4ms/step
Epoch 24/50
174/174 - 1s - loss: 0.3212 - accuracy: 0.8877 - val_loss: 0.3042 - val_accuracy: 0.8905 - lr: 0.0010 - 736ms/epoch - 4ms/step
Epoch 25/50
174/174 - 1s - loss: 0.3218 - accuracy: 0.8874 - val_loss: 0.2967 - val_accuracy: 0.8930 - lr: 0.0010 - 738ms/epoch - 4ms/step
Epoch 26/50
174/174 - 1s - loss: 0.3120 - accuracy: 0.8890 - val_loss: 0.3043 - val_accuracy: 0.8778 - lr: 0.0010 - 736ms/epoch - 4ms/step
Epoch 27/50
174/174 - 1s - loss: 0.3076 - accuracy: 0.8932 - val_loss: 0.2930 - val_accuracy: 0.9049 - lr: 0.0010 - 739ms/epoch - 4ms/step
Epoch 28/50
174/174 - 1s - loss: 0.2990 - accuracy: 0.8957 - val_loss: 0.3182 - val_accuracy: 0.8789 - lr: 0.0010 - 730ms/epoch - 4ms/step
Epoch 29/50
174/174 - 1s - loss: 0.3007 - accuracy: 0.8983 - val_loss: 0.2715 - val_accuracy: 0.9034 - lr: 0.0010 - 737ms/epoch - 4ms/step
Epoch 30/50
174/174 - 1s - loss: 0.2962 - accuracy: 0.8999 - val_loss: 0.2512 - val_accuracy: 0.9132 - lr: 0.0010 - 741ms/epoch - 4ms/step
Epoch 31/50
174/174 - 1s - loss: 0.2903 - accuracy: 0.8998 - val_loss: 0.2675 - val_accuracy: 0.9095 - lr: 0.0010 - 734ms/epoch - 4ms/step
Epoch 32/50
174/174 - 1s - loss: 0.2888 - accuracy: 0.9020 - val_loss: 0.2732 - val_accuracy: 0.8991 - lr: 0.0010 - 733ms/epoch - 4ms/step
Epoch 33/50
174/174 - 1s - loss: 0.2790 - accuracy: 0.9046 - val_loss: 0.2472 - val_accuracy: 0.9157 - lr: 0.0010 - 792ms/epoch - 5ms/step
Epoch 34/50
174/174 - 1s - loss: 0.2716 - accuracy: 0.9071 - val_loss: 0.2424 - val_accuracy: 0.9196 - lr: 0.0010 - 741ms/epoch - 4ms/step
Epoch 35/50
174/174 - 1s - loss: 0.2687 - accuracy: 0.9137 - val_loss: 0.2486 - val_accuracy: 0.9160 - lr: 0.0010 - 732ms/epoch - 4ms/step
Epoch 36/50
174/174 - 1s - loss: 0.2670 - accuracy: 0.9107 - val_loss: 0.2884 - val_accuracy: 0.8897 - lr: 0.0010 - 732ms/epoch - 4ms/step
Epoch 37/50
174/174 - 1s - loss: 0.2569 - accuracy: 0.9132 - val_loss: 0.2219 - val_accuracy: 0.9225 - lr: 0.0010 - 736ms/epoch - 4ms/step
Epoch 38/50
174/174 - 1s - loss: 0.2513 - accuracy: 0.9146 - val_loss: 0.2271 - val_accuracy: 0.9247 - lr: 0.0010 - 734ms/epoch - 4ms/step
Epoch 39/50
174/174 - 1s - loss: 0.2472 - accuracy: 0.9158 - val_loss: 0.2567 - val_accuracy: 0.9063 - lr: 0.0010 - 735ms/epoch - 4ms/step
Epoch 40/50
174/174 - 1s - loss: 0.2491 - accuracy: 0.9162 - val_loss: 0.2127 - val_accuracy: 0.9286 - lr: 0.0010 - 739ms/epoch - 4ms/step
Epoch 41/50
174/174 - 1s - loss: 0.2436 - accuracy: 0.9171 - val_loss: 0.2347 - val_accuracy: 0.9204 - lr: 0.0010 - 732ms/epoch - 4ms/step
Epoch 42/50
174/174 - 1s - loss: 0.2408 - accuracy: 0.9201 - val_loss: 0.2079 - val_accuracy: 0.9344 - lr: 0.0010 - 737ms/epoch - 4ms/step
Epoch 43/50
174/174 - 1s - loss: 0.2305 - accuracy: 0.9245 - val_loss: 0.2248 - val_accuracy: 0.9283 - lr: 0.0010 - 738ms/epoch - 4ms/step
Epoch 44/50
174/174 - 1s - loss: 0.2324 - accuracy: 0.9217 - val_loss: 0.2010 - val_accuracy: 0.9344 - lr: 0.0010 - 737ms/epoch - 4ms/step
Epoch 45/50
174/174 - 1s - loss: 0.2288 - accuracy: 0.9251 - val_loss: 0.2465 - val_accuracy: 0.9182 - lr: 0.0010 - 732ms/epoch - 4ms/step
Epoch 46/50
174/174 - 1s - loss: 0.2260 - accuracy: 0.9247 - val_loss: 0.1981 - val_accuracy: 0.9315 - lr: 0.0010 - 737ms/epoch - 4ms/step
Epoch 47/50
174/174 - 1s - loss: 0.2223 - accuracy: 0.9272 - val_loss: 0.2086 - val_accuracy: 0.9315 - lr: 0.0010 - 734ms/epoch - 4ms/step
Epoch 48/50
174/174 - 1s - loss: 0.2141 - accuracy: 0.9279 - val_loss: 0.1986 - val_accuracy: 0.9402 - lr: 0.0010 - 730ms/epoch - 4ms/step
Epoch 49/50
174/174 - 1s - loss: 0.2157 - accuracy: 0.9276 - val_loss: 0.1996 - val_accuracy: 0.9330 - lr: 0.0010 - 732ms/epoch - 4ms/step
Epoch 50/50
174/174 - 1s - loss: 0.2190 - accuracy: 0.9275 - val_loss: 0.1954 - val_accuracy: 0.9319 - lr: 0.0010 - 738ms/epoch - 4ms/step
2026-05-01 18:59:30.994972: W tensorflow/compiler/mlir/lite/python/tf_tfl_flatbuffer_helpers.cc:378] Ignored output_format.
2026-05-01 18:59:30.995000: W tensorflow/compiler/mlir/lite/python/tf_tfl_flatbuffer_helpers.cc:381] Ignored drop_control_dependency.
2026-05-01 18:59:30.995309: I tensorflow/cc/saved_model/reader.cc:83] Reading SavedModel from: /tmp/b00090279/tmprhiktrsc
2026-05-01 18:59:30.998462: I tensorflow/cc/saved_model/reader.cc:51] Reading meta graph with tags { serve }
2026-05-01 18:59:30.998475: I tensorflow/cc/saved_model/reader.cc:146] Reading SavedModel debug info (if present) from: /tmp/b00090279/tmprhiktrsc
2026-05-01 18:59:31.002851: I tensorflow/compiler/mlir/mlir_graph_optimization_pass.cc:382] MLIR V1 optimization pass is not enabled
2026-05-01 18:59:31.004529: I tensorflow/cc/saved_model/loader.cc:233] Restoring SavedModel bundle.
2026-05-01 18:59:31.046587: I tensorflow/cc/saved_model/loader.cc:217] Running initialization op on SavedModel bundle at path: /tmp/b00090279/tmprhiktrsc
2026-05-01 18:59:31.063459: I tensorflow/cc/saved_model/loader.cc:316] SavedModel load for tags { serve }; Status: success: OK. Took 68151 microseconds.
2026-05-01 18:59:31.086409: I tensorflow/compiler/mlir/tensorflow/utils/dump_mlir_util.cc:269] disabling MLIR crash reproducer, set env var `MLIR_CRASH_REPRODUCER_DIRECTORY` to enable.
2026-05-01 18:59:31.146279: I tensorflow/compiler/mlir/lite/flatbuffer_export.cc:2245] Estimated count of arithmetic ops: 4.286 M  ops, equivalently 2.143 M  MACs
/shared/b00090279/tinymlproj/lib/python3.10/site-packages/tensorflow/lite/python/convert.py:947: UserWarning: Statistics for quantized inputs were expected, but not specified; continuing anyway.
  warnings.warn(
2026-05-01 18:59:34.631493: W tensorflow/compiler/mlir/lite/python/tf_tfl_flatbuffer_helpers.cc:378] Ignored output_format.
2026-05-01 18:59:34.631514: W tensorflow/compiler/mlir/lite/python/tf_tfl_flatbuffer_helpers.cc:381] Ignored drop_control_dependency.
2026-05-01 18:59:34.631717: I tensorflow/cc/saved_model/reader.cc:83] Reading SavedModel from: /tmp/b00090279/tmp7z_50xed
2026-05-01 18:59:34.635673: I tensorflow/cc/saved_model/reader.cc:51] Reading meta graph with tags { serve }
2026-05-01 18:59:34.635689: I tensorflow/cc/saved_model/reader.cc:146] Reading SavedModel debug info (if present) from: /tmp/b00090279/tmp7z_50xed
2026-05-01 18:59:34.642887: I tensorflow/cc/saved_model/loader.cc:233] Restoring SavedModel bundle.
2026-05-01 18:59:34.687031: I tensorflow/cc/saved_model/loader.cc:217] Running initialization op on SavedModel bundle at path: /tmp/b00090279/tmp7z_50xed
2026-05-01 18:59:34.704038: I tensorflow/cc/saved_model/loader.cc:316] SavedModel load for tags { serve }; Status: success: OK. Took 72321 microseconds.
2026-05-01 18:59:34.783691: I tensorflow/compiler/mlir/lite/flatbuffer_export.cc:2245] Estimated count of arithmetic ops: 4.286 M  ops, equivalently 2.143 M  MACs
fully_quantize: 0, inference_type: 6, input_inference_type: INT8, output_inference_type: INT8
2026-05-01 18:59:34.895290: I tensorflow/compiler/mlir/lite/flatbuffer_export.cc:2245] Estimated count of arithmetic ops: 4.286 M  ops, equivalently 2.143 M  MACs
Epoch 1/10
174/174 - 5s - loss: 0.2171 - accuracy: 0.9307 - val_loss: 0.1919 - val_accuracy: 0.9315 - 5s/epoch - 30ms/step
Epoch 2/10
174/174 - 2s - loss: 0.2019 - accuracy: 0.9331 - val_loss: 0.1821 - val_accuracy: 0.9431 - 2s/epoch - 13ms/step
Epoch 3/10
174/174 - 2s - loss: 0.1987 - accuracy: 0.9337 - val_loss: 0.1805 - val_accuracy: 0.9402 - 2s/epoch - 13ms/step
Epoch 4/10
174/174 - 2s - loss: 0.1949 - accuracy: 0.9347 - val_loss: 0.1835 - val_accuracy: 0.9355 - 2s/epoch - 13ms/step
Epoch 5/10
174/174 - 2s - loss: 0.1875 - accuracy: 0.9376 - val_loss: 0.1777 - val_accuracy: 0.9391 - 2s/epoch - 13ms/step
Epoch 6/10
174/174 - 2s - loss: 0.1887 - accuracy: 0.9357 - val_loss: 0.1786 - val_accuracy: 0.9380 - 2s/epoch - 13ms/step
Epoch 7/10
174/174 - 2s - loss: 0.1838 - accuracy: 0.9394 - val_loss: 0.1573 - val_accuracy: 0.9445 - 2s/epoch - 13ms/step
Epoch 8/10
174/174 - 2s - loss: 0.1792 - accuracy: 0.9398 - val_loss: 0.1602 - val_accuracy: 0.9441 - 2s/epoch - 13ms/step
Epoch 9/10
174/174 - 2s - loss: 0.1780 - accuracy: 0.9391 - val_loss: 0.1629 - val_accuracy: 0.9416 - 2s/epoch - 13ms/step
Epoch 10/10
174/174 - 2s - loss: 0.1714 - accuracy: 0.9406 - val_loss: 0.1630 - val_accuracy: 0.9423 - 2s/epoch - 13ms/step
/shared/b00090279/tinymlproj/lib/python3.10/site-packages/tensorflow/lite/python/convert.py:947: UserWarning: Statistics for quantized inputs were expected, but not specified; continuing anyway.
  warnings.warn(
2026-05-01 19:00:08.763642: W tensorflow/compiler/mlir/lite/python/tf_tfl_flatbuffer_helpers.cc:378] Ignored output_format.
2026-05-01 19:00:08.763665: W tensorflow/compiler/mlir/lite/python/tf_tfl_flatbuffer_helpers.cc:381] Ignored drop_control_dependency.
2026-05-01 19:00:08.763876: I tensorflow/cc/saved_model/reader.cc:83] Reading SavedModel from: /tmp/b00090279/tmp8kqfgo9l
2026-05-01 19:00:08.774049: I tensorflow/cc/saved_model/reader.cc:51] Reading meta graph with tags { serve }
2026-05-01 19:00:08.774066: I tensorflow/cc/saved_model/reader.cc:146] Reading SavedModel debug info (if present) from: /tmp/b00090279/tmp8kqfgo9l
2026-05-01 19:00:08.797916: I tensorflow/cc/saved_model/loader.cc:233] Restoring SavedModel bundle.
2026-05-01 19:00:08.945521: I tensorflow/cc/saved_model/loader.cc:217] Running initialization op on SavedModel bundle at path: /tmp/b00090279/tmp8kqfgo9l
2026-05-01 19:00:08.993731: I tensorflow/cc/saved_model/loader.cc:316] SavedModel load for tags { serve }; Status: success: OK. Took 229855 microseconds.
fully_quantize: 0, inference_type: 6, input_inference_type: INT8, output_inference_type: INT8
2026-05-01 19:00:09.290350: I tensorflow/compiler/mlir/lite/flatbuffer_export.cc:2245] Estimated count of arithmetic ops: 4.286 M  ops, equivalently 2.143 M  MACs
rows: 1
master_csv: /shared/b00090279/TinyML-Course/har-mcu/reports/m3/arch_seq/repmobile_folded_conv2d/e05/results_master.csv
master_md: /shared/b00090279/TinyML-Course/har-mcu/reports/m3/arch_seq/repmobile_folded_conv2d/e05/results_master.md
m3_master_csv: /shared/b00090279/TinyML-Course/har-mcu/reports/m3/arch_seq/repmobile_folded_conv2d/e05/m3_experiment_master.csv
m3_master_md: /shared/b00090279/TinyML-Course/har-mcu/reports/m3/arch_seq/repmobile_folded_conv2d/e05/m3_experiment_master.md
========== M3 sequential repmobile_folded_conv2d: configs/m3/E06_no_norm_matched.yaml ==========
status: valid
experiment_id: E06_no_norm_matched
model_variant: repmobile_folded_conv2d
data_source: wisdm_arduino
train_domain: wisdm
eval_domain: arduino
transfer_mode: zero_shot
split_protocols: random_stratified
window_size_samples: 100
window_duration_seconds: 5.0
sample_rate_hz: 20.0
target_sample_rate_hz: 20.0
unit_mode: raw_no_conversion
normalization_mode: none
diagnostic_only: False
enabled: True
tooling_only: False
2026-05-01 19:00:13.192994: E tensorflow/compiler/xla/stream_executor/cuda/cuda_dnn.cc:9342] Unable to register cuDNN factory: Attempting to register factory for plugin cuDNN when one has already been registered
2026-05-01 19:00:13.193040: E tensorflow/compiler/xla/stream_executor/cuda/cuda_fft.cc:609] Unable to register cuFFT factory: Attempting to register factory for plugin cuFFT when one has already been registered
2026-05-01 19:00:13.193078: E tensorflow/compiler/xla/stream_executor/cuda/cuda_blas.cc:1518] Unable to register cuBLAS factory: Attempting to register factory for plugin cuBLAS when one has already been registered
2026-05-01 19:00:13.201457: I tensorflow/core/platform/cpu_feature_guard.cc:182] This TensorFlow binary is optimized to use available CPU instructions in performance-critical operations.
To enable the following instructions: AVX2 FMA, in other operations, rebuild TensorFlow with the appropriate compiler flags.
2026-05-01 19:00:24.467046: I tensorflow/compiler/xla/stream_executor/cuda/cuda_gpu_executor.cc:894] successful NUMA node read from SysFS had negative value (-1), but there must be at least one NUMA node, so returning NUMA node zero. See more at https://github.com/torvalds/linux/blob/v6.0/Documentation/ABI/testing/sysfs-bus-pci#L344-L355
2026-05-01 19:00:24.551500: I tensorflow/compiler/xla/stream_executor/cuda/cuda_gpu_executor.cc:894] successful NUMA node read from SysFS had negative value (-1), but there must be at least one NUMA node, so returning NUMA node zero. See more at https://github.com/torvalds/linux/blob/v6.0/Documentation/ABI/testing/sysfs-bus-pci#L344-L355
2026-05-01 19:00:24.554510: I tensorflow/compiler/xla/stream_executor/cuda/cuda_gpu_executor.cc:894] successful NUMA node read from SysFS had negative value (-1), but there must be at least one NUMA node, so returning NUMA node zero. See more at https://github.com/torvalds/linux/blob/v6.0/Documentation/ABI/testing/sysfs-bus-pci#L344-L355
2026-05-01 19:00:27.613598: I tensorflow/compiler/xla/stream_executor/cuda/cuda_gpu_executor.cc:894] successful NUMA node read from SysFS had negative value (-1), but there must be at least one NUMA node, so returning NUMA node zero. See more at https://github.com/torvalds/linux/blob/v6.0/Documentation/ABI/testing/sysfs-bus-pci#L344-L355
2026-05-01 19:00:27.618811: I tensorflow/compiler/xla/stream_executor/cuda/cuda_gpu_executor.cc:894] successful NUMA node read from SysFS had negative value (-1), but there must be at least one NUMA node, so returning NUMA node zero. See more at https://github.com/torvalds/linux/blob/v6.0/Documentation/ABI/testing/sysfs-bus-pci#L344-L355
2026-05-01 19:00:27.622060: I tensorflow/compiler/xla/stream_executor/cuda/cuda_gpu_executor.cc:894] successful NUMA node read from SysFS had negative value (-1), but there must be at least one NUMA node, so returning NUMA node zero. See more at https://github.com/torvalds/linux/blob/v6.0/Documentation/ABI/testing/sysfs-bus-pci#L344-L355
2026-05-01 19:00:27.767091: I tensorflow/compiler/xla/stream_executor/cuda/cuda_gpu_executor.cc:894] successful NUMA node read from SysFS had negative value (-1), but there must be at least one NUMA node, so returning NUMA node zero. See more at https://github.com/torvalds/linux/blob/v6.0/Documentation/ABI/testing/sysfs-bus-pci#L344-L355
2026-05-01 19:00:27.769066: I tensorflow/compiler/xla/stream_executor/cuda/cuda_gpu_executor.cc:894] successful NUMA node read from SysFS had negative value (-1), but there must be at least one NUMA node, so returning NUMA node zero. See more at https://github.com/torvalds/linux/blob/v6.0/Documentation/ABI/testing/sysfs-bus-pci#L344-L355
2026-05-01 19:00:27.770780: I tensorflow/compiler/xla/stream_executor/cuda/cuda_gpu_executor.cc:894] successful NUMA node read from SysFS had negative value (-1), but there must be at least one NUMA node, so returning NUMA node zero. See more at https://github.com/torvalds/linux/blob/v6.0/Documentation/ABI/testing/sysfs-bus-pci#L344-L355
2026-05-01 19:00:27.772650: I tensorflow/core/common_runtime/gpu/gpu_device.cc:1886] Created device /job:localhost/replica:0/task:0/device:GPU:0 with 20665 MB memory:  -> device: 0, name: NVIDIA A10G, pci bus id: 0000:00:1e.0, compute capability: 8.6
Epoch 1/50
2026-05-01 19:00:29.180476: E tensorflow/core/grappler/optimizers/meta_optimizer.cc:961] layout failed: INVALID_ARGUMENT: Size of values 0 does not match size of permutation 4 @ fanin shape inrepmobile_folded_conv2d/repblock_0_drop/dropout/SelectV2-2-TransposeNHWCToNCHW-LayoutOptimizer
2026-05-01 19:00:29.342957: I tensorflow/compiler/xla/stream_executor/cuda/cuda_dnn.cc:442] Loaded cuDNN version 8700
2026-05-01 19:00:30.180525: I tensorflow/compiler/xla/service/service.cc:168] XLA service 0x7578d82759f0 initialized for platform CUDA (this does not guarantee that XLA will be used). Devices:
2026-05-01 19:00:30.180557: I tensorflow/compiler/xla/service/service.cc:176]   StreamExecutor device (0): NVIDIA A10G, Compute Capability 8.6
2026-05-01 19:00:30.228712: I ./tensorflow/compiler/jit/device_compiler.h:186] Compiled cluster using XLA!  This line is logged at most once for the lifetime of the process.
174/174 - 3s - loss: 1.0773 - accuracy: 0.6387 - val_loss: 1.7514 - val_accuracy: 0.3986 - lr: 0.0010 - 3s/epoch - 18ms/step
Epoch 2/50
174/174 - 1s - loss: 0.7718 - accuracy: 0.7584 - val_loss: 1.7083 - val_accuracy: 0.4836 - lr: 0.0010 - 742ms/epoch - 4ms/step
Epoch 3/50
174/174 - 1s - loss: 0.6743 - accuracy: 0.7823 - val_loss: 0.8911 - val_accuracy: 0.7582 - lr: 0.0010 - 745ms/epoch - 4ms/step
Epoch 4/50
174/174 - 1s - loss: 0.6207 - accuracy: 0.7912 - val_loss: 0.5977 - val_accuracy: 0.7924 - lr: 0.0010 - 741ms/epoch - 4ms/step
Epoch 5/50
174/174 - 1s - loss: 0.5761 - accuracy: 0.7999 - val_loss: 0.5527 - val_accuracy: 0.7982 - lr: 0.0010 - 740ms/epoch - 4ms/step
Epoch 6/50
174/174 - 1s - loss: 0.5460 - accuracy: 0.8066 - val_loss: 0.5036 - val_accuracy: 0.8072 - lr: 0.0010 - 738ms/epoch - 4ms/step
Epoch 7/50
174/174 - 1s - loss: 0.5134 - accuracy: 0.8155 - val_loss: 0.4999 - val_accuracy: 0.8141 - lr: 0.0010 - 740ms/epoch - 4ms/step
Epoch 8/50
174/174 - 1s - loss: 0.4913 - accuracy: 0.8249 - val_loss: 0.4806 - val_accuracy: 0.8162 - lr: 0.0010 - 737ms/epoch - 4ms/step
Epoch 9/50
174/174 - 1s - loss: 0.4683 - accuracy: 0.8325 - val_loss: 0.4376 - val_accuracy: 0.8342 - lr: 0.0010 - 736ms/epoch - 4ms/step
Epoch 10/50
174/174 - 1s - loss: 0.4517 - accuracy: 0.8363 - val_loss: 0.4233 - val_accuracy: 0.8378 - lr: 0.0010 - 733ms/epoch - 4ms/step
Epoch 11/50
174/174 - 1s - loss: 0.4339 - accuracy: 0.8423 - val_loss: 0.4189 - val_accuracy: 0.8404 - lr: 0.0010 - 738ms/epoch - 4ms/step
Epoch 12/50
174/174 - 1s - loss: 0.4272 - accuracy: 0.8477 - val_loss: 0.3931 - val_accuracy: 0.8479 - lr: 0.0010 - 738ms/epoch - 4ms/step
Epoch 13/50
174/174 - 1s - loss: 0.4102 - accuracy: 0.8539 - val_loss: 0.3902 - val_accuracy: 0.8559 - lr: 0.0010 - 738ms/epoch - 4ms/step
Epoch 14/50
174/174 - 1s - loss: 0.4029 - accuracy: 0.8569 - val_loss: 0.3824 - val_accuracy: 0.8551 - lr: 0.0010 - 739ms/epoch - 4ms/step
Epoch 15/50
174/174 - 1s - loss: 0.3898 - accuracy: 0.8599 - val_loss: 0.3879 - val_accuracy: 0.8515 - lr: 0.0010 - 734ms/epoch - 4ms/step
Epoch 16/50
174/174 - 1s - loss: 0.3865 - accuracy: 0.8634 - val_loss: 0.3592 - val_accuracy: 0.8778 - lr: 0.0010 - 735ms/epoch - 4ms/step
Epoch 17/50
174/174 - 1s - loss: 0.3748 - accuracy: 0.8649 - val_loss: 0.3800 - val_accuracy: 0.8533 - lr: 0.0010 - 730ms/epoch - 4ms/step
Epoch 18/50
174/174 - 1s - loss: 0.3713 - accuracy: 0.8650 - val_loss: 0.3471 - val_accuracy: 0.8832 - lr: 0.0010 - 737ms/epoch - 4ms/step
Epoch 19/50
174/174 - 1s - loss: 0.3705 - accuracy: 0.8689 - val_loss: 0.3375 - val_accuracy: 0.8894 - lr: 0.0010 - 738ms/epoch - 4ms/step
Epoch 20/50
174/174 - 1s - loss: 0.3482 - accuracy: 0.8777 - val_loss: 0.3188 - val_accuracy: 0.8840 - lr: 0.0010 - 739ms/epoch - 4ms/step
Epoch 21/50
174/174 - 1s - loss: 0.3443 - accuracy: 0.8813 - val_loss: 0.3172 - val_accuracy: 0.8915 - lr: 0.0010 - 736ms/epoch - 4ms/step
Epoch 22/50
174/174 - 1s - loss: 0.3391 - accuracy: 0.8797 - val_loss: 0.3097 - val_accuracy: 0.8829 - lr: 0.0010 - 737ms/epoch - 4ms/step
Epoch 23/50
174/174 - 1s - loss: 0.3321 - accuracy: 0.8845 - val_loss: 0.3163 - val_accuracy: 0.8742 - lr: 0.0010 - 731ms/epoch - 4ms/step
Epoch 24/50
174/174 - 1s - loss: 0.3204 - accuracy: 0.8886 - val_loss: 0.3006 - val_accuracy: 0.8868 - lr: 0.0010 - 739ms/epoch - 4ms/step
Epoch 25/50
174/174 - 1s - loss: 0.3202 - accuracy: 0.8879 - val_loss: 0.3011 - val_accuracy: 0.8858 - lr: 0.0010 - 732ms/epoch - 4ms/step
Epoch 26/50
174/174 - 1s - loss: 0.3124 - accuracy: 0.8903 - val_loss: 0.3019 - val_accuracy: 0.8793 - lr: 0.0010 - 742ms/epoch - 4ms/step
Epoch 27/50
174/174 - 1s - loss: 0.3081 - accuracy: 0.8939 - val_loss: 0.2880 - val_accuracy: 0.9067 - lr: 0.0010 - 739ms/epoch - 4ms/step
Epoch 28/50
174/174 - 1s - loss: 0.2994 - accuracy: 0.8957 - val_loss: 0.3190 - val_accuracy: 0.8746 - lr: 0.0010 - 734ms/epoch - 4ms/step
Epoch 29/50
174/174 - 1s - loss: 0.3009 - accuracy: 0.8968 - val_loss: 0.2701 - val_accuracy: 0.9056 - lr: 0.0010 - 738ms/epoch - 4ms/step
Epoch 30/50
174/174 - 1s - loss: 0.2955 - accuracy: 0.8993 - val_loss: 0.2494 - val_accuracy: 0.9146 - lr: 0.0010 - 737ms/epoch - 4ms/step
Epoch 31/50
174/174 - 1s - loss: 0.2904 - accuracy: 0.8988 - val_loss: 0.2618 - val_accuracy: 0.9182 - lr: 0.0010 - 734ms/epoch - 4ms/step
Epoch 32/50
174/174 - 1s - loss: 0.2896 - accuracy: 0.9038 - val_loss: 0.2702 - val_accuracy: 0.9031 - lr: 0.0010 - 732ms/epoch - 4ms/step
Epoch 33/50
174/174 - 1s - loss: 0.2824 - accuracy: 0.9016 - val_loss: 0.2452 - val_accuracy: 0.9142 - lr: 0.0010 - 741ms/epoch - 4ms/step
Epoch 34/50
174/174 - 1s - loss: 0.2722 - accuracy: 0.9068 - val_loss: 0.2420 - val_accuracy: 0.9261 - lr: 0.0010 - 743ms/epoch - 4ms/step
Epoch 35/50
174/174 - 1s - loss: 0.2714 - accuracy: 0.9113 - val_loss: 0.2525 - val_accuracy: 0.9160 - lr: 0.0010 - 736ms/epoch - 4ms/step
Epoch 36/50
174/174 - 1s - loss: 0.2704 - accuracy: 0.9083 - val_loss: 0.2976 - val_accuracy: 0.8915 - lr: 0.0010 - 734ms/epoch - 4ms/step
Epoch 37/50
174/174 - 1s - loss: 0.2625 - accuracy: 0.9097 - val_loss: 0.2409 - val_accuracy: 0.9027 - lr: 0.0010 - 736ms/epoch - 4ms/step
Epoch 38/50
174/174 - 1s - loss: 0.2549 - accuracy: 0.9151 - val_loss: 0.2344 - val_accuracy: 0.9211 - lr: 0.0010 - 737ms/epoch - 4ms/step
Epoch 39/50
174/174 - 1s - loss: 0.2502 - accuracy: 0.9156 - val_loss: 0.2518 - val_accuracy: 0.9103 - lr: 0.0010 - 733ms/epoch - 4ms/step
Epoch 40/50
174/174 - 1s - loss: 0.2534 - accuracy: 0.9118 - val_loss: 0.2168 - val_accuracy: 0.9247 - lr: 0.0010 - 735ms/epoch - 4ms/step
Epoch 41/50
174/174 - 1s - loss: 0.2472 - accuracy: 0.9165 - val_loss: 0.2461 - val_accuracy: 0.9063 - lr: 0.0010 - 732ms/epoch - 4ms/step
Epoch 42/50
174/174 - 1s - loss: 0.2452 - accuracy: 0.9182 - val_loss: 0.2149 - val_accuracy: 0.9319 - lr: 0.0010 - 737ms/epoch - 4ms/step
Epoch 43/50
174/174 - 1s - loss: 0.2336 - accuracy: 0.9225 - val_loss: 0.2213 - val_accuracy: 0.9265 - lr: 0.0010 - 734ms/epoch - 4ms/step
Epoch 44/50
174/174 - 1s - loss: 0.2379 - accuracy: 0.9205 - val_loss: 0.2056 - val_accuracy: 0.9312 - lr: 0.0010 - 738ms/epoch - 4ms/step
Epoch 45/50
174/174 - 1s - loss: 0.2332 - accuracy: 0.9232 - val_loss: 0.2465 - val_accuracy: 0.9160 - lr: 0.0010 - 731ms/epoch - 4ms/step
Epoch 46/50
174/174 - 1s - loss: 0.2320 - accuracy: 0.9210 - val_loss: 0.2028 - val_accuracy: 0.9315 - lr: 0.0010 - 738ms/epoch - 4ms/step
Epoch 47/50
174/174 - 1s - loss: 0.2281 - accuracy: 0.9262 - val_loss: 0.2138 - val_accuracy: 0.9308 - lr: 0.0010 - 729ms/epoch - 4ms/step
Epoch 48/50
174/174 - 1s - loss: 0.2199 - accuracy: 0.9253 - val_loss: 0.1940 - val_accuracy: 0.9373 - lr: 0.0010 - 739ms/epoch - 4ms/step
Epoch 49/50
174/174 - 1s - loss: 0.2228 - accuracy: 0.9258 - val_loss: 0.2042 - val_accuracy: 0.9283 - lr: 0.0010 - 730ms/epoch - 4ms/step
Epoch 50/50
174/174 - 1s - loss: 0.2251 - accuracy: 0.9259 - val_loss: 0.1981 - val_accuracy: 0.9312 - lr: 0.0010 - 729ms/epoch - 4ms/step
2026-05-01 19:01:09.920198: W tensorflow/compiler/mlir/lite/python/tf_tfl_flatbuffer_helpers.cc:378] Ignored output_format.
2026-05-01 19:01:09.920227: W tensorflow/compiler/mlir/lite/python/tf_tfl_flatbuffer_helpers.cc:381] Ignored drop_control_dependency.
2026-05-01 19:01:09.920524: I tensorflow/cc/saved_model/reader.cc:83] Reading SavedModel from: /tmp/b00090279/tmp8bypnzs1
2026-05-01 19:01:09.923254: I tensorflow/cc/saved_model/reader.cc:51] Reading meta graph with tags { serve }
2026-05-01 19:01:09.923269: I tensorflow/cc/saved_model/reader.cc:146] Reading SavedModel debug info (if present) from: /tmp/b00090279/tmp8bypnzs1
2026-05-01 19:01:09.927762: I tensorflow/compiler/mlir/mlir_graph_optimization_pass.cc:382] MLIR V1 optimization pass is not enabled
2026-05-01 19:01:09.929436: I tensorflow/cc/saved_model/loader.cc:233] Restoring SavedModel bundle.
2026-05-01 19:01:09.971316: I tensorflow/cc/saved_model/loader.cc:217] Running initialization op on SavedModel bundle at path: /tmp/b00090279/tmp8bypnzs1
2026-05-01 19:01:09.988157: I tensorflow/cc/saved_model/loader.cc:316] SavedModel load for tags { serve }; Status: success: OK. Took 67633 microseconds.
2026-05-01 19:01:10.010410: I tensorflow/compiler/mlir/tensorflow/utils/dump_mlir_util.cc:269] disabling MLIR crash reproducer, set env var `MLIR_CRASH_REPRODUCER_DIRECTORY` to enable.
2026-05-01 19:01:10.074216: I tensorflow/compiler/mlir/lite/flatbuffer_export.cc:2245] Estimated count of arithmetic ops: 4.286 M  ops, equivalently 2.143 M  MACs
/shared/b00090279/tinymlproj/lib/python3.10/site-packages/tensorflow/lite/python/convert.py:947: UserWarning: Statistics for quantized inputs were expected, but not specified; continuing anyway.
  warnings.warn(
2026-05-01 19:01:13.579258: W tensorflow/compiler/mlir/lite/python/tf_tfl_flatbuffer_helpers.cc:378] Ignored output_format.
2026-05-01 19:01:13.579278: W tensorflow/compiler/mlir/lite/python/tf_tfl_flatbuffer_helpers.cc:381] Ignored drop_control_dependency.
2026-05-01 19:01:13.579474: I tensorflow/cc/saved_model/reader.cc:83] Reading SavedModel from: /tmp/b00090279/tmp85de_6he
2026-05-01 19:01:13.583361: I tensorflow/cc/saved_model/reader.cc:51] Reading meta graph with tags { serve }
2026-05-01 19:01:13.583378: I tensorflow/cc/saved_model/reader.cc:146] Reading SavedModel debug info (if present) from: /tmp/b00090279/tmp85de_6he
2026-05-01 19:01:13.591444: I tensorflow/cc/saved_model/loader.cc:233] Restoring SavedModel bundle.
2026-05-01 19:01:13.635288: I tensorflow/cc/saved_model/loader.cc:217] Running initialization op on SavedModel bundle at path: /tmp/b00090279/tmp85de_6he
2026-05-01 19:01:13.652330: I tensorflow/cc/saved_model/loader.cc:316] SavedModel load for tags { serve }; Status: success: OK. Took 72856 microseconds.
2026-05-01 19:01:13.731214: I tensorflow/compiler/mlir/lite/flatbuffer_export.cc:2245] Estimated count of arithmetic ops: 4.286 M  ops, equivalently 2.143 M  MACs
fully_quantize: 0, inference_type: 6, input_inference_type: INT8, output_inference_type: INT8
2026-05-01 19:01:13.843458: I tensorflow/compiler/mlir/lite/flatbuffer_export.cc:2245] Estimated count of arithmetic ops: 4.286 M  ops, equivalently 2.143 M  MACs
Epoch 1/10
174/174 - 5s - loss: 0.3621 - accuracy: 0.8839 - val_loss: 0.2623 - val_accuracy: 0.9088 - 5s/epoch - 31ms/step
Epoch 2/10
174/174 - 2s - loss: 0.2379 - accuracy: 0.9185 - val_loss: 0.1842 - val_accuracy: 0.9337 - 2s/epoch - 13ms/step
Epoch 3/10
174/174 - 2s - loss: 0.2201 - accuracy: 0.9251 - val_loss: 0.1806 - val_accuracy: 0.9380 - 2s/epoch - 13ms/step
Epoch 4/10
