========== M3 sequential tcn_attention_har_teacher_conv2d: configs/m3/E00_wisdm_m2_anchor.yaml ==========
status: valid
experiment_id: E00_wisdm_m2_anchor
model_variant: tcn_attention_har_teacher_conv2d
data_source: wisdm
train_domain: wisdm
eval_domain: wisdm
transfer_mode: source_only
split_protocols: random_stratified
window_size_samples: 100
window_duration_seconds: 5.0
sample_rate_hz: 20.0
target_sample_rate_hz: 20.0
unit_mode: raw_no_conversion
normalization_mode: train_zscore
diagnostic_only: False
enabled: True
tooling_only: False
2026-05-01 18:52:03.930735: E tensorflow/compiler/xla/stream_executor/cuda/cuda_dnn.cc:9342] Unable to register cuDNN factory: Attempting to register factory for plugin cuDNN when one has already been registered
2026-05-01 18:52:03.930781: E tensorflow/compiler/xla/stream_executor/cuda/cuda_fft.cc:609] Unable to register cuFFT factory: Attempting to register factory for plugin cuFFT when one has already been registered
2026-05-01 18:52:03.930819: E tensorflow/compiler/xla/stream_executor/cuda/cuda_blas.cc:1518] Unable to register cuBLAS factory: Attempting to register factory for plugin cuBLAS when one has already been registered
2026-05-01 18:52:03.996197: I tensorflow/core/platform/cpu_feature_guard.cc:182] This TensorFlow binary is optimized to use available CPU instructions in performance-critical operations.
To enable the following instructions: AVX2 FMA, in other operations, rebuild TensorFlow with the appropriate compiler flags.
2026-05-01 18:53:03.652019: I tensorflow/compiler/xla/stream_executor/cuda/cuda_gpu_executor.cc:894] successful NUMA node read from SysFS had negative value (-1), but there must be at least one NUMA node, so returning NUMA node zero. See more at https://github.com/torvalds/linux/blob/v6.0/Documentation/ABI/testing/sysfs-bus-pci#L344-L355
2026-05-01 18:53:26.657759: I tensorflow/compiler/xla/stream_executor/cuda/cuda_gpu_executor.cc:894] successful NUMA node read from SysFS had negative value (-1), but there must be at least one NUMA node, so returning NUMA node zero. See more at https://github.com/torvalds/linux/blob/v6.0/Documentation/ABI/testing/sysfs-bus-pci#L344-L355
2026-05-01 18:53:26.663045: I tensorflow/compiler/xla/stream_executor/cuda/cuda_gpu_executor.cc:894] successful NUMA node read from SysFS had negative value (-1), but there must be at least one NUMA node, so returning NUMA node zero. See more at https://github.com/torvalds/linux/blob/v6.0/Documentation/ABI/testing/sysfs-bus-pci#L344-L355
2026-05-01 18:53:26.693045: I tensorflow/compiler/xla/stream_executor/cuda/cuda_gpu_executor.cc:894] successful NUMA node read from SysFS had negative value (-1), but there must be at least one NUMA node, so returning NUMA node zero. See more at https://github.com/torvalds/linux/blob/v6.0/Documentation/ABI/testing/sysfs-bus-pci#L344-L355
2026-05-01 18:53:26.697374: I tensorflow/compiler/xla/stream_executor/cuda/cuda_gpu_executor.cc:894] successful NUMA node read from SysFS had negative value (-1), but there must be at least one NUMA node, so returning NUMA node zero. See more at https://github.com/torvalds/linux/blob/v6.0/Documentation/ABI/testing/sysfs-bus-pci#L344-L355
2026-05-01 18:53:26.700440: I tensorflow/compiler/xla/stream_executor/cuda/cuda_gpu_executor.cc:894] successful NUMA node read from SysFS had negative value (-1), but there must be at least one NUMA node, so returning NUMA node zero. See more at https://github.com/torvalds/linux/blob/v6.0/Documentation/ABI/testing/sysfs-bus-pci#L344-L355
2026-05-01 18:53:27.394066: I tensorflow/compiler/xla/stream_executor/cuda/cuda_gpu_executor.cc:894] successful NUMA node read from SysFS had negative value (-1), but there must be at least one NUMA node, so returning NUMA node zero. See more at https://github.com/torvalds/linux/blob/v6.0/Documentation/ABI/testing/sysfs-bus-pci#L344-L355
2026-05-01 18:53:27.395703: I tensorflow/compiler/xla/stream_executor/cuda/cuda_gpu_executor.cc:894] successful NUMA node read from SysFS had negative value (-1), but there must be at least one NUMA node, so returning NUMA node zero. See more at https://github.com/torvalds/linux/blob/v6.0/Documentation/ABI/testing/sysfs-bus-pci#L344-L355
2026-05-01 18:53:27.397271: I tensorflow/compiler/xla/stream_executor/cuda/cuda_gpu_executor.cc:894] successful NUMA node read from SysFS had negative value (-1), but there must be at least one NUMA node, so returning NUMA node zero. See more at https://github.com/torvalds/linux/blob/v6.0/Documentation/ABI/testing/sysfs-bus-pci#L344-L355
2026-05-01 18:53:27.398804: I tensorflow/core/common_runtime/gpu/gpu_device.cc:1886] Created device /job:localhost/replica:0/task:0/device:GPU:0 with 20707 MB memory:  -> device: 0, name: NVIDIA A10G, pci bus id: 0000:00:1e.0, compute capability: 8.6
Epoch 1/50
2026-05-01 18:53:35.708248: E tensorflow/core/grappler/optimizers/meta_optimizer.cc:961] layout failed: INVALID_ARGUMENT: Size of values 0 does not match size of permutation 4 @ fanin shape ingradient_tape/tcn_attention_har_teacher_conv2d/tcn_k3_d1_drop1/dropout/SelectV2-2-TransposeNHWCToNCHW-LayoutOptimizer
2026-05-01 18:53:36.571221: I tensorflow/compiler/xla/stream_executor/cuda/cuda_dnn.cc:442] Loaded cuDNN version 8700
2026-05-01 18:53:40.321716: I tensorflow/compiler/xla/service/service.cc:168] XLA service 0x7f98b0a6eb90 initialized for platform CUDA (this does not guarantee that XLA will be used). Devices:
2026-05-01 18:53:40.321755: I tensorflow/compiler/xla/service/service.cc:176]   StreamExecutor device (0): NVIDIA A10G, Compute Capability 8.6
2026-05-01 18:53:40.326400: I tensorflow/compiler/mlir/tensorflow/utils/dump_mlir_util.cc:269] disabling MLIR crash reproducer, set env var `MLIR_CRASH_REPRODUCER_DIRECTORY` to enable.
2026-05-01 18:53:40.434798: I ./tensorflow/compiler/jit/device_compiler.h:186] Compiled cluster using XLA!  This line is logged at most once for the lifetime of the process.
174/174 - 20s - loss: 0.4524 - accuracy: 0.8445 - val_loss: 0.2137 - val_accuracy: 0.9362 - lr: 0.0010 - 20s/epoch - 117ms/step
Epoch 2/50
174/174 - 3s - loss: 0.1549 - accuracy: 0.9490 - val_loss: 0.1618 - val_accuracy: 0.9521 - lr: 0.0010 - 3s/epoch - 20ms/step
Epoch 3/50
174/174 - 3s - loss: 0.1004 - accuracy: 0.9671 - val_loss: 0.0922 - val_accuracy: 0.9741 - lr: 0.0010 - 3s/epoch - 20ms/step
Epoch 4/50
174/174 - 3s - loss: 0.0725 - accuracy: 0.9764 - val_loss: 0.1191 - val_accuracy: 0.9705 - lr: 0.0010 - 3s/epoch - 20ms/step
Epoch 5/50
174/174 - 3s - loss: 0.0713 - accuracy: 0.9760 - val_loss: 0.0638 - val_accuracy: 0.9827 - lr: 0.0010 - 3s/epoch - 20ms/step
Epoch 6/50
174/174 - 3s - loss: 0.0513 - accuracy: 0.9840 - val_loss: 0.0655 - val_accuracy: 0.9849 - lr: 0.0010 - 3s/epoch - 20ms/step
Epoch 7/50
174/174 - 3s - loss: 0.0444 - accuracy: 0.9859 - val_loss: 0.0726 - val_accuracy: 0.9809 - lr: 0.0010 - 3s/epoch - 20ms/step
Epoch 8/50
174/174 - 4s - loss: 0.0397 - accuracy: 0.9878 - val_loss: 0.0589 - val_accuracy: 0.9838 - lr: 0.0010 - 4s/epoch - 20ms/step
Epoch 9/50
174/174 - 4s - loss: 0.0302 - accuracy: 0.9905 - val_loss: 0.0489 - val_accuracy: 0.9870 - lr: 0.0010 - 4s/epoch - 20ms/step
Epoch 10/50
174/174 - 3s - loss: 0.0276 - accuracy: 0.9918 - val_loss: 0.0544 - val_accuracy: 0.9859 - lr: 0.0010 - 3s/epoch - 20ms/step
Epoch 11/50
174/174 - 3s - loss: 0.0322 - accuracy: 0.9895 - val_loss: 0.0707 - val_accuracy: 0.9827 - lr: 0.0010 - 3s/epoch - 20ms/step
Epoch 12/50
174/174 - 3s - loss: 0.0297 - accuracy: 0.9907 - val_loss: 0.0394 - val_accuracy: 0.9906 - lr: 0.0010 - 3s/epoch - 20ms/step
Epoch 13/50
174/174 - 3s - loss: 0.0346 - accuracy: 0.9888 - val_loss: 0.0449 - val_accuracy: 0.9895 - lr: 0.0010 - 3s/epoch - 20ms/step
Epoch 14/50
174/174 - 3s - loss: 0.0187 - accuracy: 0.9934 - val_loss: 0.0495 - val_accuracy: 0.9885 - lr: 0.0010 - 3s/epoch - 20ms/step
Epoch 15/50
174/174 - 3s - loss: 0.0179 - accuracy: 0.9938 - val_loss: 0.0364 - val_accuracy: 0.9899 - lr: 0.0010 - 3s/epoch - 20ms/step
Epoch 16/50
174/174 - 3s - loss: 0.0193 - accuracy: 0.9940 - val_loss: 0.0486 - val_accuracy: 0.9888 - lr: 0.0010 - 3s/epoch - 20ms/step
Epoch 17/50
174/174 - 4s - loss: 0.0292 - accuracy: 0.9904 - val_loss: 0.0816 - val_accuracy: 0.9820 - lr: 0.0010 - 4s/epoch - 20ms/step
Epoch 18/50
174/174 - 4s - loss: 0.0242 - accuracy: 0.9923 - val_loss: 0.0485 - val_accuracy: 0.9899 - lr: 0.0010 - 4s/epoch - 20ms/step
Epoch 19/50
174/174 - 4s - loss: 0.0170 - accuracy: 0.9942 - val_loss: 0.0493 - val_accuracy: 0.9885 - lr: 0.0010 - 4s/epoch - 20ms/step
Epoch 20/50
174/174 - 4s - loss: 0.0246 - accuracy: 0.9924 - val_loss: 0.0352 - val_accuracy: 0.9928 - lr: 0.0010 - 4s/epoch - 20ms/step
Epoch 21/50
174/174 - 4s - loss: 0.0142 - accuracy: 0.9955 - val_loss: 0.0436 - val_accuracy: 0.9895 - lr: 0.0010 - 4s/epoch - 20ms/step
Epoch 22/50
174/174 - 4s - loss: 0.0158 - accuracy: 0.9953 - val_loss: 0.0356 - val_accuracy: 0.9892 - lr: 0.0010 - 4s/epoch - 20ms/step
Epoch 23/50
174/174 - 4s - loss: 0.0188 - accuracy: 0.9941 - val_loss: 0.0561 - val_accuracy: 0.9903 - lr: 0.0010 - 4s/epoch - 20ms/step
Epoch 24/50
174/174 - 4s - loss: 0.0262 - accuracy: 0.9923 - val_loss: 0.0516 - val_accuracy: 0.9888 - lr: 0.0010 - 4s/epoch - 20ms/step
Epoch 25/50
174/174 - 4s - loss: 0.0108 - accuracy: 0.9961 - val_loss: 0.0264 - val_accuracy: 0.9928 - lr: 0.0010 - 4s/epoch - 21ms/step
Epoch 26/50
174/174 - 4s - loss: 0.0087 - accuracy: 0.9966 - val_loss: 0.0313 - val_accuracy: 0.9928 - lr: 0.0010 - 4s/epoch - 20ms/step
Epoch 27/50
174/174 - 4s - loss: 0.0119 - accuracy: 0.9962 - val_loss: 0.0719 - val_accuracy: 0.9885 - lr: 0.0010 - 4s/epoch - 20ms/step
Epoch 28/50
174/174 - 4s - loss: 0.0164 - accuracy: 0.9949 - val_loss: 0.0644 - val_accuracy: 0.9914 - lr: 0.0010 - 4s/epoch - 20ms/step
Epoch 29/50
174/174 - 4s - loss: 0.0247 - accuracy: 0.9926 - val_loss: 0.0551 - val_accuracy: 0.9888 - lr: 0.0010 - 4s/epoch - 20ms/step
Epoch 30/50

Epoch 30: ReduceLROnPlateau reducing learning rate to 0.0005000000237487257.
174/174 - 4s - loss: 0.0134 - accuracy: 0.9960 - val_loss: 0.0338 - val_accuracy: 0.9924 - lr: 0.0010 - 4s/epoch - 20ms/step
Epoch 31/50
174/174 - 4s - loss: 0.0025 - accuracy: 0.9994 - val_loss: 0.0242 - val_accuracy: 0.9953 - lr: 5.0000e-04 - 4s/epoch - 20ms/step
Epoch 32/50
174/174 - 4s - loss: 0.0019 - accuracy: 0.9994 - val_loss: 0.0258 - val_accuracy: 0.9942 - lr: 5.0000e-04 - 4s/epoch - 21ms/step
Epoch 33/50
174/174 - 4s - loss: 0.0035 - accuracy: 0.9990 - val_loss: 0.0294 - val_accuracy: 0.9946 - lr: 5.0000e-04 - 4s/epoch - 21ms/step
Epoch 34/50
174/174 - 4s - loss: 9.1202e-04 - accuracy: 0.9997 - val_loss: 0.0261 - val_accuracy: 0.9950 - lr: 5.0000e-04 - 4s/epoch - 21ms/step
Epoch 35/50
174/174 - 4s - loss: 7.7522e-04 - accuracy: 0.9996 - val_loss: 0.0268 - val_accuracy: 0.9968 - lr: 5.0000e-04 - 4s/epoch - 20ms/step
Epoch 36/50

Epoch 36: ReduceLROnPlateau reducing learning rate to 0.0002500000118743628.
174/174 - 4s - loss: 7.9030e-04 - accuracy: 0.9998 - val_loss: 0.0312 - val_accuracy: 0.9957 - lr: 5.0000e-04 - 4s/epoch - 20ms/step
Epoch 37/50
174/174 - 4s - loss: 6.5305e-04 - accuracy: 0.9997 - val_loss: 0.0282 - val_accuracy: 0.9968 - lr: 2.5000e-04 - 4s/epoch - 20ms/step
Epoch 38/50
174/174 - 4s - loss: 3.2602e-04 - accuracy: 1.0000 - val_loss: 0.0281 - val_accuracy: 0.9957 - lr: 2.5000e-04 - 4s/epoch - 20ms/step
Epoch 39/50
174/174 - 4s - loss: 6.7143e-04 - accuracy: 0.9998 - val_loss: 0.0298 - val_accuracy: 0.9964 - lr: 2.5000e-04 - 4s/epoch - 20ms/step
Epoch 40/50
174/174 - 4s - loss: 2.7636e-04 - accuracy: 1.0000 - val_loss: 0.0337 - val_accuracy: 0.9953 - lr: 2.5000e-04 - 4s/epoch - 20ms/step
Epoch 41/50

Epoch 41: ReduceLROnPlateau reducing learning rate to 0.0001250000059371814.
Restoring model weights from the end of the best epoch: 31.
174/174 - 4s - loss: 9.6829e-04 - accuracy: 0.9997 - val_loss: 0.0340 - val_accuracy: 0.9960 - lr: 2.5000e-04 - 4s/epoch - 21ms/step
Epoch 41: early stopping
2026-05-01 18:56:21.724590: W tensorflow/compiler/mlir/lite/python/tf_tfl_flatbuffer_helpers.cc:378] Ignored output_format.
2026-05-01 18:56:21.724629: W tensorflow/compiler/mlir/lite/python/tf_tfl_flatbuffer_helpers.cc:381] Ignored drop_control_dependency.
2026-05-01 18:56:21.725063: I tensorflow/cc/saved_model/reader.cc:83] Reading SavedModel from: /tmp/b00090279/tmp93no8909
2026-05-01 18:56:21.740618: I tensorflow/cc/saved_model/reader.cc:51] Reading meta graph with tags { serve }
2026-05-01 18:56:21.740656: I tensorflow/cc/saved_model/reader.cc:146] Reading SavedModel debug info (if present) from: /tmp/b00090279/tmp93no8909
2026-05-01 18:56:21.766822: I tensorflow/compiler/mlir/mlir_graph_optimization_pass.cc:382] MLIR V1 optimization pass is not enabled
2026-05-01 18:56:21.775463: I tensorflow/cc/saved_model/loader.cc:233] Restoring SavedModel bundle.
2026-05-01 18:56:21.925804: I tensorflow/cc/saved_model/loader.cc:217] Running initialization op on SavedModel bundle at path: /tmp/b00090279/tmp93no8909
2026-05-01 18:56:22.003951: I tensorflow/cc/saved_model/loader.cc:316] SavedModel load for tags { serve }; Status: success: OK. Took 278889 microseconds.
2026-05-01 18:56:22.361854: I tensorflow/compiler/mlir/lite/flatbuffer_export.cc:2245] Estimated count of arithmetic ops: 94.959 M  ops, equivalently 47.479 M  MACs
/shared/b00090279/tinymlproj/lib/python3.10/site-packages/tensorflow/lite/python/convert.py:947: UserWarning: Statistics for quantized inputs were expected, but not specified; continuing anyway.
  warnings.warn(
2026-05-01 18:56:50.945530: W tensorflow/compiler/mlir/lite/python/tf_tfl_flatbuffer_helpers.cc:378] Ignored output_format.
2026-05-01 18:56:50.945563: W tensorflow/compiler/mlir/lite/python/tf_tfl_flatbuffer_helpers.cc:381] Ignored drop_control_dependency.
2026-05-01 18:56:50.945804: I tensorflow/cc/saved_model/reader.cc:83] Reading SavedModel from: /tmp/b00090279/tmpbvtdhwf8
2026-05-01 18:56:50.961937: I tensorflow/cc/saved_model/reader.cc:51] Reading meta graph with tags { serve }
2026-05-01 18:56:50.961992: I tensorflow/cc/saved_model/reader.cc:146] Reading SavedModel debug info (if present) from: /tmp/b00090279/tmpbvtdhwf8
2026-05-01 18:56:50.996230: I tensorflow/cc/saved_model/loader.cc:233] Restoring SavedModel bundle.
2026-05-01 18:56:51.149092: I tensorflow/cc/saved_model/loader.cc:217] Running initialization op on SavedModel bundle at path: /tmp/b00090279/tmpbvtdhwf8
2026-05-01 18:56:51.230170: I tensorflow/cc/saved_model/loader.cc:316] SavedModel load for tags { serve }; Status: success: OK. Took 284366 microseconds.
2026-05-01 18:56:51.607322: I tensorflow/compiler/mlir/lite/flatbuffer_export.cc:2245] Estimated count of arithmetic ops: 94.959 M  ops, equivalently 47.479 M  MACs
fully_quantize: 0, inference_type: 6, input_inference_type: INT8, output_inference_type: INT8
2026-05-01 18:56:54.990405: I tensorflow/compiler/mlir/lite/flatbuffer_export.cc:2245] Estimated count of arithmetic ops: 94.959 M  ops, equivalently 47.479 M  MACs
Epoch 1/10
2026-05-01 18:58:08.569327: E tensorflow/core/grappler/optimizers/meta_optimizer.cc:961] layout failed: INVALID_ARGUMENT: Size of values 0 does not match size of permutation 4 @ fanin shape ingradient_tape/tcn_attention_har_teacher_conv2d/tcn_k3_d1_drop1/dropout/SelectV2-2-TransposeNHWCToNCHW-LayoutOptimizer
174/174 - 18s - loss: 0.0129 - accuracy: 0.9977 - val_loss: 0.0212 - val_accuracy: 0.9935 - 18s/epoch - 101ms/step
Epoch 2/10
174/174 - 8s - loss: 0.0013 - accuracy: 0.9997 - val_loss: 0.0198 - val_accuracy: 0.9946 - 8s/epoch - 49ms/step
Epoch 3/10
174/174 - 8s - loss: 9.3343e-04 - accuracy: 0.9997 - val_loss: 0.0211 - val_accuracy: 0.9957 - 8s/epoch - 49ms/step
Epoch 4/10
174/174 - 8s - loss: 3.3148e-04 - accuracy: 1.0000 - val_loss: 0.0212 - val_accuracy: 0.9957 - 8s/epoch - 48ms/step
Epoch 5/10
174/174 - 8s - loss: 7.0405e-04 - accuracy: 0.9997 - val_loss: 0.0223 - val_accuracy: 0.9953 - 8s/epoch - 47ms/step
Epoch 6/10
174/174 - 8s - loss: 5.1059e-04 - accuracy: 0.9999 - val_loss: 0.0237 - val_accuracy: 0.9957 - 8s/epoch - 46ms/step
Epoch 7/10
174/174 - 8s - loss: 4.7033e-04 - accuracy: 0.9998 - val_loss: 0.0233 - val_accuracy: 0.9957 - 8s/epoch - 46ms/step
Epoch 8/10
174/174 - 8s - loss: 3.5309e-04 - accuracy: 0.9999 - val_loss: 0.0234 - val_accuracy: 0.9957 - 8s/epoch - 46ms/step
Epoch 9/10
174/174 - 8s - loss: 1.6889e-04 - accuracy: 1.0000 - val_loss: 0.0230 - val_accuracy: 0.9957 - 8s/epoch - 46ms/step
Epoch 10/10
174/174 - 8s - loss: 2.2356e-04 - accuracy: 0.9999 - val_loss: 0.0236 - val_accuracy: 0.9957 - 8s/epoch - 48ms/step
/shared/b00090279/tinymlproj/lib/python3.10/site-packages/tensorflow/lite/python/convert.py:947: UserWarning: Statistics for quantized inputs were expected, but not specified; continuing anyway.
  warnings.warn(
2026-05-01 18:59:49.897547: W tensorflow/compiler/mlir/lite/python/tf_tfl_flatbuffer_helpers.cc:378] Ignored output_format.
2026-05-01 18:59:49.897589: W tensorflow/compiler/mlir/lite/python/tf_tfl_flatbuffer_helpers.cc:381] Ignored drop_control_dependency.
2026-05-01 18:59:49.897820: I tensorflow/cc/saved_model/reader.cc:83] Reading SavedModel from: /tmp/b00090279/tmpm5heyijc
2026-05-01 18:59:49.930264: I tensorflow/cc/saved_model/reader.cc:51] Reading meta graph with tags { serve }
2026-05-01 18:59:49.930307: I tensorflow/cc/saved_model/reader.cc:146] Reading SavedModel debug info (if present) from: /tmp/b00090279/tmpm5heyijc
2026-05-01 18:59:50.008716: I tensorflow/cc/saved_model/loader.cc:233] Restoring SavedModel bundle.
2026-05-01 18:59:50.412898: I tensorflow/cc/saved_model/loader.cc:217] Running initialization op on SavedModel bundle at path: /tmp/b00090279/tmpm5heyijc
2026-05-01 18:59:50.566190: I tensorflow/cc/saved_model/loader.cc:316] SavedModel load for tags { serve }; Status: success: OK. Took 668370 microseconds.
2026-05-01 18:59:51.162719: I tensorflow/compiler/mlir/lite/flatbuffer_export.cc:2245] Estimated count of arithmetic ops: 94.959 M  ops, equivalently 47.479 M  MACs
fully_quantize: 0, inference_type: 6, input_inference_type: INT8, output_inference_type: INT8
2026-05-01 18:59:54.417719: I tensorflow/compiler/mlir/lite/flatbuffer_export.cc:2245] Estimated count of arithmetic ops: 94.959 M  ops, equivalently 47.479 M  MACs
/shared/b00090279/TinyML-Course/har-mcu/src/eval/paper_comparison.py:193: UserWarning: No artists with labels found to put in legend.  Note that artists whose label start with an underscore are ignored when legend() is called with no argument.
  ax.legend(fontsize=8)
rows: 1
master_csv: /shared/b00090279/TinyML-Course/har-mcu/reports/m3/arch_seq/tcn_attention_har_teacher_conv2d/e00/results_master.csv
master_md: /shared/b00090279/TinyML-Course/har-mcu/reports/m3/arch_seq/tcn_attention_har_teacher_conv2d/e00/results_master.md
m3_master_csv: /shared/b00090279/TinyML-Course/har-mcu/reports/m3/arch_seq/tcn_attention_har_teacher_conv2d/e00/m3_experiment_master.csv
m3_master_md: /shared/b00090279/TinyML-Course/har-mcu/reports/m3/arch_seq/tcn_attention_har_teacher_conv2d/e00/m3_experiment_master.md
========== M3 sequential tcn_attention_har_teacher_conv2d: configs/m3/E03_arduino_downsample_20hz_T100.yaml ==========
status: valid
experiment_id: E03_arduino_downsample_20hz_T100
model_variant: tcn_attention_har_teacher_conv2d
data_source: wisdm_arduino
train_domain: wisdm
eval_domain: arduino
transfer_mode: zero_shot
split_protocols: random_stratified
window_size_samples: 100
window_duration_seconds: 5.0
sample_rate_hz: 20.0
target_sample_rate_hz: 20.0
unit_mode: raw_no_conversion
normalization_mode: train_zscore
diagnostic_only: False
enabled: True
tooling_only: False
2026-05-01 19:01:06.449557: E tensorflow/compiler/xla/stream_executor/cuda/cuda_dnn.cc:9342] Unable to register cuDNN factory: Attempting to register factory for plugin cuDNN when one has already been registered
2026-05-01 19:01:06.449598: E tensorflow/compiler/xla/stream_executor/cuda/cuda_fft.cc:609] Unable to register cuFFT factory: Attempting to register factory for plugin cuFFT when one has already been registered
2026-05-01 19:01:06.449636: E tensorflow/compiler/xla/stream_executor/cuda/cuda_blas.cc:1518] Unable to register cuBLAS factory: Attempting to register factory for plugin cuBLAS when one has already been registered
2026-05-01 19:01:06.458045: I tensorflow/core/platform/cpu_feature_guard.cc:182] This TensorFlow binary is optimized to use available CPU instructions in performance-critical operations.
To enable the following instructions: AVX2 FMA, in other operations, rebuild TensorFlow with the appropriate compiler flags.
2026-05-01 19:01:18.212044: I tensorflow/compiler/xla/stream_executor/cuda/cuda_gpu_executor.cc:894] successful NUMA node read from SysFS had negative value (-1), but there must be at least one NUMA node, so returning NUMA node zero. See more at https://github.com/torvalds/linux/blob/v6.0/Documentation/ABI/testing/sysfs-bus-pci#L344-L355
2026-05-01 19:01:18.296648: I tensorflow/compiler/xla/stream_executor/cuda/cuda_gpu_executor.cc:894] successful NUMA node read from SysFS had negative value (-1), but there must be at least one NUMA node, so returning NUMA node zero. See more at https://github.com/torvalds/linux/blob/v6.0/Documentation/ABI/testing/sysfs-bus-pci#L344-L355
2026-05-01 19:01:18.300009: I tensorflow/compiler/xla/stream_executor/cuda/cuda_gpu_executor.cc:894] successful NUMA node read from SysFS had negative value (-1), but there must be at least one NUMA node, so returning NUMA node zero. See more at https://github.com/torvalds/linux/blob/v6.0/Documentation/ABI/testing/sysfs-bus-pci#L344-L355
2026-05-01 19:01:21.477814: I tensorflow/compiler/xla/stream_executor/cuda/cuda_gpu_executor.cc:894] successful NUMA node read from SysFS had negative value (-1), but there must be at least one NUMA node, so returning NUMA node zero. See more at https://github.com/torvalds/linux/blob/v6.0/Documentation/ABI/testing/sysfs-bus-pci#L344-L355
2026-05-01 19:01:21.481850: I tensorflow/compiler/xla/stream_executor/cuda/cuda_gpu_executor.cc:894] successful NUMA node read from SysFS had negative value (-1), but there must be at least one NUMA node, so returning NUMA node zero. See more at https://github.com/torvalds/linux/blob/v6.0/Documentation/ABI/testing/sysfs-bus-pci#L344-L355
2026-05-01 19:01:21.484770: I tensorflow/compiler/xla/stream_executor/cuda/cuda_gpu_executor.cc:894] successful NUMA node read from SysFS had negative value (-1), but there must be at least one NUMA node, so returning NUMA node zero. See more at https://github.com/torvalds/linux/blob/v6.0/Documentation/ABI/testing/sysfs-bus-pci#L344-L355
2026-05-01 19:01:21.612013: I tensorflow/compiler/xla/stream_executor/cuda/cuda_gpu_executor.cc:894] successful NUMA node read from SysFS had negative value (-1), but there must be at least one NUMA node, so returning NUMA node zero. See more at https://github.com/torvalds/linux/blob/v6.0/Documentation/ABI/testing/sysfs-bus-pci#L344-L355
2026-05-01 19:01:21.613843: I tensorflow/compiler/xla/stream_executor/cuda/cuda_gpu_executor.cc:894] successful NUMA node read from SysFS had negative value (-1), but there must be at least one NUMA node, so returning NUMA node zero. See more at https://github.com/torvalds/linux/blob/v6.0/Documentation/ABI/testing/sysfs-bus-pci#L344-L355
2026-05-01 19:01:21.615752: I tensorflow/compiler/xla/stream_executor/cuda/cuda_gpu_executor.cc:894] successful NUMA node read from SysFS had negative value (-1), but there must be at least one NUMA node, so returning NUMA node zero. See more at https://github.com/torvalds/linux/blob/v6.0/Documentation/ABI/testing/sysfs-bus-pci#L344-L355
2026-05-01 19:01:21.617647: I tensorflow/core/common_runtime/gpu/gpu_device.cc:1886] Created device /job:localhost/replica:0/task:0/device:GPU:0 with 20665 MB memory:  -> device: 0, name: NVIDIA A10G, pci bus id: 0000:00:1e.0, compute capability: 8.6
Epoch 1/50
2026-05-01 19:01:26.969757: E tensorflow/core/grappler/optimizers/meta_optimizer.cc:961] layout failed: INVALID_ARGUMENT: Size of values 0 does not match size of permutation 4 @ fanin shape ingradient_tape/tcn_attention_har_teacher_conv2d/tcn_k3_d1_drop1/dropout/SelectV2-2-TransposeNHWCToNCHW-LayoutOptimizer
2026-05-01 19:01:27.676083: I tensorflow/compiler/xla/stream_executor/cuda/cuda_dnn.cc:442] Loaded cuDNN version 8700
2026-05-01 19:01:29.276612: I tensorflow/compiler/xla/service/service.cc:168] XLA service 0x7534c4266060 initialized for platform CUDA (this does not guarantee that XLA will be used). Devices:
2026-05-01 19:01:29.276643: I tensorflow/compiler/xla/service/service.cc:176]   StreamExecutor device (0): NVIDIA A10G, Compute Capability 8.6
2026-05-01 19:01:29.282134: I tensorflow/compiler/mlir/tensorflow/utils/dump_mlir_util.cc:269] disabling MLIR crash reproducer, set env var `MLIR_CRASH_REPRODUCER_DIRECTORY` to enable.
2026-05-01 19:01:29.362015: I ./tensorflow/compiler/jit/device_compiler.h:186] Compiled cluster using XLA!  This line is logged at most once for the lifetime of the process.
