========== M3 sequential xtinyhar_student_conv2d_relu: configs/m3/E00_wisdm_m2_anchor.yaml ==========
status: valid
experiment_id: E00_wisdm_m2_anchor
model_variant: xtinyhar_student_conv2d_relu
data_source: wisdm
train_domain: wisdm
eval_domain: wisdm
transfer_mode: source_only
split_protocols: random_stratified
window_size_samples: 100
window_duration_seconds: 5.0
sample_rate_hz: 20.0
target_sample_rate_hz: 20.0
unit_mode: raw_no_conversion
normalization_mode: train_zscore
diagnostic_only: False
enabled: True
tooling_only: False
2026-05-01 18:52:03.998842: E tensorflow/compiler/xla/stream_executor/cuda/cuda_dnn.cc:9342] Unable to register cuDNN factory: Attempting to register factory for plugin cuDNN when one has already been registered
2026-05-01 18:52:03.998888: E tensorflow/compiler/xla/stream_executor/cuda/cuda_fft.cc:609] Unable to register cuFFT factory: Attempting to register factory for plugin cuFFT when one has already been registered
2026-05-01 18:52:03.998925: E tensorflow/compiler/xla/stream_executor/cuda/cuda_blas.cc:1518] Unable to register cuBLAS factory: Attempting to register factory for plugin cuBLAS when one has already been registered
2026-05-01 18:52:04.059839: I tensorflow/core/platform/cpu_feature_guard.cc:182] This TensorFlow binary is optimized to use available CPU instructions in performance-critical operations.
To enable the following instructions: AVX2 FMA, in other operations, rebuild TensorFlow with the appropriate compiler flags.
2026-05-01 18:53:03.638297: I tensorflow/compiler/xla/stream_executor/cuda/cuda_gpu_executor.cc:894] successful NUMA node read from SysFS had negative value (-1), but there must be at least one NUMA node, so returning NUMA node zero. See more at https://github.com/torvalds/linux/blob/v6.0/Documentation/ABI/testing/sysfs-bus-pci#L344-L355
2026-05-01 18:53:26.678614: I tensorflow/compiler/xla/stream_executor/cuda/cuda_gpu_executor.cc:894] successful NUMA node read from SysFS had negative value (-1), but there must be at least one NUMA node, so returning NUMA node zero. See more at https://github.com/torvalds/linux/blob/v6.0/Documentation/ABI/testing/sysfs-bus-pci#L344-L355
2026-05-01 18:53:26.685539: I tensorflow/compiler/xla/stream_executor/cuda/cuda_gpu_executor.cc:894] successful NUMA node read from SysFS had negative value (-1), but there must be at least one NUMA node, so returning NUMA node zero. See more at https://github.com/torvalds/linux/blob/v6.0/Documentation/ABI/testing/sysfs-bus-pci#L344-L355
2026-05-01 18:53:26.717350: I tensorflow/compiler/xla/stream_executor/cuda/cuda_gpu_executor.cc:894] successful NUMA node read from SysFS had negative value (-1), but there must be at least one NUMA node, so returning NUMA node zero. See more at https://github.com/torvalds/linux/blob/v6.0/Documentation/ABI/testing/sysfs-bus-pci#L344-L355
2026-05-01 18:53:26.722085: I tensorflow/compiler/xla/stream_executor/cuda/cuda_gpu_executor.cc:894] successful NUMA node read from SysFS had negative value (-1), but there must be at least one NUMA node, so returning NUMA node zero. See more at https://github.com/torvalds/linux/blob/v6.0/Documentation/ABI/testing/sysfs-bus-pci#L344-L355
2026-05-01 18:53:26.725106: I tensorflow/compiler/xla/stream_executor/cuda/cuda_gpu_executor.cc:894] successful NUMA node read from SysFS had negative value (-1), but there must be at least one NUMA node, so returning NUMA node zero. See more at https://github.com/torvalds/linux/blob/v6.0/Documentation/ABI/testing/sysfs-bus-pci#L344-L355
2026-05-01 18:53:27.397792: I tensorflow/compiler/xla/stream_executor/cuda/cuda_gpu_executor.cc:894] successful NUMA node read from SysFS had negative value (-1), but there must be at least one NUMA node, so returning NUMA node zero. See more at https://github.com/torvalds/linux/blob/v6.0/Documentation/ABI/testing/sysfs-bus-pci#L344-L355
2026-05-01 18:53:27.399770: I tensorflow/compiler/xla/stream_executor/cuda/cuda_gpu_executor.cc:894] successful NUMA node read from SysFS had negative value (-1), but there must be at least one NUMA node, so returning NUMA node zero. See more at https://github.com/torvalds/linux/blob/v6.0/Documentation/ABI/testing/sysfs-bus-pci#L344-L355
2026-05-01 18:53:27.401577: I tensorflow/compiler/xla/stream_executor/cuda/cuda_gpu_executor.cc:894] successful NUMA node read from SysFS had negative value (-1), but there must be at least one NUMA node, so returning NUMA node zero. See more at https://github.com/torvalds/linux/blob/v6.0/Documentation/ABI/testing/sysfs-bus-pci#L344-L355
2026-05-01 18:53:27.403436: I tensorflow/core/common_runtime/gpu/gpu_device.cc:1886] Created device /job:localhost/replica:0/task:0/device:GPU:0 with 20707 MB memory:  -> device: 0, name: NVIDIA A10G, pci bus id: 0000:00:1e.0, compute capability: 8.6
Epoch 1/50
2026-05-01 18:53:34.183333: I tensorflow/compiler/xla/stream_executor/cuda/cuda_dnn.cc:442] Loaded cuDNN version 8700
2026-05-01 18:53:42.232282: I tensorflow/compiler/xla/service/service.cc:168] XLA service 0x7bc2a88f0200 initialized for platform CUDA (this does not guarantee that XLA will be used). Devices:
2026-05-01 18:53:42.232324: I tensorflow/compiler/xla/service/service.cc:176]   StreamExecutor device (0): NVIDIA A10G, Compute Capability 8.6
2026-05-01 18:53:42.237300: I tensorflow/compiler/mlir/tensorflow/utils/dump_mlir_util.cc:269] disabling MLIR crash reproducer, set env var `MLIR_CRASH_REPRODUCER_DIRECTORY` to enable.
2026-05-01 18:53:42.316259: I ./tensorflow/compiler/jit/device_compiler.h:186] Compiled cluster using XLA!  This line is logged at most once for the lifetime of the process.
174/174 - 16s - loss: 0.6419 - accuracy: 0.7829 - val_loss: 0.4695 - val_accuracy: 0.8317 - lr: 0.0010 - 16s/epoch - 93ms/step
Epoch 2/50
174/174 - 2s - loss: 0.3976 - accuracy: 0.8581 - val_loss: 0.3383 - val_accuracy: 0.8789 - lr: 0.0010 - 2s/epoch - 11ms/step
Epoch 3/50
174/174 - 2s - loss: 0.3148 - accuracy: 0.8871 - val_loss: 0.3611 - val_accuracy: 0.8793 - lr: 0.0010 - 2s/epoch - 11ms/step
Epoch 4/50
174/174 - 2s - loss: 0.2691 - accuracy: 0.9037 - val_loss: 0.2863 - val_accuracy: 0.9020 - lr: 0.0010 - 2s/epoch - 11ms/step
Epoch 5/50
174/174 - 2s - loss: 0.2258 - accuracy: 0.9207 - val_loss: 0.2727 - val_accuracy: 0.9067 - lr: 0.0010 - 2s/epoch - 11ms/step
Epoch 6/50
174/174 - 2s - loss: 0.2071 - accuracy: 0.9276 - val_loss: 0.2814 - val_accuracy: 0.9150 - lr: 0.0010 - 2s/epoch - 11ms/step
Epoch 7/50
174/174 - 2s - loss: 0.1890 - accuracy: 0.9363 - val_loss: 0.2680 - val_accuracy: 0.9189 - lr: 0.0010 - 2s/epoch - 11ms/step
Epoch 8/50
174/174 - 2s - loss: 0.1579 - accuracy: 0.9439 - val_loss: 0.2727 - val_accuracy: 0.9157 - lr: 0.0010 - 2s/epoch - 11ms/step
Epoch 9/50
174/174 - 2s - loss: 0.1482 - accuracy: 0.9490 - val_loss: 0.2610 - val_accuracy: 0.9135 - lr: 0.0010 - 2s/epoch - 11ms/step
Epoch 10/50
174/174 - 2s - loss: 0.1393 - accuracy: 0.9510 - val_loss: 0.2488 - val_accuracy: 0.9247 - lr: 0.0010 - 2s/epoch - 11ms/step
Epoch 11/50
174/174 - 2s - loss: 0.1346 - accuracy: 0.9518 - val_loss: 0.2100 - val_accuracy: 0.9348 - lr: 0.0010 - 2s/epoch - 11ms/step
Epoch 12/50
174/174 - 2s - loss: 0.1128 - accuracy: 0.9611 - val_loss: 0.2115 - val_accuracy: 0.9344 - lr: 0.0010 - 2s/epoch - 11ms/step
Epoch 13/50
174/174 - 2s - loss: 0.1064 - accuracy: 0.9640 - val_loss: 0.2559 - val_accuracy: 0.9301 - lr: 0.0010 - 2s/epoch - 11ms/step
Epoch 14/50
174/174 - 2s - loss: 0.1004 - accuracy: 0.9652 - val_loss: 0.2291 - val_accuracy: 0.9341 - lr: 0.0010 - 2s/epoch - 11ms/step
Epoch 15/50
174/174 - 2s - loss: 0.1027 - accuracy: 0.9640 - val_loss: 0.2262 - val_accuracy: 0.9323 - lr: 0.0010 - 2s/epoch - 11ms/step
Epoch 16/50

Epoch 16: ReduceLROnPlateau reducing learning rate to 0.0005000000237487257.
174/174 - 2s - loss: 0.0955 - accuracy: 0.9679 - val_loss: 0.2243 - val_accuracy: 0.9305 - lr: 0.0010 - 2s/epoch - 11ms/step
Epoch 17/50
174/174 - 2s - loss: 0.0535 - accuracy: 0.9820 - val_loss: 0.2148 - val_accuracy: 0.9431 - lr: 5.0000e-04 - 2s/epoch - 11ms/step
Epoch 18/50
174/174 - 2s - loss: 0.0374 - accuracy: 0.9875 - val_loss: 0.2360 - val_accuracy: 0.9438 - lr: 5.0000e-04 - 2s/epoch - 11ms/step
Epoch 19/50
174/174 - 2s - loss: 0.0348 - accuracy: 0.9890 - val_loss: 0.2339 - val_accuracy: 0.9427 - lr: 5.0000e-04 - 2s/epoch - 11ms/step
Epoch 20/50
174/174 - 2s - loss: 0.0332 - accuracy: 0.9886 - val_loss: 0.2443 - val_accuracy: 0.9391 - lr: 5.0000e-04 - 2s/epoch - 11ms/step
Epoch 21/50

Epoch 21: ReduceLROnPlateau reducing learning rate to 0.0002500000118743628.
Restoring model weights from the end of the best epoch: 11.
174/174 - 2s - loss: 0.0380 - accuracy: 0.9886 - val_loss: 0.2330 - val_accuracy: 0.9474 - lr: 5.0000e-04 - 2s/epoch - 11ms/step
Epoch 21: early stopping
2026-05-01 18:54:29.131753: W tensorflow/compiler/mlir/lite/python/tf_tfl_flatbuffer_helpers.cc:378] Ignored output_format.
2026-05-01 18:54:29.131785: W tensorflow/compiler/mlir/lite/python/tf_tfl_flatbuffer_helpers.cc:381] Ignored drop_control_dependency.
2026-05-01 18:54:29.132109: I tensorflow/cc/saved_model/reader.cc:83] Reading SavedModel from: /tmp/b00090279/tmp5psve808
2026-05-01 18:54:29.137303: I tensorflow/cc/saved_model/reader.cc:51] Reading meta graph with tags { serve }
2026-05-01 18:54:29.137318: I tensorflow/cc/saved_model/reader.cc:146] Reading SavedModel debug info (if present) from: /tmp/b00090279/tmp5psve808
2026-05-01 18:54:29.147288: I tensorflow/compiler/mlir/mlir_graph_optimization_pass.cc:382] MLIR V1 optimization pass is not enabled
2026-05-01 18:54:29.150322: I tensorflow/cc/saved_model/loader.cc:233] Restoring SavedModel bundle.
2026-05-01 18:54:29.216428: I tensorflow/cc/saved_model/loader.cc:217] Running initialization op on SavedModel bundle at path: /tmp/b00090279/tmp5psve808
2026-05-01 18:54:29.245151: I tensorflow/cc/saved_model/loader.cc:316] SavedModel load for tags { serve }; Status: success: OK. Took 113043 microseconds.
2026-05-01 18:54:29.404435: I tensorflow/compiler/mlir/lite/flatbuffer_export.cc:2245] Estimated count of arithmetic ops: 2.741 M  ops, equivalently 1.371 M  MACs
/shared/b00090279/tinymlproj/lib/python3.10/site-packages/tensorflow/lite/python/convert.py:947: UserWarning: Statistics for quantized inputs were expected, but not specified; continuing anyway.
  warnings.warn(
2026-05-01 18:54:36.259160: W tensorflow/compiler/mlir/lite/python/tf_tfl_flatbuffer_helpers.cc:378] Ignored output_format.
2026-05-01 18:54:36.259182: W tensorflow/compiler/mlir/lite/python/tf_tfl_flatbuffer_helpers.cc:381] Ignored drop_control_dependency.
2026-05-01 18:54:36.259407: I tensorflow/cc/saved_model/reader.cc:83] Reading SavedModel from: /tmp/b00090279/tmputx4qfnf
2026-05-01 18:54:36.264365: I tensorflow/cc/saved_model/reader.cc:51] Reading meta graph with tags { serve }
2026-05-01 18:54:36.264380: I tensorflow/cc/saved_model/reader.cc:146] Reading SavedModel debug info (if present) from: /tmp/b00090279/tmputx4qfnf
2026-05-01 18:54:36.278307: I tensorflow/cc/saved_model/loader.cc:233] Restoring SavedModel bundle.
2026-05-01 18:54:36.343089: I tensorflow/cc/saved_model/loader.cc:217] Running initialization op on SavedModel bundle at path: /tmp/b00090279/tmputx4qfnf
2026-05-01 18:54:36.370781: I tensorflow/cc/saved_model/loader.cc:316] SavedModel load for tags { serve }; Status: success: OK. Took 111374 microseconds.
2026-05-01 18:54:36.520142: I tensorflow/compiler/mlir/lite/flatbuffer_export.cc:2245] Estimated count of arithmetic ops: 2.741 M  ops, equivalently 1.371 M  MACs
fully_quantize: 0, inference_type: 6, input_inference_type: INT8, output_inference_type: INT8
2026-05-01 18:54:36.717294: I tensorflow/compiler/mlir/lite/flatbuffer_export.cc:2245] Estimated count of arithmetic ops: 2.741 M  ops, equivalently 1.371 M  MACs
Epoch 1/10
174/174 - 7s - loss: 0.0776 - accuracy: 0.9776 - val_loss: 0.1932 - val_accuracy: 0.9405 - 7s/epoch - 40ms/step
Epoch 2/10
174/174 - 2s - loss: 0.0539 - accuracy: 0.9821 - val_loss: 0.2002 - val_accuracy: 0.9413 - 2s/epoch - 13ms/step
Epoch 3/10
174/174 - 2s - loss: 0.0398 - accuracy: 0.9883 - val_loss: 0.2112 - val_accuracy: 0.9423 - 2s/epoch - 13ms/step
Epoch 4/10
174/174 - 2s - loss: 0.0349 - accuracy: 0.9890 - val_loss: 0.2160 - val_accuracy: 0.9467 - 2s/epoch - 13ms/step
Epoch 5/10
174/174 - 2s - loss: 0.0291 - accuracy: 0.9922 - val_loss: 0.2154 - val_accuracy: 0.9459 - 2s/epoch - 13ms/step
Epoch 6/10
174/174 - 2s - loss: 0.0267 - accuracy: 0.9926 - val_loss: 0.2311 - val_accuracy: 0.9459 - 2s/epoch - 13ms/step
Epoch 7/10
174/174 - 2s - loss: 0.0223 - accuracy: 0.9941 - val_loss: 0.2315 - val_accuracy: 0.9449 - 2s/epoch - 13ms/step
Epoch 8/10
174/174 - 2s - loss: 0.0196 - accuracy: 0.9949 - val_loss: 0.2500 - val_accuracy: 0.9398 - 2s/epoch - 13ms/step
Epoch 9/10
174/174 - 2s - loss: 0.0182 - accuracy: 0.9953 - val_loss: 0.2398 - val_accuracy: 0.9441 - 2s/epoch - 14ms/step
Epoch 10/10
174/174 - 2s - loss: 0.0141 - accuracy: 0.9967 - val_loss: 0.2464 - val_accuracy: 0.9416 - 2s/epoch - 13ms/step
/shared/b00090279/tinymlproj/lib/python3.10/site-packages/tensorflow/lite/python/convert.py:947: UserWarning: Statistics for quantized inputs were expected, but not specified; continuing anyway.
  warnings.warn(
2026-05-01 18:55:17.419888: W tensorflow/compiler/mlir/lite/python/tf_tfl_flatbuffer_helpers.cc:378] Ignored output_format.
2026-05-01 18:55:17.419914: W tensorflow/compiler/mlir/lite/python/tf_tfl_flatbuffer_helpers.cc:381] Ignored drop_control_dependency.
2026-05-01 18:55:17.420142: I tensorflow/cc/saved_model/reader.cc:83] Reading SavedModel from: /tmp/b00090279/tmp6q5hm80m
2026-05-01 18:55:17.428634: I tensorflow/cc/saved_model/reader.cc:51] Reading meta graph with tags { serve }
2026-05-01 18:55:17.428656: I tensorflow/cc/saved_model/reader.cc:146] Reading SavedModel debug info (if present) from: /tmp/b00090279/tmp6q5hm80m
2026-05-01 18:55:17.447343: I tensorflow/cc/saved_model/loader.cc:233] Restoring SavedModel bundle.
2026-05-01 18:55:17.578849: I tensorflow/cc/saved_model/loader.cc:217] Running initialization op on SavedModel bundle at path: /tmp/b00090279/tmp6q5hm80m
2026-05-01 18:55:17.624819: I tensorflow/cc/saved_model/loader.cc:316] SavedModel load for tags { serve }; Status: success: OK. Took 204676 microseconds.
2026-05-01 18:55:17.847125: I tensorflow/compiler/mlir/lite/flatbuffer_export.cc:2245] Estimated count of arithmetic ops: 2.741 M  ops, equivalently 1.371 M  MACs
fully_quantize: 0, inference_type: 6, input_inference_type: INT8, output_inference_type: INT8
2026-05-01 18:55:18.032710: I tensorflow/compiler/mlir/lite/flatbuffer_export.cc:2245] Estimated count of arithmetic ops: 2.741 M  ops, equivalently 1.371 M  MACs
/shared/b00090279/TinyML-Course/har-mcu/src/eval/paper_comparison.py:193: UserWarning: No artists with labels found to put in legend.  Note that artists whose label start with an underscore are ignored when legend() is called with no argument.
  ax.legend(fontsize=8)
rows: 1
master_csv: /shared/b00090279/TinyML-Course/har-mcu/reports/m3/arch_seq/xtinyhar_student_conv2d_relu/e00/results_master.csv
master_md: /shared/b00090279/TinyML-Course/har-mcu/reports/m3/arch_seq/xtinyhar_student_conv2d_relu/e00/results_master.md
m3_master_csv: /shared/b00090279/TinyML-Course/har-mcu/reports/m3/arch_seq/xtinyhar_student_conv2d_relu/e00/m3_experiment_master.csv
m3_master_md: /shared/b00090279/TinyML-Course/har-mcu/reports/m3/arch_seq/xtinyhar_student_conv2d_relu/e00/m3_experiment_master.md
========== M3 sequential xtinyhar_student_conv2d_relu: configs/m3/E03_arduino_downsample_20hz_T100.yaml ==========
status: valid
experiment_id: E03_arduino_downsample_20hz_T100
model_variant: xtinyhar_student_conv2d_relu
data_source: wisdm_arduino
train_domain: wisdm
eval_domain: arduino
transfer_mode: zero_shot
split_protocols: random_stratified
window_size_samples: 100
window_duration_seconds: 5.0
sample_rate_hz: 20.0
target_sample_rate_hz: 20.0
unit_mode: raw_no_conversion
normalization_mode: train_zscore
diagnostic_only: False
enabled: True
tooling_only: False
2026-05-01 18:55:32.118014: E tensorflow/compiler/xla/stream_executor/cuda/cuda_dnn.cc:9342] Unable to register cuDNN factory: Attempting to register factory for plugin cuDNN when one has already been registered
2026-05-01 18:55:32.118066: E tensorflow/compiler/xla/stream_executor/cuda/cuda_fft.cc:609] Unable to register cuFFT factory: Attempting to register factory for plugin cuFFT when one has already been registered
2026-05-01 18:55:32.118116: E tensorflow/compiler/xla/stream_executor/cuda/cuda_blas.cc:1518] Unable to register cuBLAS factory: Attempting to register factory for plugin cuBLAS when one has already been registered
2026-05-01 18:55:32.126651: I tensorflow/core/platform/cpu_feature_guard.cc:182] This TensorFlow binary is optimized to use available CPU instructions in performance-critical operations.
To enable the following instructions: AVX2 FMA, in other operations, rebuild TensorFlow with the appropriate compiler flags.
2026-05-01 18:55:47.225064: I tensorflow/compiler/xla/stream_executor/cuda/cuda_gpu_executor.cc:894] successful NUMA node read from SysFS had negative value (-1), but there must be at least one NUMA node, so returning NUMA node zero. See more at https://github.com/torvalds/linux/blob/v6.0/Documentation/ABI/testing/sysfs-bus-pci#L344-L355
2026-05-01 18:55:47.308252: I tensorflow/compiler/xla/stream_executor/cuda/cuda_gpu_executor.cc:894] successful NUMA node read from SysFS had negative value (-1), but there must be at least one NUMA node, so returning NUMA node zero. See more at https://github.com/torvalds/linux/blob/v6.0/Documentation/ABI/testing/sysfs-bus-pci#L344-L355
2026-05-01 18:55:47.311963: I tensorflow/compiler/xla/stream_executor/cuda/cuda_gpu_executor.cc:894] successful NUMA node read from SysFS had negative value (-1), but there must be at least one NUMA node, so returning NUMA node zero. See more at https://github.com/torvalds/linux/blob/v6.0/Documentation/ABI/testing/sysfs-bus-pci#L344-L355
2026-05-01 18:55:50.720996: I tensorflow/compiler/xla/stream_executor/cuda/cuda_gpu_executor.cc:894] successful NUMA node read from SysFS had negative value (-1), but there must be at least one NUMA node, so returning NUMA node zero. See more at https://github.com/torvalds/linux/blob/v6.0/Documentation/ABI/testing/sysfs-bus-pci#L344-L355
2026-05-01 18:55:50.726175: I tensorflow/compiler/xla/stream_executor/cuda/cuda_gpu_executor.cc:894] successful NUMA node read from SysFS had negative value (-1), but there must be at least one NUMA node, so returning NUMA node zero. See more at https://github.com/torvalds/linux/blob/v6.0/Documentation/ABI/testing/sysfs-bus-pci#L344-L355
2026-05-01 18:55:50.729228: I tensorflow/compiler/xla/stream_executor/cuda/cuda_gpu_executor.cc:894] successful NUMA node read from SysFS had negative value (-1), but there must be at least one NUMA node, so returning NUMA node zero. See more at https://github.com/torvalds/linux/blob/v6.0/Documentation/ABI/testing/sysfs-bus-pci#L344-L355
2026-05-01 18:55:50.854664: I tensorflow/compiler/xla/stream_executor/cuda/cuda_gpu_executor.cc:894] successful NUMA node read from SysFS had negative value (-1), but there must be at least one NUMA node, so returning NUMA node zero. See more at https://github.com/torvalds/linux/blob/v6.0/Documentation/ABI/testing/sysfs-bus-pci#L344-L355
2026-05-01 18:55:50.856782: I tensorflow/compiler/xla/stream_executor/cuda/cuda_gpu_executor.cc:894] successful NUMA node read from SysFS had negative value (-1), but there must be at least one NUMA node, so returning NUMA node zero. See more at https://github.com/torvalds/linux/blob/v6.0/Documentation/ABI/testing/sysfs-bus-pci#L344-L355
2026-05-01 18:55:50.858540: I tensorflow/compiler/xla/stream_executor/cuda/cuda_gpu_executor.cc:894] successful NUMA node read from SysFS had negative value (-1), but there must be at least one NUMA node, so returning NUMA node zero. See more at https://github.com/torvalds/linux/blob/v6.0/Documentation/ABI/testing/sysfs-bus-pci#L344-L355
2026-05-01 18:55:50.860361: I tensorflow/core/common_runtime/gpu/gpu_device.cc:1886] Created device /job:localhost/replica:0/task:0/device:GPU:0 with 20665 MB memory:  -> device: 0, name: NVIDIA A10G, pci bus id: 0000:00:1e.0, compute capability: 8.6
Epoch 1/50
2026-05-01 18:55:54.582123: I tensorflow/compiler/xla/stream_executor/cuda/cuda_dnn.cc:442] Loaded cuDNN version 8700
2026-05-01 18:55:56.127991: I tensorflow/compiler/xla/service/service.cc:168] XLA service 0x5d1f0a836e50 initialized for platform CUDA (this does not guarantee that XLA will be used). Devices:
2026-05-01 18:55:56.128022: I tensorflow/compiler/xla/service/service.cc:176]   StreamExecutor device (0): NVIDIA A10G, Compute Capability 8.6
2026-05-01 18:55:56.133394: I tensorflow/compiler/mlir/tensorflow/utils/dump_mlir_util.cc:269] disabling MLIR crash reproducer, set env var `MLIR_CRASH_REPRODUCER_DIRECTORY` to enable.
2026-05-01 18:55:56.213586: I ./tensorflow/compiler/jit/device_compiler.h:186] Compiled cluster using XLA!  This line is logged at most once for the lifetime of the process.
174/174 - 9s - loss: 0.6419 - accuracy: 0.7835 - val_loss: 0.4554 - val_accuracy: 0.8371 - lr: 0.0010 - 9s/epoch - 52ms/step
Epoch 2/50
174/174 - 2s - loss: 0.3970 - accuracy: 0.8550 - val_loss: 0.3400 - val_accuracy: 0.8789 - lr: 0.0010 - 2s/epoch - 11ms/step
Epoch 3/50
174/174 - 2s - loss: 0.3144 - accuracy: 0.8887 - val_loss: 0.3080 - val_accuracy: 0.8944 - lr: 0.0010 - 2s/epoch - 11ms/step
Epoch 4/50
174/174 - 2s - loss: 0.2664 - accuracy: 0.9051 - val_loss: 0.3225 - val_accuracy: 0.8977 - lr: 0.0010 - 2s/epoch - 11ms/step
Epoch 5/50
174/174 - 2s - loss: 0.2338 - accuracy: 0.9188 - val_loss: 0.2527 - val_accuracy: 0.9146 - lr: 0.0010 - 2s/epoch - 11ms/step
Epoch 6/50
174/174 - 2s - loss: 0.2054 - accuracy: 0.9269 - val_loss: 0.3255 - val_accuracy: 0.9031 - lr: 0.0010 - 2s/epoch - 11ms/step
Epoch 7/50
174/174 - 2s - loss: 0.1820 - accuracy: 0.9335 - val_loss: 0.2827 - val_accuracy: 0.9168 - lr: 0.0010 - 2s/epoch - 11ms/step
Epoch 8/50
174/174 - 2s - loss: 0.1616 - accuracy: 0.9454 - val_loss: 0.2588 - val_accuracy: 0.9160 - lr: 0.0010 - 2s/epoch - 11ms/step
Epoch 9/50
174/174 - 2s - loss: 0.1507 - accuracy: 0.9469 - val_loss: 0.2508 - val_accuracy: 0.9186 - lr: 0.0010 - 2s/epoch - 11ms/step
Epoch 10/50
174/174 - 2s - loss: 0.1378 - accuracy: 0.9541 - val_loss: 0.2325 - val_accuracy: 0.9315 - lr: 0.0010 - 2s/epoch - 11ms/step
Epoch 11/50
174/174 - 2s - loss: 0.1244 - accuracy: 0.9559 - val_loss: 0.2459 - val_accuracy: 0.9254 - lr: 0.0010 - 2s/epoch - 11ms/step
Epoch 12/50
174/174 - 2s - loss: 0.1274 - accuracy: 0.9554 - val_loss: 0.2267 - val_accuracy: 0.9312 - lr: 0.0010 - 2s/epoch - 11ms/step
Epoch 13/50
174/174 - 2s - loss: 0.1067 - accuracy: 0.9634 - val_loss: 0.2404 - val_accuracy: 0.9319 - lr: 0.0010 - 2s/epoch - 11ms/step
Epoch 14/50
174/174 - 2s - loss: 0.1073 - accuracy: 0.9611 - val_loss: 0.2576 - val_accuracy: 0.9254 - lr: 0.0010 - 2s/epoch - 11ms/step
Epoch 15/50
174/174 - 2s - loss: 0.1024 - accuracy: 0.9636 - val_loss: 0.2635 - val_accuracy: 0.9312 - lr: 0.0010 - 2s/epoch - 11ms/step
Epoch 16/50
174/174 - 2s - loss: 0.0978 - accuracy: 0.9659 - val_loss: 0.2670 - val_accuracy: 0.9261 - lr: 0.0010 - 2s/epoch - 11ms/step
Epoch 17/50

Epoch 17: ReduceLROnPlateau reducing learning rate to 0.0005000000237487257.
174/174 - 2s - loss: 0.0905 - accuracy: 0.9677 - val_loss: 0.2299 - val_accuracy: 0.9348 - lr: 0.0010 - 2s/epoch - 11ms/step
Epoch 18/50
174/174 - 2s - loss: 0.0504 - accuracy: 0.9830 - val_loss: 0.1958 - val_accuracy: 0.9434 - lr: 5.0000e-04 - 2s/epoch - 11ms/step
Epoch 19/50
174/174 - 2s - loss: 0.0337 - accuracy: 0.9900 - val_loss: 0.2291 - val_accuracy: 0.9463 - lr: 5.0000e-04 - 2s/epoch - 11ms/step
Epoch 20/50
174/174 - 2s - loss: 0.0350 - accuracy: 0.9880 - val_loss: 0.2278 - val_accuracy: 0.9398 - lr: 5.0000e-04 - 2s/epoch - 11ms/step
Epoch 21/50
174/174 - 2s - loss: 0.0305 - accuracy: 0.9904 - val_loss: 0.2550 - val_accuracy: 0.9438 - lr: 5.0000e-04 - 2s/epoch - 11ms/step
Epoch 22/50
174/174 - 2s - loss: 0.0341 - accuracy: 0.9886 - val_loss: 0.2586 - val_accuracy: 0.9359 - lr: 5.0000e-04 - 2s/epoch - 11ms/step
Epoch 23/50

Epoch 23: ReduceLROnPlateau reducing learning rate to 0.0002500000118743628.
174/174 - 2s - loss: 0.0272 - accuracy: 0.9911 - val_loss: 0.2689 - val_accuracy: 0.9377 - lr: 5.0000e-04 - 2s/epoch - 11ms/step
Epoch 24/50
174/174 - 2s - loss: 0.0198 - accuracy: 0.9931 - val_loss: 0.2533 - val_accuracy: 0.9463 - lr: 2.5000e-04 - 2s/epoch - 11ms/step
Epoch 25/50
174/174 - 2s - loss: 0.0170 - accuracy: 0.9941 - val_loss: 0.2558 - val_accuracy: 0.9449 - lr: 2.5000e-04 - 2s/epoch - 11ms/step
Epoch 26/50
174/174 - 2s - loss: 0.0109 - accuracy: 0.9967 - val_loss: 0.2468 - val_accuracy: 0.9495 - lr: 2.5000e-04 - 2s/epoch - 11ms/step
Epoch 27/50
174/174 - 2s - loss: 0.0141 - accuracy: 0.9951 - val_loss: 0.2531 - val_accuracy: 0.9481 - lr: 2.5000e-04 - 2s/epoch - 11ms/step
Epoch 28/50

Epoch 28: ReduceLROnPlateau reducing learning rate to 0.0001250000059371814.
Restoring model weights from the end of the best epoch: 18.
174/174 - 2s - loss: 0.0136 - accuracy: 0.9948 - val_loss: 0.2593 - val_accuracy: 0.9503 - lr: 2.5000e-04 - 2s/epoch - 11ms/step
Epoch 28: early stopping
2026-05-01 18:56:56.339294: W tensorflow/compiler/mlir/lite/python/tf_tfl_flatbuffer_helpers.cc:378] Ignored output_format.
2026-05-01 18:56:56.339326: W tensorflow/compiler/mlir/lite/python/tf_tfl_flatbuffer_helpers.cc:381] Ignored drop_control_dependency.
2026-05-01 18:56:56.339662: I tensorflow/cc/saved_model/reader.cc:83] Reading SavedModel from: /tmp/b00090279/tmpfs7zqs6o
2026-05-01 18:56:56.344802: I tensorflow/cc/saved_model/reader.cc:51] Reading meta graph with tags { serve }
2026-05-01 18:56:56.344816: I tensorflow/cc/saved_model/reader.cc:146] Reading SavedModel debug info (if present) from: /tmp/b00090279/tmpfs7zqs6o
2026-05-01 18:56:56.354668: I tensorflow/compiler/mlir/mlir_graph_optimization_pass.cc:382] MLIR V1 optimization pass is not enabled
2026-05-01 18:56:56.357764: I tensorflow/cc/saved_model/loader.cc:233] Restoring SavedModel bundle.
2026-05-01 18:56:56.424245: I tensorflow/cc/saved_model/loader.cc:217] Running initialization op on SavedModel bundle at path: /tmp/b00090279/tmpfs7zqs6o
2026-05-01 18:56:56.453221: I tensorflow/cc/saved_model/loader.cc:316] SavedModel load for tags { serve }; Status: success: OK. Took 113560 microseconds.
2026-05-01 18:56:56.613125: I tensorflow/compiler/mlir/lite/flatbuffer_export.cc:2245] Estimated count of arithmetic ops: 2.741 M  ops, equivalently 1.371 M  MACs
/shared/b00090279/tinymlproj/lib/python3.10/site-packages/tensorflow/lite/python/convert.py:947: UserWarning: Statistics for quantized inputs were expected, but not specified; continuing anyway.
  warnings.warn(
2026-05-01 18:57:01.988237: W tensorflow/compiler/mlir/lite/python/tf_tfl_flatbuffer_helpers.cc:378] Ignored output_format.
2026-05-01 18:57:01.988259: W tensorflow/compiler/mlir/lite/python/tf_tfl_flatbuffer_helpers.cc:381] Ignored drop_control_dependency.
2026-05-01 18:57:01.988478: I tensorflow/cc/saved_model/reader.cc:83] Reading SavedModel from: /tmp/b00090279/tmpupdprwn0
2026-05-01 18:57:01.993655: I tensorflow/cc/saved_model/reader.cc:51] Reading meta graph with tags { serve }
2026-05-01 18:57:01.993670: I tensorflow/cc/saved_model/reader.cc:146] Reading SavedModel debug info (if present) from: /tmp/b00090279/tmpupdprwn0
2026-05-01 18:57:02.005840: I tensorflow/cc/saved_model/loader.cc:233] Restoring SavedModel bundle.
2026-05-01 18:57:02.068894: I tensorflow/cc/saved_model/loader.cc:217] Running initialization op on SavedModel bundle at path: /tmp/b00090279/tmpupdprwn0
2026-05-01 18:57:02.096034: I tensorflow/cc/saved_model/loader.cc:316] SavedModel load for tags { serve }; Status: success: OK. Took 107556 microseconds.
2026-05-01 18:57:02.249488: I tensorflow/compiler/mlir/lite/flatbuffer_export.cc:2245] Estimated count of arithmetic ops: 2.741 M  ops, equivalently 1.371 M  MACs
fully_quantize: 0, inference_type: 6, input_inference_type: INT8, output_inference_type: INT8
2026-05-01 18:57:02.422775: I tensorflow/compiler/mlir/lite/flatbuffer_export.cc:2245] Estimated count of arithmetic ops: 2.741 M  ops, equivalently 1.371 M  MACs
Epoch 1/10
174/174 - 7s - loss: 0.0367 - accuracy: 0.9907 - val_loss: 0.1892 - val_accuracy: 0.9463 - 7s/epoch - 40ms/step
Epoch 2/10
174/174 - 2s - loss: 0.0205 - accuracy: 0.9954 - val_loss: 0.2071 - val_accuracy: 0.9452 - 2s/epoch - 14ms/step
Epoch 3/10
174/174 - 2s - loss: 0.0177 - accuracy: 0.9951 - val_loss: 0.2199 - val_accuracy: 0.9459 - 2s/epoch - 14ms/step
Epoch 4/10
174/174 - 2s - loss: 0.0154 - accuracy: 0.9964 - val_loss: 0.2313 - val_accuracy: 0.9459 - 2s/epoch - 14ms/step
Epoch 5/10
174/174 - 2s - loss: 0.0129 - accuracy: 0.9968 - val_loss: 0.2301 - val_accuracy: 0.9474 - 2s/epoch - 14ms/step
Epoch 6/10
174/174 - 2s - loss: 0.0120 - accuracy: 0.9968 - val_loss: 0.2436 - val_accuracy: 0.9488 - 2s/epoch - 14ms/step
Epoch 7/10
174/174 - 2s - loss: 0.0113 - accuracy: 0.9972 - val_loss: 0.2377 - val_accuracy: 0.9481 - 2s/epoch - 14ms/step
Epoch 8/10
174/174 - 2s - loss: 0.0096 - accuracy: 0.9977 - val_loss: 0.2394 - val_accuracy: 0.9485 - 2s/epoch - 14ms/step
Epoch 9/10
174/174 - 2s - loss: 0.0090 - accuracy: 0.9977 - val_loss: 0.2597 - val_accuracy: 0.9492 - 2s/epoch - 14ms/step
Epoch 10/10
174/174 - 2s - loss: 0.0083 - accuracy: 0.9978 - val_loss: 0.2508 - val_accuracy: 0.9514 - 2s/epoch - 14ms/step
/shared/b00090279/tinymlproj/lib/python3.10/site-packages/tensorflow/lite/python/convert.py:947: UserWarning: Statistics for quantized inputs were expected, but not specified; continuing anyway.
  warnings.warn(
2026-05-01 18:57:40.146185: W tensorflow/compiler/mlir/lite/python/tf_tfl_flatbuffer_helpers.cc:378] Ignored output_format.
2026-05-01 18:57:40.146212: W tensorflow/compiler/mlir/lite/python/tf_tfl_flatbuffer_helpers.cc:381] Ignored drop_control_dependency.
2026-05-01 18:57:40.146448: I tensorflow/cc/saved_model/reader.cc:83] Reading SavedModel from: /tmp/b00090279/tmpvvid_meg
2026-05-01 18:57:40.153412: I tensorflow/cc/saved_model/reader.cc:51] Reading meta graph with tags { serve }
2026-05-01 18:57:40.153430: I tensorflow/cc/saved_model/reader.cc:146] Reading SavedModel debug info (if present) from: /tmp/b00090279/tmpvvid_meg
2026-05-01 18:57:40.172196: I tensorflow/cc/saved_model/loader.cc:233] Restoring SavedModel bundle.
2026-05-01 18:57:40.302410: I tensorflow/cc/saved_model/loader.cc:217] Running initialization op on SavedModel bundle at path: /tmp/b00090279/tmpvvid_meg
2026-05-01 18:57:40.347144: I tensorflow/cc/saved_model/loader.cc:316] SavedModel load for tags { serve }; Status: success: OK. Took 200696 microseconds.
2026-05-01 18:57:40.572166: I tensorflow/compiler/mlir/lite/flatbuffer_export.cc:2245] Estimated count of arithmetic ops: 2.741 M  ops, equivalently 1.371 M  MACs
fully_quantize: 0, inference_type: 6, input_inference_type: INT8, output_inference_type: INT8
2026-05-01 18:57:40.751501: I tensorflow/compiler/mlir/lite/flatbuffer_export.cc:2245] Estimated count of arithmetic ops: 2.741 M  ops, equivalently 1.371 M  MACs
rows: 1
master_csv: /shared/b00090279/TinyML-Course/har-mcu/reports/m3/arch_seq/xtinyhar_student_conv2d_relu/e03/results_master.csv
master_md: /shared/b00090279/TinyML-Course/har-mcu/reports/m3/arch_seq/xtinyhar_student_conv2d_relu/e03/results_master.md
m3_master_csv: /shared/b00090279/TinyML-Course/har-mcu/reports/m3/arch_seq/xtinyhar_student_conv2d_relu/e03/m3_experiment_master.csv
m3_master_md: /shared/b00090279/TinyML-Course/har-mcu/reports/m3/arch_seq/xtinyhar_student_conv2d_relu/e03/m3_experiment_master.md
========== M3 sequential xtinyhar_student_conv2d_relu: configs/m3/E04_wisdm_to_g_arduino_g.yaml ==========
status: valid
experiment_id: E04_wisdm_to_g_arduino_g
model_variant: xtinyhar_student_conv2d_relu
data_source: wisdm_arduino
train_domain: wisdm
eval_domain: arduino
transfer_mode: zero_shot
split_protocols: random_stratified
window_size_samples: 100
window_duration_seconds: 5.0
sample_rate_hz: 20.0
target_sample_rate_hz: 20.0
unit_mode: wisdm_to_g
normalization_mode: train_zscore
diagnostic_only: False
enabled: True
tooling_only: False
2026-05-01 18:57:44.825061: E tensorflow/compiler/xla/stream_executor/cuda/cuda_dnn.cc:9342] Unable to register cuDNN factory: Attempting to register factory for plugin cuDNN when one has already been registered
2026-05-01 18:57:44.825110: E tensorflow/compiler/xla/stream_executor/cuda/cuda_fft.cc:609] Unable to register cuFFT factory: Attempting to register factory for plugin cuFFT when one has already been registered
2026-05-01 18:57:44.825156: E tensorflow/compiler/xla/stream_executor/cuda/cuda_blas.cc:1518] Unable to register cuBLAS factory: Attempting to register factory for plugin cuBLAS when one has already been registered
2026-05-01 18:57:44.833585: I tensorflow/core/platform/cpu_feature_guard.cc:182] This TensorFlow binary is optimized to use available CPU instructions in performance-critical operations.
To enable the following instructions: AVX2 FMA, in other operations, rebuild TensorFlow with the appropriate compiler flags.
2026-05-01 18:57:56.171875: I tensorflow/compiler/xla/stream_executor/cuda/cuda_gpu_executor.cc:894] successful NUMA node read from SysFS had negative value (-1), but there must be at least one NUMA node, so returning NUMA node zero. See more at https://github.com/torvalds/linux/blob/v6.0/Documentation/ABI/testing/sysfs-bus-pci#L344-L355
2026-05-01 18:57:56.253574: I tensorflow/compiler/xla/stream_executor/cuda/cuda_gpu_executor.cc:894] successful NUMA node read from SysFS had negative value (-1), but there must be at least one NUMA node, so returning NUMA node zero. See more at https://github.com/torvalds/linux/blob/v6.0/Documentation/ABI/testing/sysfs-bus-pci#L344-L355
2026-05-01 18:57:56.256715: I tensorflow/compiler/xla/stream_executor/cuda/cuda_gpu_executor.cc:894] successful NUMA node read from SysFS had negative value (-1), but there must be at least one NUMA node, so returning NUMA node zero. See more at https://github.com/torvalds/linux/blob/v6.0/Documentation/ABI/testing/sysfs-bus-pci#L344-L355
2026-05-01 18:57:59.401965: I tensorflow/compiler/xla/stream_executor/cuda/cuda_gpu_executor.cc:894] successful NUMA node read from SysFS had negative value (-1), but there must be at least one NUMA node, so returning NUMA node zero. See more at https://github.com/torvalds/linux/blob/v6.0/Documentation/ABI/testing/sysfs-bus-pci#L344-L355
2026-05-01 18:57:59.405163: I tensorflow/compiler/xla/stream_executor/cuda/cuda_gpu_executor.cc:894] successful NUMA node read from SysFS had negative value (-1), but there must be at least one NUMA node, so returning NUMA node zero. See more at https://github.com/torvalds/linux/blob/v6.0/Documentation/ABI/testing/sysfs-bus-pci#L344-L355
2026-05-01 18:57:59.408090: I tensorflow/compiler/xla/stream_executor/cuda/cuda_gpu_executor.cc:894] successful NUMA node read from SysFS had negative value (-1), but there must be at least one NUMA node, so returning NUMA node zero. See more at https://github.com/torvalds/linux/blob/v6.0/Documentation/ABI/testing/sysfs-bus-pci#L344-L355
2026-05-01 18:57:59.535791: I tensorflow/compiler/xla/stream_executor/cuda/cuda_gpu_executor.cc:894] successful NUMA node read from SysFS had negative value (-1), but there must be at least one NUMA node, so returning NUMA node zero. See more at https://github.com/torvalds/linux/blob/v6.0/Documentation/ABI/testing/sysfs-bus-pci#L344-L355
2026-05-01 18:57:59.537760: I tensorflow/compiler/xla/stream_executor/cuda/cuda_gpu_executor.cc:894] successful NUMA node read from SysFS had negative value (-1), but there must be at least one NUMA node, so returning NUMA node zero. See more at https://github.com/torvalds/linux/blob/v6.0/Documentation/ABI/testing/sysfs-bus-pci#L344-L355
2026-05-01 18:57:59.539574: I tensorflow/compiler/xla/stream_executor/cuda/cuda_gpu_executor.cc:894] successful NUMA node read from SysFS had negative value (-1), but there must be at least one NUMA node, so returning NUMA node zero. See more at https://github.com/torvalds/linux/blob/v6.0/Documentation/ABI/testing/sysfs-bus-pci#L344-L355
2026-05-01 18:57:59.541480: I tensorflow/core/common_runtime/gpu/gpu_device.cc:1886] Created device /job:localhost/replica:0/task:0/device:GPU:0 with 20665 MB memory:  -> device: 0, name: NVIDIA A10G, pci bus id: 0000:00:1e.0, compute capability: 8.6
Epoch 1/50
2026-05-01 18:58:03.263704: I tensorflow/compiler/xla/stream_executor/cuda/cuda_dnn.cc:442] Loaded cuDNN version 8700
2026-05-01 18:58:04.737504: I tensorflow/compiler/xla/service/service.cc:168] XLA service 0x7bd7588f35d0 initialized for platform CUDA (this does not guarantee that XLA will be used). Devices:
2026-05-01 18:58:04.737535: I tensorflow/compiler/xla/service/service.cc:176]   StreamExecutor device (0): NVIDIA A10G, Compute Capability 8.6
2026-05-01 18:58:04.742680: I tensorflow/compiler/mlir/tensorflow/utils/dump_mlir_util.cc:269] disabling MLIR crash reproducer, set env var `MLIR_CRASH_REPRODUCER_DIRECTORY` to enable.
2026-05-01 18:58:04.822683: I ./tensorflow/compiler/jit/device_compiler.h:186] Compiled cluster using XLA!  This line is logged at most once for the lifetime of the process.
174/174 - 9s - loss: 0.6400 - accuracy: 0.7840 - val_loss: 0.4618 - val_accuracy: 0.8346 - lr: 0.0010 - 9s/epoch - 52ms/step
Epoch 2/50
174/174 - 2s - loss: 0.3973 - accuracy: 0.8567 - val_loss: 0.3524 - val_accuracy: 0.8778 - lr: 0.0010 - 2s/epoch - 11ms/step
Epoch 3/50
174/174 - 2s - loss: 0.3133 - accuracy: 0.8896 - val_loss: 0.3292 - val_accuracy: 0.8861 - lr: 0.0010 - 2s/epoch - 11ms/step
Epoch 4/50
174/174 - 2s - loss: 0.2691 - accuracy: 0.9048 - val_loss: 0.2986 - val_accuracy: 0.8951 - lr: 0.0010 - 2s/epoch - 11ms/step
Epoch 5/50
174/174 - 2s - loss: 0.2253 - accuracy: 0.9224 - val_loss: 0.2697 - val_accuracy: 0.9092 - lr: 0.0010 - 2s/epoch - 12ms/step
Epoch 6/50
174/174 - 2s - loss: 0.2059 - accuracy: 0.9261 - val_loss: 0.3493 - val_accuracy: 0.8930 - lr: 0.0010 - 2s/epoch - 11ms/step
Epoch 7/50
174/174 - 2s - loss: 0.1852 - accuracy: 0.9350 - val_loss: 0.2678 - val_accuracy: 0.9160 - lr: 0.0010 - 2s/epoch - 11ms/step
Epoch 8/50
174/174 - 2s - loss: 0.1604 - accuracy: 0.9432 - val_loss: 0.2509 - val_accuracy: 0.9218 - lr: 0.0010 - 2s/epoch - 11ms/step
Epoch 9/50
174/174 - 2s - loss: 0.1539 - accuracy: 0.9439 - val_loss: 0.2564 - val_accuracy: 0.9182 - lr: 0.0010 - 2s/epoch - 11ms/step
Epoch 10/50
174/174 - 2s - loss: 0.1458 - accuracy: 0.9490 - val_loss: 0.2546 - val_accuracy: 0.9164 - lr: 0.0010 - 2s/epoch - 11ms/step
Epoch 11/50
174/174 - 2s - loss: 0.1315 - accuracy: 0.9517 - val_loss: 0.2306 - val_accuracy: 0.9261 - lr: 0.0010 - 2s/epoch - 11ms/step
Epoch 12/50
174/174 - 2s - loss: 0.1145 - accuracy: 0.9584 - val_loss: 0.2442 - val_accuracy: 0.9290 - lr: 0.0010 - 2s/epoch - 11ms/step
Epoch 13/50
174/174 - 2s - loss: 0.1194 - accuracy: 0.9595 - val_loss: 0.2813 - val_accuracy: 0.9207 - lr: 0.0010 - 2s/epoch - 11ms/step
Epoch 14/50
174/174 - 2s - loss: 0.0936 - accuracy: 0.9682 - val_loss: 0.2861 - val_accuracy: 0.9243 - lr: 0.0010 - 2s/epoch - 11ms/step
Epoch 15/50
174/174 - 2s - loss: 0.0960 - accuracy: 0.9656 - val_loss: 0.2560 - val_accuracy: 0.9243 - lr: 0.0010 - 2s/epoch - 11ms/step
Epoch 16/50

Epoch 16: ReduceLROnPlateau reducing learning rate to 0.0005000000237487257.
174/174 - 2s - loss: 0.0931 - accuracy: 0.9676 - val_loss: 0.2403 - val_accuracy: 0.9250 - lr: 0.0010 - 2s/epoch - 11ms/step
Epoch 17/50
174/174 - 2s - loss: 0.0567 - accuracy: 0.9809 - val_loss: 0.2305 - val_accuracy: 0.9380 - lr: 5.0000e-04 - 2s/epoch - 11ms/step
Epoch 18/50
174/174 - 2s - loss: 0.0393 - accuracy: 0.9875 - val_loss: 0.2531 - val_accuracy: 0.9362 - lr: 5.0000e-04 - 2s/epoch - 11ms/step
Epoch 19/50
174/174 - 2s - loss: 0.0345 - accuracy: 0.9894 - val_loss: 0.2545 - val_accuracy: 0.9380 - lr: 5.0000e-04 - 2s/epoch - 11ms/step
Epoch 20/50
174/174 - 2s - loss: 0.0369 - accuracy: 0.9880 - val_loss: 0.2530 - val_accuracy: 0.9423 - lr: 5.0000e-04 - 2s/epoch - 11ms/step
Epoch 21/50
174/174 - 2s - loss: 0.0284 - accuracy: 0.9908 - val_loss: 0.2677 - val_accuracy: 0.9391 - lr: 5.0000e-04 - 2s/epoch - 11ms/step
Epoch 22/50

Epoch 22: ReduceLROnPlateau reducing learning rate to 0.0002500000118743628.
174/174 - 2s - loss: 0.0303 - accuracy: 0.9895 - val_loss: 0.2696 - val_accuracy: 0.9391 - lr: 5.0000e-04 - 2s/epoch - 11ms/step
Epoch 23/50
174/174 - 2s - loss: 0.0200 - accuracy: 0.9944 - val_loss: 0.2273 - val_accuracy: 0.9456 - lr: 2.5000e-04 - 2s/epoch - 11ms/step
Epoch 24/50
174/174 - 2s - loss: 0.0168 - accuracy: 0.9947 - val_loss: 0.2383 - val_accuracy: 0.9463 - lr: 2.5000e-04 - 2s/epoch - 11ms/step
Epoch 25/50
174/174 - 2s - loss: 0.0168 - accuracy: 0.9945 - val_loss: 0.2555 - val_accuracy: 0.9467 - lr: 2.5000e-04 - 2s/epoch - 11ms/step
Epoch 26/50
174/174 - 2s - loss: 0.0136 - accuracy: 0.9959 - val_loss: 0.2573 - val_accuracy: 0.9470 - lr: 2.5000e-04 - 2s/epoch - 11ms/step
Epoch 27/50
174/174 - 2s - loss: 0.0146 - accuracy: 0.9957 - val_loss: 0.2541 - val_accuracy: 0.9485 - lr: 2.5000e-04 - 2s/epoch - 11ms/step
Epoch 28/50

Epoch 28: ReduceLROnPlateau reducing learning rate to 0.0001250000059371814.
174/174 - 2s - loss: 0.0104 - accuracy: 0.9975 - val_loss: 0.2568 - val_accuracy: 0.9495 - lr: 2.5000e-04 - 2s/epoch - 11ms/step
Epoch 29/50
174/174 - 2s - loss: 0.0116 - accuracy: 0.9962 - val_loss: 0.2496 - val_accuracy: 0.9492 - lr: 1.2500e-04 - 2s/epoch - 11ms/step
Epoch 30/50
174/174 - 2s - loss: 0.0081 - accuracy: 0.9974 - val_loss: 0.2643 - val_accuracy: 0.9463 - lr: 1.2500e-04 - 2s/epoch - 11ms/step
Epoch 31/50
174/174 - 2s - loss: 0.0076 - accuracy: 0.9981 - val_loss: 0.2507 - val_accuracy: 0.9492 - lr: 1.2500e-04 - 2s/epoch - 11ms/step
Epoch 32/50
174/174 - 2s - loss: 0.0084 - accuracy: 0.9973 - val_loss: 0.2526 - val_accuracy: 0.9521 - lr: 1.2500e-04 - 2s/epoch - 11ms/step
Epoch 33/50

Epoch 33: ReduceLROnPlateau reducing learning rate to 6.25000029685907e-05.
Restoring model weights from the end of the best epoch: 23.
174/174 - 2s - loss: 0.0062 - accuracy: 0.9986 - val_loss: 0.2645 - val_accuracy: 0.9470 - lr: 1.2500e-04 - 2s/epoch - 11ms/step
Epoch 33: early stopping
2026-05-01 18:59:15.379723: W tensorflow/compiler/mlir/lite/python/tf_tfl_flatbuffer_helpers.cc:378] Ignored output_format.
2026-05-01 18:59:15.379758: W tensorflow/compiler/mlir/lite/python/tf_tfl_flatbuffer_helpers.cc:381] Ignored drop_control_dependency.
2026-05-01 18:59:15.380084: I tensorflow/cc/saved_model/reader.cc:83] Reading SavedModel from: /tmp/b00090279/tmpr5a6ppuf
2026-05-01 18:59:15.385072: I tensorflow/cc/saved_model/reader.cc:51] Reading meta graph with tags { serve }
2026-05-01 18:59:15.385087: I tensorflow/cc/saved_model/reader.cc:146] Reading SavedModel debug info (if present) from: /tmp/b00090279/tmpr5a6ppuf
2026-05-01 18:59:15.394964: I tensorflow/compiler/mlir/mlir_graph_optimization_pass.cc:382] MLIR V1 optimization pass is not enabled
2026-05-01 18:59:15.398104: I tensorflow/cc/saved_model/loader.cc:233] Restoring SavedModel bundle.
2026-05-01 18:59:15.465073: I tensorflow/cc/saved_model/loader.cc:217] Running initialization op on SavedModel bundle at path: /tmp/b00090279/tmpr5a6ppuf
2026-05-01 18:59:15.493857: I tensorflow/cc/saved_model/loader.cc:316] SavedModel load for tags { serve }; Status: success: OK. Took 113772 microseconds.
2026-05-01 18:59:15.655202: I tensorflow/compiler/mlir/lite/flatbuffer_export.cc:2245] Estimated count of arithmetic ops: 2.741 M  ops, equivalently 1.371 M  MACs
/shared/b00090279/tinymlproj/lib/python3.10/site-packages/tensorflow/lite/python/convert.py:947: UserWarning: Statistics for quantized inputs were expected, but not specified; continuing anyway.
  warnings.warn(
2026-05-01 18:59:21.055453: W tensorflow/compiler/mlir/lite/python/tf_tfl_flatbuffer_helpers.cc:378] Ignored output_format.
2026-05-01 18:59:21.055475: W tensorflow/compiler/mlir/lite/python/tf_tfl_flatbuffer_helpers.cc:381] Ignored drop_control_dependency.
2026-05-01 18:59:21.055682: I tensorflow/cc/saved_model/reader.cc:83] Reading SavedModel from: /tmp/b00090279/tmp1eotkenw
2026-05-01 18:59:21.060406: I tensorflow/cc/saved_model/reader.cc:51] Reading meta graph with tags { serve }
2026-05-01 18:59:21.060421: I tensorflow/cc/saved_model/reader.cc:146] Reading SavedModel debug info (if present) from: /tmp/b00090279/tmp1eotkenw
2026-05-01 18:59:21.074493: I tensorflow/cc/saved_model/loader.cc:233] Restoring SavedModel bundle.
2026-05-01 18:59:21.137055: I tensorflow/cc/saved_model/loader.cc:217] Running initialization op on SavedModel bundle at path: /tmp/b00090279/tmp1eotkenw
2026-05-01 18:59:21.164518: I tensorflow/cc/saved_model/loader.cc:316] SavedModel load for tags { serve }; Status: success: OK. Took 108836 microseconds.
2026-05-01 18:59:21.316112: I tensorflow/compiler/mlir/lite/flatbuffer_export.cc:2245] Estimated count of arithmetic ops: 2.741 M  ops, equivalently 1.371 M  MACs
fully_quantize: 0, inference_type: 6, input_inference_type: INT8, output_inference_type: INT8
2026-05-01 18:59:21.489500: I tensorflow/compiler/mlir/lite/flatbuffer_export.cc:2245] Estimated count of arithmetic ops: 2.741 M  ops, equivalently 1.371 M  MACs
Epoch 1/10
174/174 - 7s - loss: 0.0217 - accuracy: 0.9945 - val_loss: 0.2191 - val_accuracy: 0.9474 - 7s/epoch - 40ms/step
Epoch 2/10
174/174 - 2s - loss: 0.0121 - accuracy: 0.9966 - val_loss: 0.2271 - val_accuracy: 0.9474 - 2s/epoch - 14ms/step
Epoch 3/10
174/174 - 2s - loss: 0.0101 - accuracy: 0.9975 - val_loss: 0.2363 - val_accuracy: 0.9452 - 2s/epoch - 14ms/step
Epoch 4/10
174/174 - 2s - loss: 0.0092 - accuracy: 0.9975 - val_loss: 0.2551 - val_accuracy: 0.9470 - 2s/epoch - 14ms/step
Epoch 5/10
174/174 - 2s - loss: 0.0071 - accuracy: 0.9983 - val_loss: 0.2540 - val_accuracy: 0.9456 - 2s/epoch - 14ms/step
Epoch 6/10
174/174 - 2s - loss: 0.0056 - accuracy: 0.9986 - val_loss: 0.2535 - val_accuracy: 0.9485 - 2s/epoch - 14ms/step
Epoch 7/10
174/174 - 2s - loss: 0.0066 - accuracy: 0.9983 - val_loss: 0.2700 - val_accuracy: 0.9459 - 2s/epoch - 14ms/step
Epoch 8/10
174/174 - 2s - loss: 0.0057 - accuracy: 0.9985 - val_loss: 0.2731 - val_accuracy: 0.9463 - 2s/epoch - 14ms/step
Epoch 9/10
174/174 - 2s - loss: 0.0044 - accuracy: 0.9992 - val_loss: 0.2900 - val_accuracy: 0.9467 - 2s/epoch - 14ms/step
Epoch 10/10
174/174 - 2s - loss: 0.0053 - accuracy: 0.9986 - val_loss: 0.2671 - val_accuracy: 0.9481 - 2s/epoch - 14ms/step
/shared/b00090279/tinymlproj/lib/python3.10/site-packages/tensorflow/lite/python/convert.py:947: UserWarning: Statistics for quantized inputs were expected, but not specified; continuing anyway.
  warnings.warn(
2026-05-01 18:59:59.021022: W tensorflow/compiler/mlir/lite/python/tf_tfl_flatbuffer_helpers.cc:378] Ignored output_format.
2026-05-01 18:59:59.021050: W tensorflow/compiler/mlir/lite/python/tf_tfl_flatbuffer_helpers.cc:381] Ignored drop_control_dependency.
2026-05-01 18:59:59.021262: I tensorflow/cc/saved_model/reader.cc:83] Reading SavedModel from: /tmp/b00090279/tmpf_a16pdi
2026-05-01 18:59:59.028334: I tensorflow/cc/saved_model/reader.cc:51] Reading meta graph with tags { serve }
2026-05-01 18:59:59.028351: I tensorflow/cc/saved_model/reader.cc:146] Reading SavedModel debug info (if present) from: /tmp/b00090279/tmpf_a16pdi
2026-05-01 18:59:59.047608: I tensorflow/cc/saved_model/loader.cc:233] Restoring SavedModel bundle.
2026-05-01 18:59:59.177351: I tensorflow/cc/saved_model/loader.cc:217] Running initialization op on SavedModel bundle at path: /tmp/b00090279/tmpf_a16pdi
2026-05-01 18:59:59.221495: I tensorflow/cc/saved_model/loader.cc:316] SavedModel load for tags { serve }; Status: success: OK. Took 200232 microseconds.
2026-05-01 18:59:59.439367: I tensorflow/compiler/mlir/lite/flatbuffer_export.cc:2245] Estimated count of arithmetic ops: 2.741 M  ops, equivalently 1.371 M  MACs
fully_quantize: 0, inference_type: 6, input_inference_type: INT8, output_inference_type: INT8
2026-05-01 18:59:59.620294: I tensorflow/compiler/mlir/lite/flatbuffer_export.cc:2245] Estimated count of arithmetic ops: 2.741 M  ops, equivalently 1.371 M  MACs
rows: 1
master_csv: /shared/b00090279/TinyML-Course/har-mcu/reports/m3/arch_seq/xtinyhar_student_conv2d_relu/e04/results_master.csv
master_md: /shared/b00090279/TinyML-Course/har-mcu/reports/m3/arch_seq/xtinyhar_student_conv2d_relu/e04/results_master.md
m3_master_csv: /shared/b00090279/TinyML-Course/har-mcu/reports/m3/arch_seq/xtinyhar_student_conv2d_relu/e04/m3_experiment_master.csv
m3_master_md: /shared/b00090279/TinyML-Course/har-mcu/reports/m3/arch_seq/xtinyhar_student_conv2d_relu/e04/m3_experiment_master.md
========== M3 sequential xtinyhar_student_conv2d_relu: configs/m3/E05_legacy_arduino_to_mps2.yaml ==========
status: valid
experiment_id: E05_legacy_arduino_to_mps2
model_variant: xtinyhar_student_conv2d_relu
data_source: wisdm_arduino
train_domain: wisdm
eval_domain: arduino
transfer_mode: zero_shot
split_protocols: random_stratified
window_size_samples: 100
window_duration_seconds: 5.0
sample_rate_hz: 20.0
target_sample_rate_hz: 20.0
unit_mode: arduino_to_mps2_legacy
normalization_mode: train_zscore
diagnostic_only: False
enabled: True
tooling_only: False
2026-05-01 19:00:03.711662: E tensorflow/compiler/xla/stream_executor/cuda/cuda_dnn.cc:9342] Unable to register cuDNN factory: Attempting to register factory for plugin cuDNN when one has already been registered
2026-05-01 19:00:03.711704: E tensorflow/compiler/xla/stream_executor/cuda/cuda_fft.cc:609] Unable to register cuFFT factory: Attempting to register factory for plugin cuFFT when one has already been registered
2026-05-01 19:00:03.711738: E tensorflow/compiler/xla/stream_executor/cuda/cuda_blas.cc:1518] Unable to register cuBLAS factory: Attempting to register factory for plugin cuBLAS when one has already been registered
2026-05-01 19:00:03.720298: I tensorflow/core/platform/cpu_feature_guard.cc:182] This TensorFlow binary is optimized to use available CPU instructions in performance-critical operations.
To enable the following instructions: AVX2 FMA, in other operations, rebuild TensorFlow with the appropriate compiler flags.
2026-05-01 19:00:15.194000: I tensorflow/compiler/xla/stream_executor/cuda/cuda_gpu_executor.cc:894] successful NUMA node read from SysFS had negative value (-1), but there must be at least one NUMA node, so returning NUMA node zero. See more at https://github.com/torvalds/linux/blob/v6.0/Documentation/ABI/testing/sysfs-bus-pci#L344-L355
2026-05-01 19:00:15.277049: I tensorflow/compiler/xla/stream_executor/cuda/cuda_gpu_executor.cc:894] successful NUMA node read from SysFS had negative value (-1), but there must be at least one NUMA node, so returning NUMA node zero. See more at https://github.com/torvalds/linux/blob/v6.0/Documentation/ABI/testing/sysfs-bus-pci#L344-L355
2026-05-01 19:00:15.280164: I tensorflow/compiler/xla/stream_executor/cuda/cuda_gpu_executor.cc:894] successful NUMA node read from SysFS had negative value (-1), but there must be at least one NUMA node, so returning NUMA node zero. See more at https://github.com/torvalds/linux/blob/v6.0/Documentation/ABI/testing/sysfs-bus-pci#L344-L355
2026-05-01 19:00:18.454245: I tensorflow/compiler/xla/stream_executor/cuda/cuda_gpu_executor.cc:894] successful NUMA node read from SysFS had negative value (-1), but there must be at least one NUMA node, so returning NUMA node zero. See more at https://github.com/torvalds/linux/blob/v6.0/Documentation/ABI/testing/sysfs-bus-pci#L344-L355
2026-05-01 19:00:18.457516: I tensorflow/compiler/xla/stream_executor/cuda/cuda_gpu_executor.cc:894] successful NUMA node read from SysFS had negative value (-1), but there must be at least one NUMA node, so returning NUMA node zero. See more at https://github.com/torvalds/linux/blob/v6.0/Documentation/ABI/testing/sysfs-bus-pci#L344-L355
2026-05-01 19:00:18.460632: I tensorflow/compiler/xla/stream_executor/cuda/cuda_gpu_executor.cc:894] successful NUMA node read from SysFS had negative value (-1), but there must be at least one NUMA node, so returning NUMA node zero. See more at https://github.com/torvalds/linux/blob/v6.0/Documentation/ABI/testing/sysfs-bus-pci#L344-L355
2026-05-01 19:00:18.593025: I tensorflow/compiler/xla/stream_executor/cuda/cuda_gpu_executor.cc:894] successful NUMA node read from SysFS had negative value (-1), but there must be at least one NUMA node, so returning NUMA node zero. See more at https://github.com/torvalds/linux/blob/v6.0/Documentation/ABI/testing/sysfs-bus-pci#L344-L355
2026-05-01 19:00:18.594964: I tensorflow/compiler/xla/stream_executor/cuda/cuda_gpu_executor.cc:894] successful NUMA node read from SysFS had negative value (-1), but there must be at least one NUMA node, so returning NUMA node zero. See more at https://github.com/torvalds/linux/blob/v6.0/Documentation/ABI/testing/sysfs-bus-pci#L344-L355
2026-05-01 19:00:18.596825: I tensorflow/compiler/xla/stream_executor/cuda/cuda_gpu_executor.cc:894] successful NUMA node read from SysFS had negative value (-1), but there must be at least one NUMA node, so returning NUMA node zero. See more at https://github.com/torvalds/linux/blob/v6.0/Documentation/ABI/testing/sysfs-bus-pci#L344-L355
2026-05-01 19:00:18.598762: I tensorflow/core/common_runtime/gpu/gpu_device.cc:1886] Created device /job:localhost/replica:0/task:0/device:GPU:0 with 20665 MB memory:  -> device: 0, name: NVIDIA A10G, pci bus id: 0000:00:1e.0, compute capability: 8.6
Epoch 1/50
2026-05-01 19:00:22.287541: I tensorflow/compiler/xla/stream_executor/cuda/cuda_dnn.cc:442] Loaded cuDNN version 8700
2026-05-01 19:00:23.760726: I tensorflow/compiler/xla/service/service.cc:168] XLA service 0x7c2b1c8e7bb0 initialized for platform CUDA (this does not guarantee that XLA will be used). Devices:
2026-05-01 19:00:23.760756: I tensorflow/compiler/xla/service/service.cc:176]   StreamExecutor device (0): NVIDIA A10G, Compute Capability 8.6
2026-05-01 19:00:23.766169: I tensorflow/compiler/mlir/tensorflow/utils/dump_mlir_util.cc:269] disabling MLIR crash reproducer, set env var `MLIR_CRASH_REPRODUCER_DIRECTORY` to enable.
2026-05-01 19:00:23.845687: I ./tensorflow/compiler/jit/device_compiler.h:186] Compiled cluster using XLA!  This line is logged at most once for the lifetime of the process.
174/174 - 9s - loss: 0.6416 - accuracy: 0.7832 - val_loss: 0.4785 - val_accuracy: 0.8288 - lr: 0.0010 - 9s/epoch - 51ms/step
Epoch 2/50
174/174 - 2s - loss: 0.3995 - accuracy: 0.8577 - val_loss: 0.3482 - val_accuracy: 0.8768 - lr: 0.0010 - 2s/epoch - 11ms/step
Epoch 3/50
174/174 - 2s - loss: 0.3189 - accuracy: 0.8882 - val_loss: 0.3391 - val_accuracy: 0.8832 - lr: 0.0010 - 2s/epoch - 11ms/step
Epoch 4/50
174/174 - 2s - loss: 0.2721 - accuracy: 0.9033 - val_loss: 0.3060 - val_accuracy: 0.8969 - lr: 0.0010 - 2s/epoch - 11ms/step
Epoch 5/50
174/174 - 2s - loss: 0.2269 - accuracy: 0.9199 - val_loss: 0.2496 - val_accuracy: 0.9135 - lr: 0.0010 - 2s/epoch - 11ms/step
Epoch 6/50
174/174 - 2s - loss: 0.1997 - accuracy: 0.9312 - val_loss: 0.2721 - val_accuracy: 0.9160 - lr: 0.0010 - 2s/epoch - 11ms/step
Epoch 7/50
174/174 - 2s - loss: 0.1846 - accuracy: 0.9349 - val_loss: 0.2595 - val_accuracy: 0.9211 - lr: 0.0010 - 2s/epoch - 11ms/step
Epoch 8/50
174/174 - 2s - loss: 0.1659 - accuracy: 0.9397 - val_loss: 0.2336 - val_accuracy: 0.9301 - lr: 0.0010 - 2s/epoch - 11ms/step
Epoch 9/50
174/174 - 2s - loss: 0.1500 - accuracy: 0.9461 - val_loss: 0.2389 - val_accuracy: 0.9265 - lr: 0.0010 - 2s/epoch - 11ms/step
Epoch 10/50
174/174 - 2s - loss: 0.1448 - accuracy: 0.9520 - val_loss: 0.2322 - val_accuracy: 0.9258 - lr: 0.0010 - 2s/epoch - 11ms/step
Epoch 11/50
174/174 - 2s - loss: 0.1386 - accuracy: 0.9514 - val_loss: 0.2165 - val_accuracy: 0.9355 - lr: 0.0010 - 2s/epoch - 11ms/step
Epoch 12/50
174/174 - 2s - loss: 0.1111 - accuracy: 0.9622 - val_loss: 0.2441 - val_accuracy: 0.9258 - lr: 0.0010 - 2s/epoch - 11ms/step
Epoch 13/50
174/174 - 2s - loss: 0.1082 - accuracy: 0.9626 - val_loss: 0.2767 - val_accuracy: 0.9250 - lr: 0.0010 - 2s/epoch - 11ms/step
Epoch 14/50
174/174 - 2s - loss: 0.1037 - accuracy: 0.9632 - val_loss: 0.2380 - val_accuracy: 0.9330 - lr: 0.0010 - 2s/epoch - 11ms/step
Epoch 15/50
174/174 - 2s - loss: 0.0950 - accuracy: 0.9663 - val_loss: 0.2635 - val_accuracy: 0.9297 - lr: 0.0010 - 2s/epoch - 11ms/step
Epoch 16/50

Epoch 16: ReduceLROnPlateau reducing learning rate to 0.0005000000237487257.
174/174 - 2s - loss: 0.1054 - accuracy: 0.9632 - val_loss: 0.2424 - val_accuracy: 0.9362 - lr: 0.0010 - 2s/epoch - 11ms/step
Epoch 17/50
174/174 - 2s - loss: 0.0570 - accuracy: 0.9812 - val_loss: 0.2000 - val_accuracy: 0.9456 - lr: 5.0000e-04 - 2s/epoch - 11ms/step
Epoch 18/50
174/174 - 2s - loss: 0.0390 - accuracy: 0.9862 - val_loss: 0.2239 - val_accuracy: 0.9445 - lr: 5.0000e-04 - 2s/epoch - 11ms/step
Epoch 19/50
174/174 - 2s - loss: 0.0385 - accuracy: 0.9868 - val_loss: 0.2407 - val_accuracy: 0.9398 - lr: 5.0000e-04 - 2s/epoch - 11ms/step
Epoch 20/50
174/174 - 2s - loss: 0.0337 - accuracy: 0.9883 - val_loss: 0.2321 - val_accuracy: 0.9438 - lr: 5.0000e-04 - 2s/epoch - 11ms/step
Epoch 21/50
174/174 - 2s - loss: 0.0358 - accuracy: 0.9868 - val_loss: 0.2210 - val_accuracy: 0.9481 - lr: 5.0000e-04 - 2s/epoch - 11ms/step
Epoch 22/50

Epoch 22: ReduceLROnPlateau reducing learning rate to 0.0002500000118743628.
174/174 - 2s - loss: 0.0325 - accuracy: 0.9894 - val_loss: 0.2387 - val_accuracy: 0.9459 - lr: 5.0000e-04 - 2s/epoch - 11ms/step
Epoch 23/50
174/174 - 2s - loss: 0.0194 - accuracy: 0.9943 - val_loss: 0.2205 - val_accuracy: 0.9514 - lr: 2.5000e-04 - 2s/epoch - 11ms/step
Epoch 24/50
174/174 - 2s - loss: 0.0148 - accuracy: 0.9960 - val_loss: 0.2216 - val_accuracy: 0.9495 - lr: 2.5000e-04 - 2s/epoch - 11ms/step
Epoch 25/50
174/174 - 2s - loss: 0.0164 - accuracy: 0.9950 - val_loss: 0.2411 - val_accuracy: 0.9485 - lr: 2.5000e-04 - 2s/epoch - 11ms/step
Epoch 26/50
174/174 - 2s - loss: 0.0127 - accuracy: 0.9962 - val_loss: 0.2539 - val_accuracy: 0.9481 - lr: 2.5000e-04 - 2s/epoch - 11ms/step
Epoch 27/50

Epoch 27: ReduceLROnPlateau reducing learning rate to 0.0001250000059371814.
Restoring model weights from the end of the best epoch: 17.
174/174 - 2s - loss: 0.0157 - accuracy: 0.9957 - val_loss: 0.2342 - val_accuracy: 0.9542 - lr: 2.5000e-04 - 2s/epoch - 11ms/step
Epoch 27: early stopping
2026-05-01 19:01:21.697790: W tensorflow/compiler/mlir/lite/python/tf_tfl_flatbuffer_helpers.cc:378] Ignored output_format.
2026-05-01 19:01:21.697820: W tensorflow/compiler/mlir/lite/python/tf_tfl_flatbuffer_helpers.cc:381] Ignored drop_control_dependency.
2026-05-01 19:01:21.698172: I tensorflow/cc/saved_model/reader.cc:83] Reading SavedModel from: /tmp/b00090279/tmpks2um070
2026-05-01 19:01:21.703797: I tensorflow/cc/saved_model/reader.cc:51] Reading meta graph with tags { serve }
2026-05-01 19:01:21.703820: I tensorflow/cc/saved_model/reader.cc:146] Reading SavedModel debug info (if present) from: /tmp/b00090279/tmpks2um070
2026-05-01 19:01:21.714441: I tensorflow/compiler/mlir/mlir_graph_optimization_pass.cc:382] MLIR V1 optimization pass is not enabled
2026-05-01 19:01:21.717501: I tensorflow/cc/saved_model/loader.cc:233] Restoring SavedModel bundle.
2026-05-01 19:01:21.784923: I tensorflow/cc/saved_model/loader.cc:217] Running initialization op on SavedModel bundle at path: /tmp/b00090279/tmpks2um070
2026-05-01 19:01:21.813632: I tensorflow/cc/saved_model/loader.cc:316] SavedModel load for tags { serve }; Status: success: OK. Took 115461 microseconds.
2026-05-01 19:01:21.973705: I tensorflow/compiler/mlir/lite/flatbuffer_export.cc:2245] Estimated count of arithmetic ops: 2.741 M  ops, equivalently 1.371 M  MACs
/shared/b00090279/tinymlproj/lib/python3.10/site-packages/tensorflow/lite/python/convert.py:947: UserWarning: Statistics for quantized inputs were expected, but not specified; continuing anyway.
  warnings.warn(
2026-05-01 19:01:27.353649: W tensorflow/compiler/mlir/lite/python/tf_tfl_flatbuffer_helpers.cc:378] Ignored output_format.
2026-05-01 19:01:27.353673: W tensorflow/compiler/mlir/lite/python/tf_tfl_flatbuffer_helpers.cc:381] Ignored drop_control_dependency.
2026-05-01 19:01:27.353877: I tensorflow/cc/saved_model/reader.cc:83] Reading SavedModel from: /tmp/b00090279/tmpm6xsevkw
2026-05-01 19:01:27.359056: I tensorflow/cc/saved_model/reader.cc:51] Reading meta graph with tags { serve }
2026-05-01 19:01:27.359072: I tensorflow/cc/saved_model/reader.cc:146] Reading SavedModel debug info (if present) from: /tmp/b00090279/tmpm6xsevkw
2026-05-01 19:01:27.372772: I tensorflow/cc/saved_model/loader.cc:233] Restoring SavedModel bundle.
2026-05-01 19:01:27.438322: I tensorflow/cc/saved_model/loader.cc:217] Running initialization op on SavedModel bundle at path: /tmp/b00090279/tmpm6xsevkw
2026-05-01 19:01:27.465955: I tensorflow/cc/saved_model/loader.cc:316] SavedModel load for tags { serve }; Status: success: OK. Took 112077 microseconds.
2026-05-01 19:01:27.622325: I tensorflow/compiler/mlir/lite/flatbuffer_export.cc:2245] Estimated count of arithmetic ops: 2.741 M  ops, equivalently 1.371 M  MACs
